******************************************************************************
            TI ARM Clang Linker PC v4.0.0                      
******************************************************************************
>> Linked Wed Dec 18 14:45:11 2024

OUTPUT FILE NAME:   <TMX_MSPM0G3507_ProjectTemplate.out>
ENTRY POINT SYMBOL: "_c_int00_noargs"  address: 00000d21


MEMORY CONFIGURATION

         name            origin    length      used     unused   attr    fill
----------------------  --------  ---------  --------  --------  ----  --------
  FLASH                 00000000   00020000  00000f58  0001f0a8  R  X
  SRAM                  20200000   00008000  00000204  00007dfc  RW X
  BCR_CONFIG            41c00000   00000080  00000000  00000080  R   
  BSL_CONFIG            41c00100   00000080  00000000  00000080  R   


SEGMENT ALLOCATION MAP

run origin  load origin   length   init length attrs members
----------  ----------- ---------- ----------- ----- -------
00000000    00000000    00000f58   00000f58    r-x
  00000000    00000000    000000c0   000000c0    r-- .intvecs
  000000c0    000000c0    00000e40   00000e40    r-x .text
  00000f00    00000f00    00000040   00000040    r-- .rodata
  00000f40    00000f40    00000018   00000018    r-- .cinit
20200000    20200000    00000004   00000000    rw-
  20200000    20200000    00000004   00000000    rw- .data
20207e00    20207e00    00000200   00000000    rw-
  20207e00    20207e00    00000200   00000000    rw- .stack


SECTION ALLOCATION MAP

 output                                  attributes/
section   page    origin      length       input sections
--------  ----  ----------  ----------   ----------------
.intvecs   0    00000000    000000c0     
                  00000000    000000c0     startup_mspm0g350x_ticlang.o (.intvecs)

.text      0    000000c0    00000e40     
                  000000c0    00000110     driverlib.a : dl_timer.o (.text.DL_Timer_initTwoCCPWMMode)
                  000001d0    000000ec                 : dl_sysctl_mspm0g1x0x_g3x0x.o (.text.DL_SYSCTL_configSYSPLL)
                  000002bc    000000ec                 : dl_timer.o (.text.DL_Timer_initFourCCPWMMode)
                  000003a8    000000d8     libclang_rt.builtins.a : addsf3.S.obj (.text)
                  00000480    0000009a     libc.a : memcpy16.S.obj (.text:memcpy)
                  0000051a    00000002     startup_mspm0g350x_ticlang.o (.text.Default_Handler)
                  0000051c    0000008c     libclang_rt.builtins.a : mulsf3.S.obj (.text.__mulsf3)
                  000005a8    00000082                            : divsf3.S.obj (.text.__divsf3)
                  0000062a    00000002     --HOLE-- [fill = 0]
                  0000062c    0000007c     libc.a : copy_decompress_lzss.c.obj (.text:decompress:lzss)
                  000006a8    00000068     empty.o (.text.main)
                  00000710    00000064     driverlib.a : dl_sysctl_mspm0g1x0x_g3x0x.o (.text.DL_SYSCTL_setHFCLKSourceHFXTParams)
                  00000774    00000064     ti_msp_dl_config.o (.text.SYSCFG_DL_SYSCTL_init)
                  000007d8    00000060     ti_msp_dl_config.o (.text.SYSCFG_DL_UART_0_init)
                  00000838    00000058     ti_msp_dl_config.o (.text.SYSCFG_DL_PWM_SG90_init)
                  00000890    00000050     bsp_sg90.o (.text.Set_Servo_Angle)
                  000008e0    0000004c     driverlib.a : dl_sysctl_mspm0g1x0x_g3x0x.o (.text.DL_SYSCTL_switchMCLKfromSYSOSCtoHSCLK)
                  0000092c    0000004c                 : dl_uart.o (.text.DL_UART_init)
                  00000978    00000044     ti_msp_dl_config.o (.text.SYSCFG_DL_GPIO_init)
                  000009bc    00000040     driverlib.a : dl_timer.o (.text.DL_Timer_setCaptureCompareOutCtl)
                  000009fc    00000040     ti_msp_dl_config.o (.text.SYSCFG_DL_initPower)
                  00000a3c    0000003c     driverlib.a : dl_timer.o (.text.DL_Timer_setCaptureCompareCtl)
                  00000a78    0000003c     libc.a : autoinit.c.obj (.text:__TI_auto_init_nobinit_nopinit)
                  00000ab4    0000003a     libclang_rt.builtins.a : muldsi3.S.obj (.text.__muldsi3)
                  00000aee    00000002     --HOLE-- [fill = 0]
                  00000af0    00000038                            : fixsfsi.S.obj (.text.__fixsfsi)
                  00000b28    00000034     driverlib.a : dl_timer.o (.text.DL_Timer_setCaptCompUpdateMethod)
                  00000b5c    00000034                 : dl_timer.o (.text.DL_Timer_setCaptureCompareAction)
                  00000b90    00000034                 : dl_timer.o (.text.DL_Timer_setCaptureCompareInput)
                  00000bc4    00000034                 : dl_timer.o (.text.DL_Timer_setClockConfig)
                  00000bf8    00000032     libclang_rt.builtins.a : fixunssfsi.S.obj (.text.__fixunssfsi)
                  00000c2a    00000002     --HOLE-- [fill = 0]
                  00000c2c    0000002c     driverlib.a : dl_timer.o (.text.DL_Timer_setCaptureCompareValue)
                  00000c58    00000028                 : dl_sysctl_mspm0g1x0x_g3x0x.o (.text.DL_Common_updateReg)
                  00000c80    00000028                 : dl_timer.o (.text.DL_Common_updateReg)
                  00000ca8    00000028                 : dl_uart.o (.text.DL_Common_updateReg)
                  00000cd0    00000028     ti_msp_dl_config.o (.text.SYSCFG_DL_SYSCTL_CLK_init)
                  00000cf8    00000028     libclang_rt.builtins.a : floatunsisf.S.obj (.text.__floatunsisf)
                  00000d20    00000028     libc.a : boot_cortex_m.c.obj (.text:_c_int00_noargs)
                  00000d48    00000024     driverlib.a : dl_uart.o (.text.DL_UART_setClockConfig)
                  00000d6c    00000020                 : dl_sysctl_mspm0g1x0x_g3x0x.o (.text.DL_CORE_configInstruction)
                  00000d8c    00000020                 : dl_sysctl_mspm0g1x0x_g3x0x.o (.text.DL_SYSCTL_setHFXTFrequencyRange)
                  00000dac    00000020                 : dl_timer.o (.text.DL_Timer_setCounterValueAfterEnable)
                  00000dcc    0000001c     ti_msp_dl_config.o (.text.SYSCFG_DL_init)
                  00000de8    00000018     driverlib.a : dl_sysctl_mspm0g1x0x_g3x0x.o (.text.DL_SYSCTL_setHFXTStartupTime)
                  00000e00    00000018                 : dl_sysctl_mspm0g1x0x_g3x0x.o (.text.DL_SYSCTL_setHSCLKSource)
                  00000e18    00000018                 : dl_timer.o (.text.DL_Timer_setLoadValue)
                  00000e30    00000016                 : dl_uart.o (.text.DL_UART_disable)
                  00000e46    00000014                 : dl_common.o (.text.DL_Common_delayCycles)
                  00000e5a    00000002     --HOLE-- [fill = 0]
                  00000e5c    00000014                 : dl_sysctl_mspm0g1x0x_g3x0x.o (.text.DL_SYSCTL_disableHFCLKStartupMonitor)
                  00000e70    00000014                 : dl_sysctl_mspm0g1x0x_g3x0x.o (.text.DL_SYSCTL_disableSYSPLL)
                  00000e84    00000014                 : dl_sysctl_mspm0g1x0x_g3x0x.o (.text.DL_SYSCTL_enableHFCLKStartupMonitor)
                  00000e98    00000012     libc.a : copy_decompress_none.c.obj (.text:decompress:none)
                  00000eaa    00000002     --HOLE-- [fill = 0]
                  00000eac    00000010     driverlib.a : dl_sysctl_mspm0g1x0x_g3x0x.o (.text.DL_CORE_getInstructionConfig)
                  00000ebc    00000010                 : dl_sysctl_mspm0g1x0x_g3x0x.o (.text.DL_SYSCTL_disableHFXT)
                  00000ecc    00000010     board.o (.text.delay_ms)
                  00000edc    0000000c     driverlib.a : dl_sysctl_mspm0g1x0x_g3x0x.o (.text.DL_SYSCTL_getClockStatus)
                  00000ee8    00000008     libclang_rt.builtins.a : aeabi_memcpy.S.obj (.text.__aeabi_memcpy)
                  00000ef0    00000004     startup_mspm0g350x_ticlang.o (.text.Reset_Handler)
                  00000ef4    00000004     libc.a : pre_init.c.obj (.text._system_pre_init)
                  00000ef8    00000004            : exit.c.obj (.text:abort)
                  00000efc    00000004     --HOLE-- [fill = 0]

.cinit     0    00000f40    00000018     
                  00000f40    00000008     (__TI_handler_table)
                  00000f48    00000007     (.cinit..data.load) [load image, compression = lzss]
                  00000f4f    00000001     --HOLE-- [fill = 0]
                  00000f50    00000008     (__TI_cinit_table)

.rodata    0    00000f00    00000040     
                  00000f00    00000028     ti_msp_dl_config.o (.rodata.gSYSPLLConfig)
                  00000f28    0000000a     ti_msp_dl_config.o (.rodata.gUART_0Config)
                  00000f32    00000002     ti_msp_dl_config.o (.rodata.gUART_0ClockConfig)
                  00000f34    00000008     ti_msp_dl_config.o (.rodata.gPWM_SG90Config)
                  00000f3c    00000003     ti_msp_dl_config.o (.rodata.gPWM_SG90ClockConfig)
                  00000f3f    00000001     --HOLE-- [fill = 0]

.init_array 
*          0    00000000    00000000     UNINITIALIZED

.binit     0    00000000    00000000     

.data      0    20200000    00000004     UNINITIALIZED
                  20200000    00000004     bsp_sg90.o (.data.Servo_Angle)

.stack     0    20207e00    00000200     UNINITIALIZED
                  20207e00    00000004     libc.a : boot_cortex_m.c.obj (.stack)
                  20207e04    000001fc     --HOLE--

__llvm_prf_cnts 
*          0    20200000    00000000     UNINITIALIZED

__llvm_prf_bits 
*          0    20200000    00000000     UNINITIALIZED

MODULE SUMMARY

       Module                         code   ro data   rw data
       ------                         ----   -------   -------
    .\
       ti_msp_dl_config.o             484    63        0      
       startup_mspm0g350x_ticlang.o   6      192       0      
       empty.o                        104    0         0      
    +--+------------------------------+------+---------+---------+
       Total:                         594    255       0      
                                                              
    .\BSP\src\
       bsp_sg90.o                     80     0         4      
    +--+------------------------------+------+---------+---------+
       Total:                         80     0         4      
                                                              
    .\Board\
       board.o                        16     0         0      
    +--+------------------------------+------+---------+---------+
       Total:                         16     0         0      
                                                              
    C:/ti/mspm0_sdk_2_02_00_05/source/ti/driverlib/lib/ticlang/m0p/mspm0g1x0x_g3x0x/driverlib.a
       dl_timer.o                     980    0         0      
       dl_sysctl_mspm0g1x0x_g3x0x.o   668    0         0      
       dl_uart.o                      174    0         0      
       dl_common.o                    20     0         0      
    +--+------------------------------+------+---------+---------+
       Total:                         1842   0         0      
                                                              
    F:\Ti\CCS\ccs\tools\compiler\ti-cgt-armllvm_4.0.0.LTS\lib\armv6m-ti-none-eabi/c/libc.a
       memcpy16.S.obj                 154    0         0      
       copy_decompress_lzss.c.obj     124    0         0      
       autoinit.c.obj                 60     0         0      
       boot_cortex_m.c.obj            40     0         0      
       copy_decompress_none.c.obj     18     0         0      
       exit.c.obj                     4      0         0      
       pre_init.c.obj                 4      0         0      
    +--+------------------------------+------+---------+---------+
       Total:                         404    0         0      
                                                              
    F:\Ti\CCS\ccs\tools\compiler\ti-cgt-armllvm_4.0.0.LTS\lib\armv6m-ti-none-eabi/libclang_rt.builtins.a
       addsf3.S.obj                   216    0         0      
       mulsf3.S.obj                   140    0         0      
       divsf3.S.obj                   130    0         0      
       muldsi3.S.obj                  58     0         0      
       fixsfsi.S.obj                  56     0         0      
       fixunssfsi.S.obj               50     0         0      
       floatunsisf.S.obj              40     0         0      
       aeabi_memcpy.S.obj             8      0         0      
    +--+------------------------------+------+---------+---------+
       Total:                         698    0         0      
                                                              
       Stack:                         0      0         512    
       Linker Generated:              0      23        0      
    +--+------------------------------+------+---------+---------+
       Grand Total:                   3634   278       516    


LINKER GENERATED COPY TABLES

__TI_cinit_table @ 00000f50 records: 1, size/record: 8, table size: 8
	.data: load addr=00000f48, load size=00000007 bytes, run addr=20200000, run size=00000004 bytes, compression=lzss


LINKER GENERATED HANDLER TABLE

__TI_handler_table @ 00000f40 records: 2, size/record: 4, table size: 8
	index: 0, handler: __TI_decompress_lzss
	index: 1, handler: __TI_decompress_none


GLOBAL SYMBOLS: SORTED ALPHABETICALLY BY Name 

address   name                                 
-------   ----                                 
0000051b  ADC0_IRQHandler                      
0000051b  ADC1_IRQHandler                      
0000051b  AES_IRQHandler                       
00000ef8  C$$EXIT                              
0000051b  CANFD0_IRQHandler                    
0000051b  DAC0_IRQHandler                      
00000e47  DL_Common_delayCycles                
000001d1  DL_SYSCTL_configSYSPLL               
00000711  DL_SYSCTL_setHFCLKSourceHFXTParams   
000008e1  DL_SYSCTL_switchMCLKfromSYSOSCtoHSCLK
000002bd  DL_Timer_initFourCCPWMMode           
00000b29  DL_Timer_setCaptCompUpdateMethod     
00000b5d  DL_Timer_setCaptureCompareAction     
00000a3d  DL_Timer_setCaptureCompareCtl        
00000b91  DL_Timer_setCaptureCompareInput      
000009bd  DL_Timer_setCaptureCompareOutCtl     
00000c2d  DL_Timer_setCaptureCompareValue      
00000bc5  DL_Timer_setClockConfig              
0000092d  DL_UART_init                         
00000d49  DL_UART_setClockConfig               
0000051b  DMA_IRQHandler                       
0000051b  Default_Handler                      
0000051b  GROUP0_IRQHandler                    
0000051b  GROUP1_IRQHandler                    
0000051b  HardFault_Handler                    
0000051b  I2C0_IRQHandler                      
0000051b  I2C1_IRQHandler                      
0000051b  NMI_Handler                          
0000051b  PendSV_Handler                       
0000051b  RTC_IRQHandler                       
00000ef1  Reset_Handler                        
0000051b  SPI0_IRQHandler                      
0000051b  SPI1_IRQHandler                      
0000051b  SVC_Handler                          
00000979  SYSCFG_DL_GPIO_init                  
00000839  SYSCFG_DL_PWM_SG90_init              
00000cd1  SYSCFG_DL_SYSCTL_CLK_init            
00000775  SYSCFG_DL_SYSCTL_init                
000007d9  SYSCFG_DL_UART_0_init                
00000dcd  SYSCFG_DL_init                       
000009fd  SYSCFG_DL_initPower                  
20200000  Servo_Angle                          
00000891  Set_Servo_Angle                      
0000051b  SysTick_Handler                      
0000051b  TIMA0_IRQHandler                     
0000051b  TIMA1_IRQHandler                     
0000051b  TIMG0_IRQHandler                     
0000051b  TIMG12_IRQHandler                    
0000051b  TIMG6_IRQHandler                     
0000051b  TIMG7_IRQHandler                     
0000051b  TIMG8_IRQHandler                     
0000051b  UART0_IRQHandler                     
0000051b  UART1_IRQHandler                     
0000051b  UART2_IRQHandler                     
0000051b  UART3_IRQHandler                     
20208000  __STACK_END                          
00000200  __STACK_SIZE                         
00000000  __TI_ATRegion0_region_sz             
00000000  __TI_ATRegion0_src_addr              
00000000  __TI_ATRegion0_trg_addr              
00000000  __TI_ATRegion1_region_sz             
00000000  __TI_ATRegion1_src_addr              
00000000  __TI_ATRegion1_trg_addr              
00000000  __TI_ATRegion2_region_sz             
00000000  __TI_ATRegion2_src_addr              
00000000  __TI_ATRegion2_trg_addr              
00000f50  __TI_CINIT_Base                      
00000f58  __TI_CINIT_Limit                     
00000f58  __TI_CINIT_Warm                      
00000f40  __TI_Handler_Table_Base              
00000f48  __TI_Handler_Table_Limit             
00000a79  __TI_auto_init_nobinit_nopinit       
0000062d  __TI_decompress_lzss                 
00000e99  __TI_decompress_none                 
ffffffff  __TI_pprof_out_hndl                  
ffffffff  __TI_prof_data_size                  
ffffffff  __TI_prof_data_start                 
00000000  __TI_static_base__                   
000003b3  __addsf3                             
00000af1  __aeabi_f2iz                         
00000bf9  __aeabi_f2uiz                        
000003b3  __aeabi_fadd                         
000005a9  __aeabi_fdiv                         
0000051d  __aeabi_fmul                         
000003a9  __aeabi_fsub                         
00000ee9  __aeabi_memcpy                       
00000ee9  __aeabi_memcpy4                      
00000ee9  __aeabi_memcpy8                      
00000cf9  __aeabi_ui2f                         
ffffffff  __binit__                            
000005a9  __divsf3                             
00000af1  __fixsfsi                            
00000bf9  __fixunssfsi                         
00000cf9  __floatunsisf                        
UNDEFED   __mpu_init                           
00000ab5  __muldsi3                            
0000051d  __mulsf3                             
20207e00  __stack                              
20200000  __start___llvm_prf_bits              
20200000  __start___llvm_prf_cnts              
20200000  __stop___llvm_prf_bits               
20200000  __stop___llvm_prf_cnts               
000003a9  __subsf3                             
00000d21  _c_int00_noargs                      
UNDEFED   _system_post_cinit                   
00000ef5  _system_pre_init                     
00000ef9  abort                                
ffffffff  binit                                
00000ecd  delay_ms                             
00000000  interruptVectors                     
000006a9  main                                 
00000481  memcpy                               


GLOBAL SYMBOLS: SORTED BY Symbol Address 

address   name                                 
-------   ----                                 
00000000  __TI_ATRegion0_region_sz             
00000000  __TI_ATRegion0_src_addr              
00000000  __TI_ATRegion0_trg_addr              
00000000  __TI_ATRegion1_region_sz             
00000000  __TI_ATRegion1_src_addr              
00000000  __TI_ATRegion1_trg_addr              
00000000  __TI_ATRegion2_region_sz             
00000000  __TI_ATRegion2_src_addr              
00000000  __TI_ATRegion2_trg_addr              
00000000  __TI_static_base__                   
00000000  interruptVectors                     
000001d1  DL_SYSCTL_configSYSPLL               
00000200  __STACK_SIZE                         
000002bd  DL_Timer_initFourCCPWMMode           
000003a9  __aeabi_fsub                         
000003a9  __subsf3                             
000003b3  __addsf3                             
000003b3  __aeabi_fadd                         
00000481  memcpy                               
0000051b  ADC0_IRQHandler                      
0000051b  ADC1_IRQHandler                      
0000051b  AES_IRQHandler                       
0000051b  CANFD0_IRQHandler                    
0000051b  DAC0_IRQHandler                      
0000051b  DMA_IRQHandler                       
0000051b  Default_Handler                      
0000051b  GROUP0_IRQHandler                    
0000051b  GROUP1_IRQHandler                    
0000051b  HardFault_Handler                    
0000051b  I2C0_IRQHandler                      
0000051b  I2C1_IRQHandler                      
0000051b  NMI_Handler                          
0000051b  PendSV_Handler                       
0000051b  RTC_IRQHandler                       
0000051b  SPI0_IRQHandler                      
0000051b  SPI1_IRQHandler                      
0000051b  SVC_Handler                          
0000051b  SysTick_Handler                      
0000051b  TIMA0_IRQHandler                     
0000051b  TIMA1_IRQHandler                     
0000051b  TIMG0_IRQHandler                     
0000051b  TIMG12_IRQHandler                    
0000051b  TIMG6_IRQHandler                     
0000051b  TIMG7_IRQHandler                     
0000051b  TIMG8_IRQHandler                     
0000051b  UART0_IRQHandler                     
0000051b  UART1_IRQHandler                     
0000051b  UART2_IRQHandler                     
0000051b  UART3_IRQHandler                     
0000051d  __aeabi_fmul                         
0000051d  __mulsf3                             
000005a9  __aeabi_fdiv                         
000005a9  __divsf3                             
0000062d  __TI_decompress_lzss                 
000006a9  main                                 
00000711  DL_SYSCTL_setHFCLKSourceHFXTParams   
00000775  SYSCFG_DL_SYSCTL_init                
000007d9  SYSCFG_DL_UART_0_init                
00000839  SYSCFG_DL_PWM_SG90_init              
00000891  Set_Servo_Angle                      
000008e1  DL_SYSCTL_switchMCLKfromSYSOSCtoHSCLK
0000092d  DL_UART_init                         
00000979  SYSCFG_DL_GPIO_init                  
000009bd  DL_Timer_setCaptureCompareOutCtl     
000009fd  SYSCFG_DL_initPower                  
00000a3d  DL_Timer_setCaptureCompareCtl        
00000a79  __TI_auto_init_nobinit_nopinit       
00000ab5  __muldsi3                            
00000af1  __aeabi_f2iz                         
00000af1  __fixsfsi                            
00000b29  DL_Timer_setCaptCompUpdateMethod     
00000b5d  DL_Timer_setCaptureCompareAction     
00000b91  DL_Timer_setCaptureCompareInput      
00000bc5  DL_Timer_setClockConfig              
00000bf9  __aeabi_f2uiz                        
00000bf9  __fixunssfsi                         
00000c2d  DL_Timer_setCaptureCompareValue      
00000cd1  SYSCFG_DL_SYSCTL_CLK_init            
00000cf9  __aeabi_ui2f                         
00000cf9  __floatunsisf                        
00000d21  _c_int00_noargs                      
00000d49  DL_UART_setClockConfig               
00000dcd  SYSCFG_DL_init                       
00000e47  DL_Common_delayCycles                
00000e99  __TI_decompress_none                 
00000ecd  delay_ms                             
00000ee9  __aeabi_memcpy                       
00000ee9  __aeabi_memcpy4                      
00000ee9  __aeabi_memcpy8                      
00000ef1  Reset_Handler                        
00000ef5  _system_pre_init                     
00000ef8  C$$EXIT                              
00000ef9  abort                                
00000f40  __TI_Handler_Table_Base              
00000f48  __TI_Handler_Table_Limit             
00000f50  __TI_CINIT_Base                      
00000f58  __TI_CINIT_Limit                     
00000f58  __TI_CINIT_Warm                      
20200000  Servo_Angle                          
20200000  __start___llvm_prf_bits              
20200000  __start___llvm_prf_cnts              
20200000  __stop___llvm_prf_bits               
20200000  __stop___llvm_prf_cnts               
20207e00  __stack                              
20208000  __STACK_END                          
ffffffff  __TI_pprof_out_hndl                  
ffffffff  __TI_prof_data_size                  
ffffffff  __TI_prof_data_start                 
ffffffff  __binit__                            
ffffffff  binit                                
UNDEFED   __mpu_init                           
UNDEFED   _system_post_cinit                   

[112 symbols]
