******************************************************************************
            TI ARM Clang Linker PC v4.0.3                      
******************************************************************************
>> Linked Tue May 19 01:41:35 2026

OUTPUT FILE NAME:   <test_1.out>
ENTRY POINT SYMBOL: "_c_int00_noargs"  address: 000008c9


MEMORY CONFIGURATION

         name            origin    length      used     unused   attr    fill
----------------------  --------  ---------  --------  --------  ----  --------
  FLASH                 00000000   00020000  00000a48  0001f5b8  R  X
  SRAM                  20200000   00008000  0000020a  00007df6  RW X
  BCR_CONFIG            41c00000   000000ff  00000000  000000ff  R   
  BSL_CONFIG            41c00100   00000080  00000000  00000080  R   


SEGMENT ALLOCATION MAP

run origin  load origin   length   init length attrs members
----------  ----------- ---------- ----------- ----- -------
00000000    00000000    00000a48   00000a48    r-x
  00000000    00000000    000000c0   000000c0    r-- .intvecs
  000000c0    000000c0    00000958   00000958    r-x .text
  00000a18    00000a18    00000018   00000018    r-- .rodata
  00000a30    00000a30    00000018   00000018    r-- .cinit
20200000    20200000    0000000a   00000000    rw-
  20200000    20200000    0000000a   00000000    rw- .data
20207e00    20207e00    00000200   00000000    rw-
  20207e00    20207e00    00000200   00000000    rw- .stack


SECTION ALLOCATION MAP

 output                                  attributes/
section   page    origin      length       input sections
--------  ----  ----------  ----------   ----------------
.intvecs   0    00000000    000000c0     
                  00000000    000000c0     startup_mspm0g350x_ticlang.o (.intvecs)

.text      0    000000c0    00000958     
                  000000c0    000001bc     empty.o (.text.main)
                  0000027c    00000104     driverlib.a : dl_timer.o (.text.DL_Timer_initFourCCPWMMode)
                  00000380    000000b8     ti_msp_dl_config.o (.text.SYSCFG_DL_GPIO_init)
                  00000438    0000009a     libc.a : memcpy16.S.obj (.text:memcpy)
                  000004d2    00000002     startup_mspm0g350x_ticlang.o (.text.Default_Handler)
                  000004d4    00000090     ti_msp_dl_config.o (.text.SYSCFG_DL_PWM_TB6612_init)
                  00000564    00000080     encoder.o (.text.Encoder_Tick)
                  000005e4    0000007c     libc.a : copy_decompress_lzss.c.obj (.text:decompress:lzss)
                  00000660    00000060     ti_msp_dl_config.o (.text.SYSCFG_DL_UART_0_init)
                  000006c0    00000056     libclang_rt.builtins.a : aeabi_idivmod.S.obj (.text.__aeabi_idivmod)
                  00000716    00000002                            : aeabi_div0.c.obj (.text.__aeabi_idiv0)
                  00000718    00000048     driverlib.a : dl_uart.o (.text.DL_UART_init)
                  00000760    00000040     ti_msp_dl_config.o (.text.SYSCFG_DL_SYSCTL_init)
                  000007a0    00000040     ti_msp_dl_config.o (.text.SYSCFG_DL_initPower)
                  000007e0    00000040     libclang_rt.builtins.a : aeabi_uidivmod.S.obj (.text.__aeabi_uidivmod)
                  00000820    0000003c     motor.o (.text.Motor_B)
                  0000085c    0000003c     libc.a : autoinit.c.obj (.text:__TI_auto_init_nobinit_nopinit)
                  00000898    00000030     driverlib.a : dl_uart.o (.text.DL_UART_transmitDataBlocking)
                  000008c8    00000028     libc.a : boot_cortex_m.c.obj (.text:_c_int00_noargs)
                  000008f0    00000024     encoder.o (.text.Encoder_Init)
                  00000914    00000020     motor.o (.text.Motor_Init)
                  00000934    0000001c     driverlib.a : dl_timer.o (.text.DL_Timer_setCaptCompUpdateMethod)
                  00000950    0000001c                 : dl_timer.o (.text.DL_Timer_setClockConfig)
                  0000096c    00000018                 : dl_timer.o (.text.DL_Timer_setCaptureCompareOutCtl)
                  00000984    00000018     ti_msp_dl_config.o (.text.SYSCFG_DL_init)
                  0000099c    00000012     driverlib.a : dl_uart.o (.text.DL_UART_setClockConfig)
                  000009ae    00000012     libc.a : copy_decompress_none.c.obj (.text:decompress:none)
                  000009c0    00000010     driverlib.a : dl_timer.o (.text.DL_Timer_setCaptureCompareValue)
                  000009d0    00000010     empty.o (.text.SysTick_Handler)
                  000009e0    0000000c     encoder.o (.text.Encoder_Read)
                  000009ec    0000000a     driverlib.a : dl_common.o (.text.DL_Common_delayCycles)
                  000009f6    00000002     --HOLE-- [fill = 0]
                  000009f8    00000008     libclang_rt.builtins.a : aeabi_memcpy.S.obj (.text.__aeabi_memcpy)
                  00000a00    00000006     libc.a : exit.c.obj (.text:abort)
                  00000a06    00000004     libsysbm.a : hostexit.c.obj (.text.HOSTexit)
                  00000a0a    00000004     startup_mspm0g350x_ticlang.o (.text.Reset_Handler)
                  00000a0e    00000004     libc.a : pre_init.c.obj (.text._system_pre_init)
                  00000a12    00000006     --HOLE-- [fill = 0]

.cinit     0    00000a30    00000018     
                  00000a30    00000008     (__TI_handler_table)
                  00000a38    00000007     (.cinit..data.load) [load image, compression = lzss]
                  00000a3f    00000001     --HOLE-- [fill = 0]
                  00000a40    00000008     (__TI_cinit_table)

.rodata    0    00000a18    00000018     
                  00000a18    0000000a     ti_msp_dl_config.o (.rodata.gUART_0Config)
                  00000a22    00000002     ti_msp_dl_config.o (.rodata.gUART_0ClockConfig)
                  00000a24    00000008     ti_msp_dl_config.o (.rodata.gPWM_TB6612Config)
                  00000a2c    00000003     ti_msp_dl_config.o (.rodata.gPWM_TB6612ClockConfig)
                  00000a2f    00000001     --HOLE-- [fill = 0]

.init_array 
*          0    00000000    00000000     UNINITIALIZED

.binit     0    00000000    00000000     

.data      0    20200000    0000000a     UNINITIALIZED
                  20200000    00000004     encoder.o (.data.enc_count)
                  20200004    00000004     empty.o (.data.g_ms)
                  20200008    00000001     encoder.o (.data.last_a)
                  20200009    00000001     encoder.o (.data.last_b)

.stack     0    20207e00    00000200     UNINITIALIZED
                  20207e00    00000004     libc.a : boot_cortex_m.c.obj (.stack)
                  20207e04    000001fc     --HOLE--

__llvm_prf_cnts 
*          0    20200000    00000000     UNINITIALIZED

__llvm_prf_bits 
*          0    20200000    00000000     UNINITIALIZED

MODULE SUMMARY

       Module                         code   ro data   rw data
       ------                         ----   -------   -------
    .\
       ti_msp_dl_config.o             576    23        0      
       empty.o                        460    0         4      
       startup_mspm0g350x_ticlang.o   6      192       0      
       encoder.o                      176    0         6      
       motor.o                        92     0         0      
    +--+------------------------------+------+---------+---------+
       Total:                         1310   215       10     
                                                              
    C:/ti/mspm0_sdk_2_10_00_04/source/ti/driverlib/lib/ticlang/m0p/mspm0g1x0x_g3x0x/driverlib.a
       dl_timer.o                     356    0         0      
       dl_uart.o                      138    0         0      
       dl_common.o                    10     0         0      
    +--+------------------------------+------+---------+---------+
       Total:                         504    0         0      
                                                              
    C:\ti\ccs2020\ccs\tools\compiler\ti-cgt-armllvm_4.0.3.LTS\lib\armv6m-ti-none-eabi/c/libc.a
       memcpy16.S.obj                 154    0         0      
       copy_decompress_lzss.c.obj     124    0         0      
       autoinit.c.obj                 60     0         0      
       boot_cortex_m.c.obj            40     0         0      
       copy_decompress_none.c.obj     18     0         0      
       exit.c.obj                     6      0         0      
       pre_init.c.obj                 4      0         0      
    +--+------------------------------+------+---------+---------+
       Total:                         406    0         0      
                                                              
    C:\ti\ccs2020\ccs\tools\compiler\ti-cgt-armllvm_4.0.3.LTS\lib\armv6m-ti-none-eabi/c/libsysbm.a
       hostexit.c.obj                 4      0         0      
    +--+------------------------------+------+---------+---------+
       Total:                         4      0         0      
                                                              
    C:\ti\ccs2020\ccs\tools\compiler\ti-cgt-armllvm_4.0.3.LTS\lib\armv6m-ti-none-eabi/libclang_rt.builtins.a
       aeabi_idivmod.S.obj            86     0         0      
       aeabi_uidivmod.S.obj           64     0         0      
       aeabi_memcpy.S.obj             8      0         0      
       aeabi_div0.c.obj               2      0         0      
    +--+------------------------------+------+---------+---------+
       Total:                         160    0         0      
                                                              
       Stack:                         0      0         512    
       Linker Generated:              0      23        0      
    +--+------------------------------+------+---------+---------+
       Grand Total:                   2384   238       522    


LINKER GENERATED COPY TABLES

__TI_cinit_table @ 00000a40 records: 1, size/record: 8, table size: 8
	.data: load addr=00000a38, load size=00000007 bytes, run addr=20200000, run size=0000000a bytes, compression=lzss


LINKER GENERATED HANDLER TABLE

__TI_handler_table @ 00000a30 records: 2, size/record: 4, table size: 8
	index: 0, handler: __TI_decompress_lzss
	index: 1, handler: __TI_decompress_none


GLOBAL SYMBOLS: SORTED ALPHABETICALLY BY Name 

address   name                            
-------   ----                            
000004d3  ADC0_IRQHandler                 
000004d3  ADC1_IRQHandler                 
000004d3  AES_IRQHandler                  
00000a06  C$$EXIT                         
000004d3  CANFD0_IRQHandler               
000004d3  DAC0_IRQHandler                 
000009ed  DL_Common_delayCycles           
0000027d  DL_Timer_initFourCCPWMMode      
00000935  DL_Timer_setCaptCompUpdateMethod
0000096d  DL_Timer_setCaptureCompareOutCtl
000009c1  DL_Timer_setCaptureCompareValue 
00000951  DL_Timer_setClockConfig         
00000719  DL_UART_init                    
0000099d  DL_UART_setClockConfig          
00000899  DL_UART_transmitDataBlocking    
000004d3  DMA_IRQHandler                  
000004d3  Default_Handler                 
000008f1  Encoder_Init                    
000009e1  Encoder_Read                    
00000565  Encoder_Tick                    
000004d3  GROUP0_IRQHandler               
000004d3  GROUP1_IRQHandler               
00000a07  HOSTexit                        
000004d3  HardFault_Handler               
000004d3  I2C0_IRQHandler                 
000004d3  I2C1_IRQHandler                 
00000821  Motor_B                         
00000915  Motor_Init                      
000004d3  NMI_Handler                     
000004d3  PendSV_Handler                  
000004d3  RTC_IRQHandler                  
00000a0b  Reset_Handler                   
000004d3  SPI0_IRQHandler                 
000004d3  SPI1_IRQHandler                 
000004d3  SVC_Handler                     
00000381  SYSCFG_DL_GPIO_init             
000004d5  SYSCFG_DL_PWM_TB6612_init       
00000761  SYSCFG_DL_SYSCTL_init           
00000661  SYSCFG_DL_UART_0_init           
00000985  SYSCFG_DL_init                  
000007a1  SYSCFG_DL_initPower             
000009d1  SysTick_Handler                 
000004d3  TIMA0_IRQHandler                
000004d3  TIMA1_IRQHandler                
000004d3  TIMG0_IRQHandler                
000004d3  TIMG12_IRQHandler               
000004d3  TIMG6_IRQHandler                
000004d3  TIMG7_IRQHandler                
000004d3  TIMG8_IRQHandler                
000004d3  UART0_IRQHandler                
000004d3  UART1_IRQHandler                
000004d3  UART2_IRQHandler                
000004d3  UART3_IRQHandler                
20208000  __STACK_END                     
00000200  __STACK_SIZE                    
00000000  __TI_ATRegion0_region_sz        
00000000  __TI_ATRegion0_src_addr         
00000000  __TI_ATRegion0_trg_addr         
00000000  __TI_ATRegion1_region_sz        
00000000  __TI_ATRegion1_src_addr         
00000000  __TI_ATRegion1_trg_addr         
00000000  __TI_ATRegion2_region_sz        
00000000  __TI_ATRegion2_src_addr         
00000000  __TI_ATRegion2_trg_addr         
00000a40  __TI_CINIT_Base                 
00000a48  __TI_CINIT_Limit                
00000a48  __TI_CINIT_Warm                 
00000a30  __TI_Handler_Table_Base         
00000a38  __TI_Handler_Table_Limit        
0000085d  __TI_auto_init_nobinit_nopinit  
000005e5  __TI_decompress_lzss            
000009af  __TI_decompress_none            
ffffffff  __TI_pprof_out_hndl             
ffffffff  __TI_prof_data_size             
ffffffff  __TI_prof_data_start            
00000000  __TI_static_base__              
000006c1  __aeabi_idiv                    
00000717  __aeabi_idiv0                   
000006c1  __aeabi_idivmod                 
000009f9  __aeabi_memcpy                  
000009f9  __aeabi_memcpy4                 
000009f9  __aeabi_memcpy8                 
000007e1  __aeabi_uidiv                   
000007e1  __aeabi_uidivmod                
ffffffff  __binit__                       
UNDEFED   __mpu_init                      
20207e00  __stack                         
20200000  __start___llvm_prf_bits         
20200000  __start___llvm_prf_cnts         
20200000  __stop___llvm_prf_bits          
20200000  __stop___llvm_prf_cnts          
000008c9  _c_int00_noargs                 
UNDEFED   _system_post_cinit              
00000a0f  _system_pre_init                
00000a01  abort                           
ffffffff  binit                           
20200004  g_ms                            
00000000  interruptVectors                
000000c1  main                            
00000439  memcpy                          


GLOBAL SYMBOLS: SORTED BY Symbol Address 

address   name                            
-------   ----                            
00000000  __TI_ATRegion0_region_sz        
00000000  __TI_ATRegion0_src_addr         
00000000  __TI_ATRegion0_trg_addr         
00000000  __TI_ATRegion1_region_sz        
00000000  __TI_ATRegion1_src_addr         
00000000  __TI_ATRegion1_trg_addr         
00000000  __TI_ATRegion2_region_sz        
00000000  __TI_ATRegion2_src_addr         
00000000  __TI_ATRegion2_trg_addr         
00000000  __TI_static_base__              
00000000  interruptVectors                
000000c1  main                            
00000200  __STACK_SIZE                    
0000027d  DL_Timer_initFourCCPWMMode      
00000381  SYSCFG_DL_GPIO_init             
00000439  memcpy                          
000004d3  ADC0_IRQHandler                 
000004d3  ADC1_IRQHandler                 
000004d3  AES_IRQHandler                  
000004d3  CANFD0_IRQHandler               
000004d3  DAC0_IRQHandler                 
000004d3  DMA_IRQHandler                  
000004d3  Default_Handler                 
000004d3  GROUP0_IRQHandler               
000004d3  GROUP1_IRQHandler               
000004d3  HardFault_Handler               
000004d3  I2C0_IRQHandler                 
000004d3  I2C1_IRQHandler                 
000004d3  NMI_Handler                     
000004d3  PendSV_Handler                  
000004d3  RTC_IRQHandler                  
000004d3  SPI0_IRQHandler                 
000004d3  SPI1_IRQHandler                 
000004d3  SVC_Handler                     
000004d3  TIMA0_IRQHandler                
000004d3  TIMA1_IRQHandler                
000004d3  TIMG0_IRQHandler                
000004d3  TIMG12_IRQHandler               
000004d3  TIMG6_IRQHandler                
000004d3  TIMG7_IRQHandler                
000004d3  TIMG8_IRQHandler                
000004d3  UART0_IRQHandler                
000004d3  UART1_IRQHandler                
000004d3  UART2_IRQHandler                
000004d3  UART3_IRQHandler                
000004d5  SYSCFG_DL_PWM_TB6612_init       
00000565  Encoder_Tick                    
000005e5  __TI_decompress_lzss            
00000661  SYSCFG_DL_UART_0_init           
000006c1  __aeabi_idiv                    
000006c1  __aeabi_idivmod                 
00000717  __aeabi_idiv0                   
00000719  DL_UART_init                    
00000761  SYSCFG_DL_SYSCTL_init           
000007a1  SYSCFG_DL_initPower             
000007e1  __aeabi_uidiv                   
000007e1  __aeabi_uidivmod                
00000821  Motor_B                         
0000085d  __TI_auto_init_nobinit_nopinit  
00000899  DL_UART_transmitDataBlocking    
000008c9  _c_int00_noargs                 
000008f1  Encoder_Init                    
00000915  Motor_Init                      
00000935  DL_Timer_setCaptCompUpdateMethod
00000951  DL_Timer_setClockConfig         
0000096d  DL_Timer_setCaptureCompareOutCtl
00000985  SYSCFG_DL_init                  
0000099d  DL_UART_setClockConfig          
000009af  __TI_decompress_none            
000009c1  DL_Timer_setCaptureCompareValue 
000009d1  SysTick_Handler                 
000009e1  Encoder_Read                    
000009ed  DL_Common_delayCycles           
000009f9  __aeabi_memcpy                  
000009f9  __aeabi_memcpy4                 
000009f9  __aeabi_memcpy8                 
00000a01  abort                           
00000a06  C$$EXIT                         
00000a07  HOSTexit                        
00000a0b  Reset_Handler                   
00000a0f  _system_pre_init                
00000a30  __TI_Handler_Table_Base         
00000a38  __TI_Handler_Table_Limit        
00000a40  __TI_CINIT_Base                 
00000a48  __TI_CINIT_Limit                
00000a48  __TI_CINIT_Warm                 
20200000  __start___llvm_prf_bits         
20200000  __start___llvm_prf_cnts         
20200000  __stop___llvm_prf_bits          
20200000  __stop___llvm_prf_cnts          
20200004  g_ms                            
20207e00  __stack                         
20208000  __STACK_END                     
ffffffff  __TI_pprof_out_hndl             
ffffffff  __TI_prof_data_size             
ffffffff  __TI_prof_data_start            
ffffffff  __binit__                       
ffffffff  binit                           
UNDEFED   __mpu_init                      
UNDEFED   _system_post_cinit              

[100 symbols]
