******************************************************************************
            TI ARM Clang Linker PC v4.0.0                      
******************************************************************************
>> Linked Thu Nov 14 16:36:04 2024

OUTPUT FILE NAME:   <TMX_MSPM0G3507_ProjectTemplate.out>
ENTRY POINT SYMBOL: "_c_int00_noargs"  address: 000055a9


MEMORY CONFIGURATION

         name            origin    length      used     unused   attr    fill
----------------------  --------  ---------  --------  --------  ----  --------
  FLASH                 00000000   00020000  00007a28  000185d8  R  X
  SRAM                  20200000   00008000  00000a84  0000757c  RW X
  BCR_CONFIG            41c00000   00000080  00000000  00000080  R   
  BSL_CONFIG            41c00100   00000080  00000000  00000080  R   


SEGMENT ALLOCATION MAP

run origin  load origin   length   init length attrs members
----------  ----------- ---------- ----------- ----- -------
00000000    00000000    00007a28   00007a28    r-x
  00000000    00000000    000000c0   000000c0    r-- .intvecs
  000000c0    000000c0    00005800   00005800    r-x .text
  000058c0    000058c0    00001ff0   00001ff0    r-- .rodata
  000078b0    000078b0    00000178   00000178    r-- .cinit
20200000    20200000    00000884   00000000    rw-
  20200000    20200000    00000480   00000000    rw- .bss
  20200480    20200480    00000404   00000000    rw- .data
20207e00    20207e00    00000200   00000000    rw-
  20207e00    20207e00    00000200   00000000    rw- .stack


SECTION ALLOCATION MAP

 output                                  attributes/
section   page    origin      length       input sections
--------  ----  ----------  ----------   ----------------
.intvecs   0    00000000    000000c0     
                  00000000    000000c0     startup_mspm0g350x_ticlang.o (.intvecs)

.text      0    000000c0    00005800     
                  000000c0    000012a4     oled.o (.text.OLED_Init)
                  00001364    00000a90     oled.o (.text.OLED_Clear)
                  00001df4    000009d0     libc.a : _printfi.c.obj (.text:__TI_printfi)
                  000027c4    000003aa     oled.o (.text.OLED_ShowNum)
                  00002b6e    00000002     startup_mspm0g350x_ticlang.o (.text.Default_Handler)
                  00002b70    00000334     oled.o (.text.OLED_ScrollDisplay)
                  00002ea4    000002b4     oled.o (.text.OLED_Refresh)
                  00003158    00000294     oled.o (.text.OLED_ShowChinese)
                  000033ec    00000270     oled.o (.text.OLED_ShowChar)
                  0000365c    00000244     oled.o (.text.OLED_ShowPicture)
                  000038a0    00000224     empty.o (.text.main)
                  00003ac4    00000220     libc.a : _printfi.c.obj (.text._pconv_a)
                  00003ce4    000001dc            : _printfi.c.obj (.text._pconv_g)
                  00003ec0    00000192     libclang_rt.builtins.a : adddf3.S.obj (.text.adddf3_subdf3)
                  00004052    00000002                            : aeabi_div0.c.obj (.text.__aeabi_idiv0)
                  00004054    0000013c     libc.a : _printfi.c.obj (.text.fcvt)
                  00004190    00000120     oled.o (.text.OLED_DisplayTurn)
                  000042b0    00000120     libc.a : _printfi.c.obj (.text._pconv_e)
                  000043d0    0000010c     board.o (.text.LOG_Debug_Out)
                  000044dc    0000010c     libclang_rt.builtins.a : divdf3.S.obj (.text.__divdf3)
                  000045e8    000000ec     driverlib.a : dl_sysctl_mspm0g1x0x_g3x0x.o (.text.DL_SYSCTL_configSYSPLL)
                  000046d4    000000e4     libclang_rt.builtins.a : muldf3.S.obj (.text.__muldf3)
                  000047b8    000000d8     libc.a : s_scalbn.c.obj (.text.scalbn)
                  00004890    000000a2     libclang_rt.builtins.a : udivmoddi4.S.obj (.text)
                  00004932    0000009a     libc.a : memcpy16.S.obj (.text:memcpy)
                  000049cc    00000098     oled.o (.text.OLED_ColorTurn)
                  00004a64    0000008c     oled.o (.text.OLED_ShowString)
                  00004af0    0000007c     libc.a : copy_decompress_lzss.c.obj (.text:decompress:lzss)
                  00004b6c    00000074     libclang_rt.builtins.a : comparedf2.c.obj (.text.__gedf2)
                  00004be0    00000068                            : comparedf2.c.obj (.text.__ledf2)
                  00004c48    00000068     board.o (.text.lc_printf)
                  00004cb0    00000066     libc.a : _printfi.c.obj (.text._mcpy)
                  00004d16    00000002     libclang_rt.builtins.a : aeabi_div0.c.obj (.text.__aeabi_ldiv0)
                  00004d18    00000064     driverlib.a : dl_sysctl_mspm0g1x0x_g3x0x.o (.text.DL_SYSCTL_setHFCLKSourceHFXTParams)
                  00004d7c    00000064     ti_msp_dl_config.o (.text.SYSCFG_DL_SYSCTL_init)
                  00004de0    00000062     libclang_rt.builtins.a : aeabi_dcmp.S.obj (.text.__aeabi_dcmp)
                  00004e42    00000062     libc.a : memset16.S.obj (.text:memset)
                  00004ea4    00000060     ti_msp_dl_config.o (.text.SYSCFG_DL_UART_0_init)
                  00004f04    0000005c     libc.a : s_frexp.c.obj (.text.frexp)
                  00004f60    00000058            : _ltoa.c.obj (.text.__TI_ltoa)
                  00004fb8    00000058            : _printfi.c.obj (.text._pconv_f)
                  00005010    00000056     libclang_rt.builtins.a : aeabi_idivmod.S.obj (.text.__aeabi_idivmod)
                  00005066    00000054     driverlib.a : dl_i2c.o (.text.DL_I2C_fillControllerTXFIFO)
                  000050ba    00000002     --HOLE-- [fill = 0]
                  000050bc    00000054     ti_msp_dl_config.o (.text.SYSCFG_DL_I2C_OLED_init)
                  00005110    00000052     libc.a : _printfi.c.obj (.text._ecpy)
                  00005162    00000002     --HOLE-- [fill = 0]
                  00005164    00000050     ti_msp_dl_config.o (.text.SYSCFG_DL_GPIO_init)
                  000051b4    0000004c     driverlib.a : dl_sysctl_mspm0g1x0x_g3x0x.o (.text.DL_SYSCTL_switchMCLKfromSYSOSCtoHSCLK)
                  00005200    0000004c                 : dl_uart.o (.text.DL_UART_init)
                  0000524c    0000004a     libclang_rt.builtins.a : fixdfsi.S.obj (.text.__fixdfsi)
                  00005296    00000002     --HOLE-- [fill = 0]
                  00005298    00000040     ti_msp_dl_config.o (.text.SYSCFG_DL_initPower)
                  000052d8    00000040     libclang_rt.builtins.a : aeabi_uidivmod.S.obj (.text.__aeabi_uidivmod)
                  00005318    00000040     libc.a : atoi.c.obj (.text.atoi)
                  00005358    00000040            : vsnprintf.c.obj (.text.vsnprintf)
                  00005398    0000003c            : autoinit.c.obj (.text:__TI_auto_init_nobinit_nopinit)
                  000053d4    0000003a     libclang_rt.builtins.a : muldsi3.S.obj (.text.__muldsi3)
                  0000540e    00000002     --HOLE-- [fill = 0]
                  00005410    00000038     libc.a : sprintf.c.obj (.text.sprintf)
                  00005448    00000034     driverlib.a : dl_i2c.o (.text.DL_I2C_setClockConfig)
                  0000547c    00000030     libc.a : _printfi.c.obj (.text._fcpy)
                  000054ac    00000030            : vsnprintf.c.obj (.text._outs)
                  000054dc    0000002c     libclang_rt.builtins.a : floatsidf.S.obj (.text.__floatsidf)
                  00005508    00000028     driverlib.a : dl_i2c.o (.text.DL_Common_updateReg)
                  00005530    00000028                 : dl_sysctl_mspm0g1x0x_g3x0x.o (.text.DL_Common_updateReg)
                  00005558    00000028                 : dl_uart.o (.text.DL_Common_updateReg)
                  00005580    00000028     ti_msp_dl_config.o (.text.SYSCFG_DL_SYSCTL_CLK_init)
                  000055a8    00000028     libc.a : boot_cortex_m.c.obj (.text:_c_int00_noargs)
                  000055d0    00000024     driverlib.a : dl_uart.o (.text.DL_UART_setClockConfig)
                  000055f4    00000024     libclang_rt.builtins.a : muldi3.S.obj (.text.__muldi3)
                  00005618    00000022     libc.a : memccpy.c.obj (.text.memccpy)
                  0000563a    00000002     --HOLE-- [fill = 0]
                  0000563c    00000020     driverlib.a : dl_sysctl_mspm0g1x0x_g3x0x.o (.text.DL_CORE_configInstruction)
                  0000565c    00000020                 : dl_sysctl_mspm0g1x0x_g3x0x.o (.text.DL_SYSCTL_setHFXTFrequencyRange)
                  0000567c    0000001e     libclang_rt.builtins.a : ashldi3.S.obj (.text.__ashldi3)
                  0000569a    00000002     --HOLE-- [fill = 0]
                  0000569c    0000001c     driverlib.a : dl_i2c.o (.text.DL_I2C_isControllerTXFIFOFull)
                  000056b8    0000001c     ti_msp_dl_config.o (.text.SYSCFG_DL_init)
                  000056d4    00000018     driverlib.a : dl_sysctl_mspm0g1x0x_g3x0x.o (.text.DL_SYSCTL_setHFXTStartupTime)
                  000056ec    00000018                 : dl_sysctl_mspm0g1x0x_g3x0x.o (.text.DL_SYSCTL_setHSCLKSource)
                  00005704    00000018     libc.a : vsnprintf.c.obj (.text._outc)
                  0000571c    00000018            : sprintf.c.obj (.text._outs)
                  00005734    00000016     driverlib.a : dl_i2c.o (.text.DL_I2C_transmitControllerData)
                  0000574a    00000016                 : dl_uart.o (.text.DL_UART_disable)
                  00005760    00000014                 : dl_common.o (.text.DL_Common_delayCycles)
                  00005774    00000014                 : dl_sysctl_mspm0g1x0x_g3x0x.o (.text.DL_SYSCTL_disableHFCLKStartupMonitor)
                  00005788    00000014                 : dl_sysctl_mspm0g1x0x_g3x0x.o (.text.DL_SYSCTL_disableSYSPLL)
                  0000579c    00000014                 : dl_sysctl_mspm0g1x0x_g3x0x.o (.text.DL_SYSCTL_enableHFCLKStartupMonitor)
                  000057b0    00000014     libclang_rt.builtins.a : aeabi_uldivmod.S.obj (.text.__aeabi_uldivmod)
                  000057c4    00000014     libc.a : _printfi.c.obj (.text.strchr)
                  000057d8    00000012            : copy_decompress_none.c.obj (.text:decompress:none)
                  000057ea    00000002     --HOLE-- [fill = 0]
                  000057ec    00000010     driverlib.a : dl_sysctl_mspm0g1x0x_g3x0x.o (.text.DL_CORE_getInstructionConfig)
                  000057fc    00000010                 : dl_sysctl_mspm0g1x0x_g3x0x.o (.text.DL_SYSCTL_disableHFXT)
                  0000580c    00000010     board.o (.text.delay_ms)
                  0000581c    00000010     libc.a : wcslen.c.obj (.text.wcslen)
                  0000582c    00000010            : copy_zero_init.c.obj (.text:decompress:ZI)
                  0000583c    0000000e     libclang_rt.builtins.a : aeabi_memset.S.obj (.text.__aeabi_memset)
                  0000584a    0000000e     libc.a : _printfi.c.obj (.text.strlen)
                  00005858    0000000c     driverlib.a : dl_sysctl_mspm0g1x0x_g3x0x.o (.text.DL_SYSCTL_getClockStatus)
                  00005864    0000000c     libclang_rt.builtins.a : aeabi_memset.S.obj (.text.__aeabi_memclr)
                  00005870    0000000a     libc.a : _printfi.c.obj (.text.OUTLINED_FUNCTION_0)
                  0000587a    00000002     --HOLE-- [fill = 0]
                  0000587c    00000010     libclang_rt.builtins.a : adddf3.S.obj (.tramp.__aeabi_dsub.1)
                  0000588c    0000000a     libc.a : _printfi.c.obj (.text.OUTLINED_FUNCTION_1)
                  00005896    0000000a            : sprintf.c.obj (.text._outc)
                  000058a0    00000008            : aeabi_portable.c.obj (.text.__aeabi_errno_addr)
                  000058a8    00000008     libclang_rt.builtins.a : aeabi_memcpy.S.obj (.text.__aeabi_memcpy)
                  000058b0    00000004     startup_mspm0g350x_ticlang.o (.text.Reset_Handler)
                  000058b4    00000004     libc.a : pre_init.c.obj (.text._system_pre_init)
                  000058b8    00000004            : exit.c.obj (.text:abort)
                  000058bc    00000004     --HOLE-- [fill = 0]

.cinit     0    000078b0    00000178     
                  000078b0    00000151     (.cinit..data.load) [load image, compression = lzss]
                  00007a01    00000003     --HOLE-- [fill = 0]
                  00007a04    0000000c     (__TI_handler_table)
                  00007a10    00000008     (.cinit..bss.load) [load image, compression = zero_init]
                  00007a18    00000010     (__TI_cinit_table)

.rodata    0    000058c0    00001ff0     
                  000058c0    00000d5c     oled.o (.rodata.asc2_2412)
                  0000661c    000005f0     oled.o (.rodata.asc2_1608)
                  00006c0c    00000474     oled.o (.rodata.asc2_1206)
                  00007080    00000228     oled.o (.rodata.asc2_0806)
                  000072a8    00000200     oled.o (.rodata.Hzk4)
                  000074a8    00000160     oled.o (.rodata.Hzk1)
                  00007608    00000007     empty.o (.rodata.str1.181099149860726468451)
                  0000760f    00000001     --HOLE-- [fill = 0]
                  00007610    00000101     libc.a : aeabi_ctype.S.obj (.rodata:__aeabi_ctype_table_)
                  00007711    00000080     oled.o (.rodata.Hzk3)
                  00007791    00000048     oled.o (.rodata.Hzk2)
                  000077d9    00000002     ti_msp_dl_config.o (.rodata.gI2C_OLEDClockConfig)
                  000077db    00000001     --HOLE-- [fill = 0]
                  000077dc    00000028     ti_msp_dl_config.o (.rodata.gSYSPLLConfig)
                  00007804    00000016     board.o (.rodata.str1.129876060660167078031)
                  0000781a    00000015     empty.o (.rodata.str1.142855731982211788051)
                  0000782f    00000011     libc.a : _printfi.c.obj (.rodata.str1.103488685894817597201)
                  00007840    00000011            : _printfi.c.obj (.rodata.str1.153638888446227384661)
                  00007851    0000000e     empty.o (.rodata.str1.147958455504881313061)
                  0000785f    0000000b     empty.o (.rodata.str1.158377844875001402571)
                  0000786a    0000000b     empty.o (.rodata.str1.176633223477948356601)
                  00007875    0000000b     empty.o (.rodata.str1.8167968867256355221)
                  00007880    0000000a     ti_msp_dl_config.o (.rodata.gUART_0Config)
                  0000788a    00000006     empty.o (.rodata.str1.100506750686581518081)
                  00007890    00000006     empty.o (.rodata.str1.103941685948440004921)
                  00007896    00000006     empty.o (.rodata.str1.90710503391206826811)
                  0000789c    00000005     empty.o (.rodata.str1.104231497482819607001)
                  000078a1    00000004     empty.o (.rodata.str1.180626513791128047271)
                  000078a5    00000002     ti_msp_dl_config.o (.rodata.gUART_0ClockConfig)
                  000078a7    00000009     --HOLE-- [fill = 0]

.init_array 
*          0    00000000    00000000     UNINITIALIZED

.binit     0    00000000    00000000     

.bss       0    20200000    00000480     UNINITIALIZED
                  20200000    00000480     (.common:OLED_GRAM)

.data      0    20200480    00000404     UNINITIALIZED
                  20200480    00000400     empty.o (.data.BMP1)
                  20200880    00000004     libc.a : aeabi_portable.c.obj (.data.__aeabi_errno)

.stack     0    20207e00    00000200     UNINITIALIZED
                  20207e00    00000004     libc.a : boot_cortex_m.c.obj (.stack)
                  20207e04    000001fc     --HOLE--

__llvm_prf_cnts 
*          0    20200000    00000000     UNINITIALIZED

__llvm_prf_bits 
*          0    20200000    00000000     UNINITIALIZED

MODULE SUMMARY

       Module                         code    ro data   rw data
       ------                         ----    -------   -------
    .\
       empty.o                        548     102       1024   
       ti_msp_dl_config.o             492     54        0      
       startup_mspm0g350x_ticlang.o   6       192       0      
    +--+------------------------------+-------+---------+---------+
       Total:                         1046    348       1024   
                                                               
    .\BSP\OLED\
       oled.o                         12370   7696      1152   
    +--+------------------------------+-------+---------+---------+
       Total:                         12370   7696      1152   
                                                               
    .\Board\
       board.o                        388     22        0      
    +--+------------------------------+-------+---------+---------+
       Total:                         388     22        0      
                                                               
    C:/ti/mspm0_sdk_2_02_00_05/source/ti/driverlib/lib/ticlang/m0p/mspm0g1x0x_g3x0x/driverlib.a
       dl_sysctl_mspm0g1x0x_g3x0x.o   668     0         0      
       dl_i2c.o                       226     0         0      
       dl_uart.o                      174     0         0      
       dl_common.o                    20      0         0      
    +--+------------------------------+-------+---------+---------+
       Total:                         1088    0         0      
                                                               
    F:\Ti\CCS\ccs\tools\compiler\ti-cgt-armllvm_4.0.0.LTS\lib\armv6m-ti-none-eabi/c/libc.a
       _printfi.c.obj                 4510    34        0      
       aeabi_ctype.S.obj              0       257       0      
       s_scalbn.c.obj                 216     0         0      
       memcpy16.S.obj                 154     0         0      
       vsnprintf.c.obj                136     0         0      
       copy_decompress_lzss.c.obj     124     0         0      
       memset16.S.obj                 98      0         0      
       s_frexp.c.obj                  92      0         0      
       sprintf.c.obj                  90      0         0      
       _ltoa.c.obj                    88      0         0      
       atoi.c.obj                     64      0         0      
       autoinit.c.obj                 60      0         0      
       boot_cortex_m.c.obj            40      0         0      
       memccpy.c.obj                  34      0         0      
       copy_decompress_none.c.obj     18      0         0      
       copy_zero_init.c.obj           16      0         0      
       wcslen.c.obj                   16      0         0      
       aeabi_portable.c.obj           8       0         4      
       exit.c.obj                     4       0         0      
       pre_init.c.obj                 4       0         0      
    +--+------------------------------+-------+---------+---------+
       Total:                         5772    291       4      
                                                               
    F:\Ti\CCS\ccs\tools\compiler\ti-cgt-armllvm_4.0.0.LTS\lib\armv6m-ti-none-eabi/libclang_rt.builtins.a
       adddf3.S.obj                   418     0         0      
       divdf3.S.obj                   268     0         0      
       muldf3.S.obj                   228     0         0      
       comparedf2.c.obj               220     0         0      
       udivmoddi4.S.obj               162     0         0      
       aeabi_dcmp.S.obj               98      0         0      
       aeabi_idivmod.S.obj            86      0         0      
       fixdfsi.S.obj                  74      0         0      
       aeabi_uidivmod.S.obj           64      0         0      
       muldsi3.S.obj                  58      0         0      
       floatsidf.S.obj                44      0         0      
       muldi3.S.obj                   36      0         0      
       ashldi3.S.obj                  30      0         0      
       aeabi_memset.S.obj             26      0         0      
       aeabi_uldivmod.S.obj           20      0         0      
       aeabi_memcpy.S.obj             8       0         0      
       aeabi_div0.c.obj               4       0         0      
    +--+------------------------------+-------+---------+---------+
       Total:                         1844    0         0      
                                                               
       Stack:                         0       0         512    
       Linker Generated:              0       373       0      
    +--+------------------------------+-------+---------+---------+
       Grand Total:                   22508   8730      2692   


LINKER GENERATED COPY TABLES

__TI_cinit_table @ 00007a18 records: 2, size/record: 8, table size: 16
	.data: load addr=000078b0, load size=00000151 bytes, run addr=20200480, run size=00000404 bytes, compression=lzss
	.bss: load addr=00007a10, load size=00000008 bytes, run addr=20200000, run size=00000480 bytes, compression=zero_init


LINKER GENERATED HANDLER TABLE

__TI_handler_table @ 00007a04 records: 3, size/record: 4, table size: 12
	index: 0, handler: __TI_decompress_lzss
	index: 1, handler: __TI_decompress_none
	index: 2, handler: __TI_zero_init


FAR CALL TRAMPOLINES

callee name               trampoline name
   callee addr  tramp addr   call addr  call info
--------------  -----------  ---------  ----------------
__aeabi_dsub              $Tramp$TT$L$PI$$__aeabi_dsub
   00003ec1     0000587c     00005878   libc.a : _printfi.c.obj (.text.OUTLINED_FUNCTION_0)

[1 trampolines]
[1 trampoline calls]


GLOBAL SYMBOLS: SORTED ALPHABETICALLY BY Name 

address   name                                 
-------   ----                                 
00002b6f  ADC0_IRQHandler                      
00002b6f  ADC1_IRQHandler                      
00002b6f  AES_IRQHandler                       
20200480  BMP1                                 
000058b8  C$$EXIT                              
00002b6f  CANFD0_IRQHandler                    
00002b6f  DAC0_IRQHandler                      
00005761  DL_Common_delayCycles                
00005067  DL_I2C_fillControllerTXFIFO          
00005449  DL_I2C_setClockConfig                
000045e9  DL_SYSCTL_configSYSPLL               
00004d19  DL_SYSCTL_setHFCLKSourceHFXTParams   
000051b5  DL_SYSCTL_switchMCLKfromSYSOSCtoHSCLK
00005201  DL_UART_init                         
000055d1  DL_UART_setClockConfig               
00002b6f  DMA_IRQHandler                       
00002b6f  Default_Handler                      
00002b6f  GROUP0_IRQHandler                    
00002b6f  GROUP1_IRQHandler                    
00002b6f  HardFault_Handler                    
000074a8  Hzk1                                 
00007791  Hzk2                                 
00007711  Hzk3                                 
000072a8  Hzk4                                 
00002b6f  I2C0_IRQHandler                      
00002b6f  I2C1_IRQHandler                      
000043d1  LOG_Debug_Out                        
00002b6f  NMI_Handler                          
00001365  OLED_Clear                           
000049cd  OLED_ColorTurn                       
00004191  OLED_DisplayTurn                     
20200000  OLED_GRAM                            
000000c1  OLED_Init                            
00002ea5  OLED_Refresh                         
00002b71  OLED_ScrollDisplay                   
000033ed  OLED_ShowChar                        
00003159  OLED_ShowChinese                     
000027c5  OLED_ShowNum                         
0000365d  OLED_ShowPicture                     
00004a65  OLED_ShowString                      
00002b6f  PendSV_Handler                       
00002b6f  RTC_IRQHandler                       
000058b1  Reset_Handler                        
00002b6f  SPI0_IRQHandler                      
00002b6f  SPI1_IRQHandler                      
00002b6f  SVC_Handler                          
00005165  SYSCFG_DL_GPIO_init                  
000050bd  SYSCFG_DL_I2C_OLED_init              
00005581  SYSCFG_DL_SYSCTL_CLK_init            
00004d7d  SYSCFG_DL_SYSCTL_init                
00004ea5  SYSCFG_DL_UART_0_init                
000056b9  SYSCFG_DL_init                       
00005299  SYSCFG_DL_initPower                  
00002b6f  SysTick_Handler                      
00002b6f  TIMA0_IRQHandler                     
00002b6f  TIMA1_IRQHandler                     
00002b6f  TIMG0_IRQHandler                     
00002b6f  TIMG12_IRQHandler                    
00002b6f  TIMG6_IRQHandler                     
00002b6f  TIMG7_IRQHandler                     
00002b6f  TIMG8_IRQHandler                     
00002b6f  UART0_IRQHandler                     
00002b6f  UART1_IRQHandler                     
00002b6f  UART2_IRQHandler                     
00002b6f  UART3_IRQHandler                     
20208000  __STACK_END                          
00000200  __STACK_SIZE                         
00000000  __TI_ATRegion0_region_sz             
00000000  __TI_ATRegion0_src_addr              
00000000  __TI_ATRegion0_trg_addr              
00000000  __TI_ATRegion1_region_sz             
00000000  __TI_ATRegion1_src_addr              
00000000  __TI_ATRegion1_trg_addr              
00000000  __TI_ATRegion2_region_sz             
00000000  __TI_ATRegion2_src_addr              
00000000  __TI_ATRegion2_trg_addr              
00007a18  __TI_CINIT_Base                      
00007a28  __TI_CINIT_Limit                     
00007a28  __TI_CINIT_Warm                      
00007a04  __TI_Handler_Table_Base              
00007a10  __TI_Handler_Table_Limit             
00005399  __TI_auto_init_nobinit_nopinit       
00004af1  __TI_decompress_lzss                 
000057d9  __TI_decompress_none                 
00004f61  __TI_ltoa                            
ffffffff  __TI_pprof_out_hndl                  
00001df5  __TI_printfi                         
ffffffff  __TI_prof_data_size                  
ffffffff  __TI_prof_data_start                 
00000000  __TI_static_base__                   
0000582d  __TI_zero_init                       
00003ecb  __adddf3                             
00007610  __aeabi_ctype_table_                 
00007610  __aeabi_ctype_table_C                
0000524d  __aeabi_d2iz                         
00003ecb  __aeabi_dadd                         
00004de1  __aeabi_dcmpeq                       
00004e1d  __aeabi_dcmpge                       
00004e31  __aeabi_dcmpgt                       
00004e09  __aeabi_dcmple                       
00004df5  __aeabi_dcmplt                       
000044dd  __aeabi_ddiv                         
000046d5  __aeabi_dmul                         
00003ec1  __aeabi_dsub                         
20200880  __aeabi_errno                        
000058a1  __aeabi_errno_addr                   
000054dd  __aeabi_i2d                          
00005011  __aeabi_idiv                         
00004053  __aeabi_idiv0                        
00005011  __aeabi_idivmod                      
00004d17  __aeabi_ldiv0                        
0000567d  __aeabi_llsl                         
000055f5  __aeabi_lmul                         
00005865  __aeabi_memclr                       
00005865  __aeabi_memclr4                      
00005865  __aeabi_memclr8                      
000058a9  __aeabi_memcpy                       
000058a9  __aeabi_memcpy4                      
000058a9  __aeabi_memcpy8                      
0000583d  __aeabi_memset                       
0000583d  __aeabi_memset4                      
0000583d  __aeabi_memset8                      
000052d9  __aeabi_uidiv                        
000052d9  __aeabi_uidivmod                     
000057b1  __aeabi_uldivmod                     
0000567d  __ashldi3                            
ffffffff  __binit__                            
00004be1  __cmpdf2                             
000044dd  __divdf3                             
00004be1  __eqdf2                              
0000524d  __fixdfsi                            
000054dd  __floatsidf                          
00004b6d  __gedf2                              
00004b6d  __gtdf2                              
00004be1  __ledf2                              
00004be1  __ltdf2                              
UNDEFED   __mpu_init                           
000046d5  __muldf3                             
000055f5  __muldi3                             
000053d5  __muldsi3                            
00004be1  __nedf2                              
20207e00  __stack                              
20200000  __start___llvm_prf_bits              
20200000  __start___llvm_prf_cnts              
20200000  __stop___llvm_prf_bits               
20200000  __stop___llvm_prf_cnts               
00003ec1  __subdf3                             
00004891  __udivmoddi4                         
000055a9  _c_int00_noargs                      
UNDEFED   _system_post_cinit                   
000058b5  _system_pre_init                     
000058b9  abort                                
00007080  asc2_0806                            
00006c0c  asc2_1206                            
0000661c  asc2_1608                            
000058c0  asc2_2412                            
00005319  atoi                                 
ffffffff  binit                                
0000580d  delay_ms                             
00004f05  frexp                                
00004f05  frexpl                               
00000000  interruptVectors                     
00004c49  lc_printf                            
000047b9  ldexp                                
000047b9  ldexpl                               
000038a1  main                                 
00005619  memccpy                              
00004933  memcpy                               
00004e43  memset                               
000047b9  scalbn                               
000047b9  scalbnl                              
00005411  sprintf                              
00005359  vsnprintf                            
0000581d  wcslen                               


GLOBAL SYMBOLS: SORTED BY Symbol Address 

address   name                                 
-------   ----                                 
00000000  __TI_ATRegion0_region_sz             
00000000  __TI_ATRegion0_src_addr              
00000000  __TI_ATRegion0_trg_addr              
00000000  __TI_ATRegion1_region_sz             
00000000  __TI_ATRegion1_src_addr              
00000000  __TI_ATRegion1_trg_addr              
00000000  __TI_ATRegion2_region_sz             
00000000  __TI_ATRegion2_src_addr              
00000000  __TI_ATRegion2_trg_addr              
00000000  __TI_static_base__                   
00000000  interruptVectors                     
000000c1  OLED_Init                            
00000200  __STACK_SIZE                         
00001365  OLED_Clear                           
00001df5  __TI_printfi                         
000027c5  OLED_ShowNum                         
00002b6f  ADC0_IRQHandler                      
00002b6f  ADC1_IRQHandler                      
00002b6f  AES_IRQHandler                       
00002b6f  CANFD0_IRQHandler                    
00002b6f  DAC0_IRQHandler                      
00002b6f  DMA_IRQHandler                       
00002b6f  Default_Handler                      
00002b6f  GROUP0_IRQHandler                    
00002b6f  GROUP1_IRQHandler                    
00002b6f  HardFault_Handler                    
00002b6f  I2C0_IRQHandler                      
00002b6f  I2C1_IRQHandler                      
00002b6f  NMI_Handler                          
00002b6f  PendSV_Handler                       
00002b6f  RTC_IRQHandler                       
00002b6f  SPI0_IRQHandler                      
00002b6f  SPI1_IRQHandler                      
00002b6f  SVC_Handler                          
00002b6f  SysTick_Handler                      
00002b6f  TIMA0_IRQHandler                     
00002b6f  TIMA1_IRQHandler                     
00002b6f  TIMG0_IRQHandler                     
00002b6f  TIMG12_IRQHandler                    
00002b6f  TIMG6_IRQHandler                     
00002b6f  TIMG7_IRQHandler                     
00002b6f  TIMG8_IRQHandler                     
00002b6f  UART0_IRQHandler                     
00002b6f  UART1_IRQHandler                     
00002b6f  UART2_IRQHandler                     
00002b6f  UART3_IRQHandler                     
00002b71  OLED_ScrollDisplay                   
00002ea5  OLED_Refresh                         
00003159  OLED_ShowChinese                     
000033ed  OLED_ShowChar                        
0000365d  OLED_ShowPicture                     
000038a1  main                                 
00003ec1  __aeabi_dsub                         
00003ec1  __subdf3                             
00003ecb  __adddf3                             
00003ecb  __aeabi_dadd                         
00004053  __aeabi_idiv0                        
00004191  OLED_DisplayTurn                     
000043d1  LOG_Debug_Out                        
000044dd  __aeabi_ddiv                         
000044dd  __divdf3                             
000045e9  DL_SYSCTL_configSYSPLL               
000046d5  __aeabi_dmul                         
000046d5  __muldf3                             
000047b9  ldexp                                
000047b9  ldexpl                               
000047b9  scalbn                               
000047b9  scalbnl                              
00004891  __udivmoddi4                         
00004933  memcpy                               
000049cd  OLED_ColorTurn                       
00004a65  OLED_ShowString                      
00004af1  __TI_decompress_lzss                 
00004b6d  __gedf2                              
00004b6d  __gtdf2                              
00004be1  __cmpdf2                             
00004be1  __eqdf2                              
00004be1  __ledf2                              
00004be1  __ltdf2                              
00004be1  __nedf2                              
00004c49  lc_printf                            
00004d17  __aeabi_ldiv0                        
00004d19  DL_SYSCTL_setHFCLKSourceHFXTParams   
00004d7d  SYSCFG_DL_SYSCTL_init                
00004de1  __aeabi_dcmpeq                       
00004df5  __aeabi_dcmplt                       
00004e09  __aeabi_dcmple                       
00004e1d  __aeabi_dcmpge                       
00004e31  __aeabi_dcmpgt                       
00004e43  memset                               
00004ea5  SYSCFG_DL_UART_0_init                
00004f05  frexp                                
00004f05  frexpl                               
00004f61  __TI_ltoa                            
00005011  __aeabi_idiv                         
00005011  __aeabi_idivmod                      
00005067  DL_I2C_fillControllerTXFIFO          
000050bd  SYSCFG_DL_I2C_OLED_init              
00005165  SYSCFG_DL_GPIO_init                  
000051b5  DL_SYSCTL_switchMCLKfromSYSOSCtoHSCLK
00005201  DL_UART_init                         
0000524d  __aeabi_d2iz                         
0000524d  __fixdfsi                            
00005299  SYSCFG_DL_initPower                  
000052d9  __aeabi_uidiv                        
000052d9  __aeabi_uidivmod                     
00005319  atoi                                 
00005359  vsnprintf                            
00005399  __TI_auto_init_nobinit_nopinit       
000053d5  __muldsi3                            
00005411  sprintf                              
00005449  DL_I2C_setClockConfig                
000054dd  __aeabi_i2d                          
000054dd  __floatsidf                          
00005581  SYSCFG_DL_SYSCTL_CLK_init            
000055a9  _c_int00_noargs                      
000055d1  DL_UART_setClockConfig               
000055f5  __aeabi_lmul                         
000055f5  __muldi3                             
00005619  memccpy                              
0000567d  __aeabi_llsl                         
0000567d  __ashldi3                            
000056b9  SYSCFG_DL_init                       
00005761  DL_Common_delayCycles                
000057b1  __aeabi_uldivmod                     
000057d9  __TI_decompress_none                 
0000580d  delay_ms                             
0000581d  wcslen                               
0000582d  __TI_zero_init                       
0000583d  __aeabi_memset                       
0000583d  __aeabi_memset4                      
0000583d  __aeabi_memset8                      
00005865  __aeabi_memclr                       
00005865  __aeabi_memclr4                      
00005865  __aeabi_memclr8                      
000058a1  __aeabi_errno_addr                   
000058a9  __aeabi_memcpy                       
000058a9  __aeabi_memcpy4                      
000058a9  __aeabi_memcpy8                      
000058b1  Reset_Handler                        
000058b5  _system_pre_init                     
000058b8  C$$EXIT                              
000058b9  abort                                
000058c0  asc2_2412                            
0000661c  asc2_1608                            
00006c0c  asc2_1206                            
00007080  asc2_0806                            
000072a8  Hzk4                                 
000074a8  Hzk1                                 
00007610  __aeabi_ctype_table_                 
00007610  __aeabi_ctype_table_C                
00007711  Hzk3                                 
00007791  Hzk2                                 
00007a04  __TI_Handler_Table_Base              
00007a10  __TI_Handler_Table_Limit             
00007a18  __TI_CINIT_Base                      
00007a28  __TI_CINIT_Limit                     
00007a28  __TI_CINIT_Warm                      
20200000  OLED_GRAM                            
20200000  __start___llvm_prf_bits              
20200000  __start___llvm_prf_cnts              
20200000  __stop___llvm_prf_bits               
20200000  __stop___llvm_prf_cnts               
20200480  BMP1                                 
20200880  __aeabi_errno                        
20207e00  __stack                              
20208000  __STACK_END                          
ffffffff  __TI_pprof_out_hndl                  
ffffffff  __TI_prof_data_size                  
ffffffff  __TI_prof_data_start                 
ffffffff  __binit__                            
ffffffff  binit                                
UNDEFED   __mpu_init                           
UNDEFED   _system_post_cinit                   

[174 symbols]
