<?xml version="1.0" encoding="ISO-8859-1" ?>
<link_info>
   <banner>TI ARM Clang Linker PC v4.0.0.LTS</banner>
   <copyright>Copyright (c) 1996-2018 Texas Instruments Incorporated</copyright>
   <command_line>F:\Ti\CCS\ccs\tools\compiler\ti-cgt-armllvm_4.0.0.LTS\bin\tiarmlnk -IF:\Ti\CCS\ccs\tools\compiler\ti-cgt-armllvm_4.0.0.LTS\lib -o TMX_MSPM0G3507_ProjectTemplate.out -mTMX_MSPM0G3507_ProjectTemplate.map -iC:/ti/mspm0_sdk_2_02_00_05/source -iC:/Users/Administrator/Desktop/TMX_MSPM0G3507_ProjectTemplate -iC:/Users/Administrator/Desktop/TMX_MSPM0G3507_ProjectTemplate/Debug/syscfg -iF:/Ti/CCS/ccs/tools/compiler/ti-cgt-armllvm_4.0.0.LTS/lib --diag_wrap=off --display_error_number --warn_sections --xml_link_info=TMX_MSPM0G3507_ProjectTemplate_linkInfo.xml --rom_model ./empty.o ./ti_msp_dl_config.o ./startup_mspm0g350x_ticlang.o ./BSP/OLED/oled.o ./Board/board.o -l./device_linker.cmd -ldevice.cmd.genlibs -llibc.a --start-group -llibc++.a -llibc++abi.a -llibc.a -llibsys.a -llibsysbm.a -llibclang_rt.builtins.a -llibclang_rt.profile.a --end-group --cg_opt_level=2</command_line>
   <link_time>0x6735b674</link_time>
   <link_errors>0x0</link_errors>
   <output_file>C:\Users\Administrator\Desktop\TMX_MSPM0G3507_ProjectTemplate\Debug\TMX_MSPM0G3507_ProjectTemplate.out</output_file>
   <entry_point>
      <name>_c_int00_noargs</name>
      <address>0x55a9</address>
   </entry_point>
   <input_file_list>
      <input_file id="fl-1">
         <path>C:\Users\Administrator\Desktop\TMX_MSPM0G3507_ProjectTemplate\Debug\.\</path>
         <kind>object</kind>
         <file>empty.o</file>
         <name>empty.o</name>
      </input_file>
      <input_file id="fl-2">
         <path>C:\Users\Administrator\Desktop\TMX_MSPM0G3507_ProjectTemplate\Debug\.\</path>
         <kind>object</kind>
         <file>ti_msp_dl_config.o</file>
         <name>ti_msp_dl_config.o</name>
      </input_file>
      <input_file id="fl-3">
         <path>C:\Users\Administrator\Desktop\TMX_MSPM0G3507_ProjectTemplate\Debug\.\</path>
         <kind>object</kind>
         <file>startup_mspm0g350x_ticlang.o</file>
         <name>startup_mspm0g350x_ticlang.o</name>
      </input_file>
      <input_file id="fl-4">
         <path>C:\Users\Administrator\Desktop\TMX_MSPM0G3507_ProjectTemplate\Debug\.\BSP\OLED\</path>
         <kind>object</kind>
         <file>oled.o</file>
         <name>oled.o</name>
      </input_file>
      <input_file id="fl-5">
         <path>C:\Users\Administrator\Desktop\TMX_MSPM0G3507_ProjectTemplate\Debug\.\Board\</path>
         <kind>object</kind>
         <file>board.o</file>
         <name>board.o</name>
      </input_file>
      <input_file id="fl-12">
         <path>C:\Users\Administrator\Desktop\TMX_MSPM0G3507_ProjectTemplate\Debug\</path>
         <kind>object</kind>
         <file>&lt;internal&gt;</file>
         <name>&lt;internal&gt;</name>
      </input_file>
      <input_file id="fl-13">
         <path>C:\ti\mspm0_sdk_2_02_00_05\source\ti\driverlib\lib\ticlang\m0p\mspm0g1x0x_g3x0x\</path>
         <kind>archive</kind>
         <file>driverlib.a</file>
         <name>dl_common.o</name>
      </input_file>
      <input_file id="fl-14">
         <path>C:\ti\mspm0_sdk_2_02_00_05\source\ti\driverlib\lib\ticlang\m0p\mspm0g1x0x_g3x0x\</path>
         <kind>archive</kind>
         <file>driverlib.a</file>
         <name>dl_i2c.o</name>
      </input_file>
      <input_file id="fl-15">
         <path>C:\ti\mspm0_sdk_2_02_00_05\source\ti\driverlib\lib\ticlang\m0p\mspm0g1x0x_g3x0x\</path>
         <kind>archive</kind>
         <file>driverlib.a</file>
         <name>dl_uart.o</name>
      </input_file>
      <input_file id="fl-16">
         <path>C:\ti\mspm0_sdk_2_02_00_05\source\ti\driverlib\lib\ticlang\m0p\mspm0g1x0x_g3x0x\</path>
         <kind>archive</kind>
         <file>driverlib.a</file>
         <name>dl_sysctl_mspm0g1x0x_g3x0x.o</name>
      </input_file>
      <input_file id="fl-2b">
         <path>F:\Ti\CCS\ccs\tools\compiler\ti-cgt-armllvm_4.0.0.LTS\lib\armv6m-ti-none-eabi\c\</path>
         <kind>archive</kind>
         <file>libc.a</file>
         <name>sprintf.c.obj</name>
      </input_file>
      <input_file id="fl-2c">
         <path>F:\Ti\CCS\ccs\tools\compiler\ti-cgt-armllvm_4.0.0.LTS\lib\armv6m-ti-none-eabi\c\</path>
         <kind>archive</kind>
         <file>libc.a</file>
         <name>vsnprintf.c.obj</name>
      </input_file>
      <input_file id="fl-2d">
         <path>F:\Ti\CCS\ccs\tools\compiler\ti-cgt-armllvm_4.0.0.LTS\lib\armv6m-ti-none-eabi\c\</path>
         <kind>archive</kind>
         <file>libc.a</file>
         <name>boot_cortex_m.c.obj</name>
      </input_file>
      <input_file id="fl-2e">
         <path>F:\Ti\CCS\ccs\tools\compiler\ti-cgt-armllvm_4.0.0.LTS\lib\armv6m-ti-none-eabi\c\</path>
         <kind>archive</kind>
         <file>libc.a</file>
         <name>mathacl_init.c.obj</name>
      </input_file>
      <input_file id="fl-2f">
         <path>F:\Ti\CCS\ccs\tools\compiler\ti-cgt-armllvm_4.0.0.LTS\lib\armv6m-ti-none-eabi\c\</path>
         <kind>archive</kind>
         <file>libc.a</file>
         <name>autoinit.c.obj</name>
      </input_file>
      <input_file id="fl-30">
         <path>F:\Ti\CCS\ccs\tools\compiler\ti-cgt-armllvm_4.0.0.LTS\lib\armv6m-ti-none-eabi\c\</path>
         <kind>archive</kind>
         <file>libc.a</file>
         <name>pre_init.c.obj</name>
      </input_file>
      <input_file id="fl-31">
         <path>F:\Ti\CCS\ccs\tools\compiler\ti-cgt-armllvm_4.0.0.LTS\lib\armv6m-ti-none-eabi\c\</path>
         <kind>archive</kind>
         <file>libc.a</file>
         <name>cpy_tbl.c.obj</name>
      </input_file>
      <input_file id="fl-32">
         <path>F:\Ti\CCS\ccs\tools\compiler\ti-cgt-armllvm_4.0.0.LTS\lib\armv6m-ti-none-eabi\c\</path>
         <kind>archive</kind>
         <file>libc.a</file>
         <name>copy_zero_init.c.obj</name>
      </input_file>
      <input_file id="fl-33">
         <path>F:\Ti\CCS\ccs\tools\compiler\ti-cgt-armllvm_4.0.0.LTS\lib\armv6m-ti-none-eabi\c\</path>
         <kind>archive</kind>
         <file>libc.a</file>
         <name>copy_decompress_none.c.obj</name>
      </input_file>
      <input_file id="fl-34">
         <path>F:\Ti\CCS\ccs\tools\compiler\ti-cgt-armllvm_4.0.0.LTS\lib\armv6m-ti-none-eabi\c\</path>
         <kind>archive</kind>
         <file>libc.a</file>
         <name>copy_decompress_lzss.c.obj</name>
      </input_file>
      <input_file id="fl-35">
         <path>F:\Ti\CCS\ccs\tools\compiler\ti-cgt-armllvm_4.0.0.LTS\lib\armv6m-ti-none-eabi\c\</path>
         <kind>archive</kind>
         <file>libc.a</file>
         <name>_printfi.c.obj</name>
      </input_file>
      <input_file id="fl-36">
         <path>F:\Ti\CCS\ccs\tools\compiler\ti-cgt-armllvm_4.0.0.LTS\lib\armv6m-ti-none-eabi\c\</path>
         <kind>archive</kind>
         <file>libc.a</file>
         <name>wcslen.c.obj</name>
      </input_file>
      <input_file id="fl-37">
         <path>F:\Ti\CCS\ccs\tools\compiler\ti-cgt-armllvm_4.0.0.LTS\lib\armv6m-ti-none-eabi\c\</path>
         <kind>archive</kind>
         <file>libc.a</file>
         <name>s_frexp.c.obj</name>
      </input_file>
      <input_file id="fl-38">
         <path>F:\Ti\CCS\ccs\tools\compiler\ti-cgt-armllvm_4.0.0.LTS\lib\armv6m-ti-none-eabi\c\</path>
         <kind>archive</kind>
         <file>libc.a</file>
         <name>s_scalbn.c.obj</name>
      </input_file>
      <input_file id="fl-39">
         <path>F:\Ti\CCS\ccs\tools\compiler\ti-cgt-armllvm_4.0.0.LTS\lib\armv6m-ti-none-eabi\c\</path>
         <kind>archive</kind>
         <file>libc.a</file>
         <name>aeabi_portable.c.obj</name>
      </input_file>
      <input_file id="fl-3a">
         <path>F:\Ti\CCS\ccs\tools\compiler\ti-cgt-armllvm_4.0.0.LTS\lib\armv6m-ti-none-eabi\c\</path>
         <kind>archive</kind>
         <file>libc.a</file>
         <name>exit.c.obj</name>
      </input_file>
      <input_file id="fl-3b">
         <path>F:\Ti\CCS\ccs\tools\compiler\ti-cgt-armllvm_4.0.0.LTS\lib\armv6m-ti-none-eabi\c\</path>
         <kind>archive</kind>
         <file>libc.a</file>
         <name>_lock.c.obj</name>
      </input_file>
      <input_file id="fl-3c">
         <path>F:\Ti\CCS\ccs\tools\compiler\ti-cgt-armllvm_4.0.0.LTS\lib\armv6m-ti-none-eabi\c\</path>
         <kind>archive</kind>
         <file>libc.a</file>
         <name>_ltoa.c.obj</name>
      </input_file>
      <input_file id="fl-3d">
         <path>F:\Ti\CCS\ccs\tools\compiler\ti-cgt-armllvm_4.0.0.LTS\lib\armv6m-ti-none-eabi\c\</path>
         <kind>archive</kind>
         <file>libc.a</file>
         <name>args_main.c.obj</name>
      </input_file>
      <input_file id="fl-3e">
         <path>F:\Ti\CCS\ccs\tools\compiler\ti-cgt-armllvm_4.0.0.LTS\lib\armv6m-ti-none-eabi\c\</path>
         <kind>archive</kind>
         <file>libc.a</file>
         <name>assert.c.obj</name>
      </input_file>
      <input_file id="fl-3f">
         <path>F:\Ti\CCS\ccs\tools\compiler\ti-cgt-armllvm_4.0.0.LTS\lib\armv6m-ti-none-eabi\c\</path>
         <kind>archive</kind>
         <file>libc.a</file>
         <name>atoi.c.obj</name>
      </input_file>
      <input_file id="fl-40">
         <path>F:\Ti\CCS\ccs\tools\compiler\ti-cgt-armllvm_4.0.0.LTS\lib\armv6m-ti-none-eabi\c\</path>
         <kind>archive</kind>
         <file>libc.a</file>
         <name>defs.c.obj</name>
      </input_file>
      <input_file id="fl-41">
         <path>F:\Ti\CCS\ccs\tools\compiler\ti-cgt-armllvm_4.0.0.LTS\lib\armv6m-ti-none-eabi\c\</path>
         <kind>archive</kind>
         <file>libc.a</file>
         <name>memccpy.c.obj</name>
      </input_file>
      <input_file id="fl-42">
         <path>F:\Ti\CCS\ccs\tools\compiler\ti-cgt-armllvm_4.0.0.LTS\lib\armv6m-ti-none-eabi\c\</path>
         <kind>archive</kind>
         <file>libc.a</file>
         <name>memory.c.obj</name>
      </input_file>
      <input_file id="fl-43">
         <path>F:\Ti\CCS\ccs\tools\compiler\ti-cgt-armllvm_4.0.0.LTS\lib\armv6m-ti-none-eabi\c\</path>
         <kind>archive</kind>
         <file>libc.a</file>
         <name>fflush.c.obj</name>
      </input_file>
      <input_file id="fl-44">
         <path>F:\Ti\CCS\ccs\tools\compiler\ti-cgt-armllvm_4.0.0.LTS\lib\armv6m-ti-none-eabi\c\</path>
         <kind>archive</kind>
         <file>libc.a</file>
         <name>fputs.c.obj</name>
      </input_file>
      <input_file id="fl-45">
         <path>F:\Ti\CCS\ccs\tools\compiler\ti-cgt-armllvm_4.0.0.LTS\lib\armv6m-ti-none-eabi\c\</path>
         <kind>archive</kind>
         <file>libc.a</file>
         <name>_io_perm.c.obj</name>
      </input_file>
      <input_file id="fl-46">
         <path>F:\Ti\CCS\ccs\tools\compiler\ti-cgt-armllvm_4.0.0.LTS\lib\armv6m-ti-none-eabi\c\</path>
         <kind>archive</kind>
         <file>libc.a</file>
         <name>setvbuf.c.obj</name>
      </input_file>
      <input_file id="fl-47">
         <path>F:\Ti\CCS\ccs\tools\compiler\ti-cgt-armllvm_4.0.0.LTS\lib\armv6m-ti-none-eabi\c\</path>
         <kind>archive</kind>
         <file>libc.a</file>
         <name>aeabi_ctype.S.obj</name>
      </input_file>
      <input_file id="fl-48">
         <path>F:\Ti\CCS\ccs\tools\compiler\ti-cgt-armllvm_4.0.0.LTS\lib\armv6m-ti-none-eabi\c\</path>
         <kind>archive</kind>
         <file>libc.a</file>
         <name>fopen.c.obj</name>
      </input_file>
      <input_file id="fl-49">
         <path>F:\Ti\CCS\ccs\tools\compiler\ti-cgt-armllvm_4.0.0.LTS\lib\armv6m-ti-none-eabi\c\</path>
         <kind>archive</kind>
         <file>libc.a</file>
         <name>fseek.c.obj</name>
      </input_file>
      <input_file id="fl-4a">
         <path>F:\Ti\CCS\ccs\tools\compiler\ti-cgt-armllvm_4.0.0.LTS\lib\armv6m-ti-none-eabi\c\</path>
         <kind>archive</kind>
         <file>libc.a</file>
         <name>fclose.c.obj</name>
      </input_file>
      <input_file id="fl-e0">
         <path>F:\Ti\CCS\ccs\tools\compiler\ti-cgt-armllvm_4.0.0.LTS\lib\armv6m-ti-none-eabi\c\</path>
         <kind>archive</kind>
         <file>libsysbm.a</file>
         <name>write.c.obj</name>
      </input_file>
      <input_file id="fl-e1">
         <path>F:\Ti\CCS\ccs\tools\compiler\ti-cgt-armllvm_4.0.0.LTS\lib\armv6m-ti-none-eabi\c\</path>
         <kind>archive</kind>
         <file>libsysbm.a</file>
         <name>host_device.c.obj</name>
      </input_file>
      <input_file id="fl-e2">
         <path>F:\Ti\CCS\ccs\tools\compiler\ti-cgt-armllvm_4.0.0.LTS\lib\armv6m-ti-none-eabi\c\</path>
         <kind>archive</kind>
         <file>libsysbm.a</file>
         <name>remove.c.obj</name>
      </input_file>
      <input_file id="fl-e3">
         <path>F:\Ti\CCS\ccs\tools\compiler\ti-cgt-armllvm_4.0.0.LTS\lib\armv6m-ti-none-eabi\c\</path>
         <kind>archive</kind>
         <file>libsysbm.a</file>
         <name>open.c.obj</name>
      </input_file>
      <input_file id="fl-e4">
         <path>F:\Ti\CCS\ccs\tools\compiler\ti-cgt-armllvm_4.0.0.LTS\lib\armv6m-ti-none-eabi\c\</path>
         <kind>archive</kind>
         <file>libsysbm.a</file>
         <name>lseek.c.obj</name>
      </input_file>
      <input_file id="fl-e5">
         <path>F:\Ti\CCS\ccs\tools\compiler\ti-cgt-armllvm_4.0.0.LTS\lib\armv6m-ti-none-eabi\c\</path>
         <kind>archive</kind>
         <file>libsysbm.a</file>
         <name>close.c.obj</name>
      </input_file>
      <input_file id="fl-e6">
         <path>F:\Ti\CCS\ccs\tools\compiler\ti-cgt-armllvm_4.0.0.LTS\lib\armv6m-ti-none-eabi\c\</path>
         <kind>archive</kind>
         <file>libsysbm.a</file>
         <name>unlink.c.obj</name>
      </input_file>
      <input_file id="fl-e7">
         <path>F:\Ti\CCS\ccs\tools\compiler\ti-cgt-armllvm_4.0.0.LTS\lib\armv6m-ti-none-eabi\c\</path>
         <kind>archive</kind>
         <file>libsysbm.a</file>
         <name>hostclose.c.obj</name>
      </input_file>
      <input_file id="fl-e8">
         <path>F:\Ti\CCS\ccs\tools\compiler\ti-cgt-armllvm_4.0.0.LTS\lib\armv6m-ti-none-eabi\c\</path>
         <kind>archive</kind>
         <file>libsysbm.a</file>
         <name>hostlseek.c.obj</name>
      </input_file>
      <input_file id="fl-e9">
         <path>F:\Ti\CCS\ccs\tools\compiler\ti-cgt-armllvm_4.0.0.LTS\lib\armv6m-ti-none-eabi\c\</path>
         <kind>archive</kind>
         <file>libsysbm.a</file>
         <name>hostopen.c.obj</name>
      </input_file>
      <input_file id="fl-ea">
         <path>F:\Ti\CCS\ccs\tools\compiler\ti-cgt-armllvm_4.0.0.LTS\lib\armv6m-ti-none-eabi\c\</path>
         <kind>archive</kind>
         <file>libsysbm.a</file>
         <name>hostread.c.obj</name>
      </input_file>
      <input_file id="fl-eb">
         <path>F:\Ti\CCS\ccs\tools\compiler\ti-cgt-armllvm_4.0.0.LTS\lib\armv6m-ti-none-eabi\c\</path>
         <kind>archive</kind>
         <file>libsysbm.a</file>
         <name>hostrename.c.obj</name>
      </input_file>
      <input_file id="fl-ec">
         <path>F:\Ti\CCS\ccs\tools\compiler\ti-cgt-armllvm_4.0.0.LTS\lib\armv6m-ti-none-eabi\c\</path>
         <kind>archive</kind>
         <file>libsysbm.a</file>
         <name>hostunlink.c.obj</name>
      </input_file>
      <input_file id="fl-ed">
         <path>F:\Ti\CCS\ccs\tools\compiler\ti-cgt-armllvm_4.0.0.LTS\lib\armv6m-ti-none-eabi\c\</path>
         <kind>archive</kind>
         <file>libsysbm.a</file>
         <name>hostwrite.c.obj</name>
      </input_file>
      <input_file id="fl-ee">
         <path>F:\Ti\CCS\ccs\tools\compiler\ti-cgt-armllvm_4.0.0.LTS\lib\armv6m-ti-none-eabi\c\</path>
         <kind>archive</kind>
         <file>libsysbm.a</file>
         <name>trgmsg.c.obj</name>
      </input_file>
      <input_file id="fl-ef">
         <path>F:\Ti\CCS\ccs\tools\compiler\ti-cgt-armllvm_4.0.0.LTS\lib\armv6m-ti-none-eabi\</path>
         <kind>archive</kind>
         <file>libclang_rt.builtins.a</file>
         <name>adddf3.S.obj</name>
      </input_file>
      <input_file id="fl-f0">
         <path>F:\Ti\CCS\ccs\tools\compiler\ti-cgt-armllvm_4.0.0.LTS\lib\armv6m-ti-none-eabi\</path>
         <kind>archive</kind>
         <file>libclang_rt.builtins.a</file>
         <name>muldf3.S.obj</name>
      </input_file>
      <input_file id="fl-f1">
         <path>F:\Ti\CCS\ccs\tools\compiler\ti-cgt-armllvm_4.0.0.LTS\lib\armv6m-ti-none-eabi\</path>
         <kind>archive</kind>
         <file>libclang_rt.builtins.a</file>
         <name>muldsi3.S.obj</name>
      </input_file>
      <input_file id="fl-f2">
         <path>F:\Ti\CCS\ccs\tools\compiler\ti-cgt-armllvm_4.0.0.LTS\lib\armv6m-ti-none-eabi\</path>
         <kind>archive</kind>
         <file>libclang_rt.builtins.a</file>
         <name>divdf3.S.obj</name>
      </input_file>
      <input_file id="fl-f3">
         <path>F:\Ti\CCS\ccs\tools\compiler\ti-cgt-armllvm_4.0.0.LTS\lib\armv6m-ti-none-eabi\</path>
         <kind>archive</kind>
         <file>libclang_rt.builtins.a</file>
         <name>fixdfsi.S.obj</name>
      </input_file>
      <input_file id="fl-f4">
         <path>F:\Ti\CCS\ccs\tools\compiler\ti-cgt-armllvm_4.0.0.LTS\lib\armv6m-ti-none-eabi\</path>
         <kind>archive</kind>
         <file>libclang_rt.builtins.a</file>
         <name>floatsidf.S.obj</name>
      </input_file>
      <input_file id="fl-f5">
         <path>F:\Ti\CCS\ccs\tools\compiler\ti-cgt-armllvm_4.0.0.LTS\lib\armv6m-ti-none-eabi\</path>
         <kind>archive</kind>
         <file>libclang_rt.builtins.a</file>
         <name>muldi3.S.obj</name>
      </input_file>
      <input_file id="fl-f6">
         <path>F:\Ti\CCS\ccs\tools\compiler\ti-cgt-armllvm_4.0.0.LTS\lib\armv6m-ti-none-eabi\</path>
         <kind>archive</kind>
         <file>libclang_rt.builtins.a</file>
         <name>aeabi_dcmp.S.obj</name>
      </input_file>
      <input_file id="fl-f7">
         <path>F:\Ti\CCS\ccs\tools\compiler\ti-cgt-armllvm_4.0.0.LTS\lib\armv6m-ti-none-eabi\</path>
         <kind>archive</kind>
         <file>libclang_rt.builtins.a</file>
         <name>aeabi_idivmod.S.obj</name>
      </input_file>
      <input_file id="fl-f8">
         <path>F:\Ti\CCS\ccs\tools\compiler\ti-cgt-armllvm_4.0.0.LTS\lib\armv6m-ti-none-eabi\</path>
         <kind>archive</kind>
         <file>libclang_rt.builtins.a</file>
         <name>aeabi_memcpy.S.obj</name>
      </input_file>
      <input_file id="fl-f9">
         <path>F:\Ti\CCS\ccs\tools\compiler\ti-cgt-armllvm_4.0.0.LTS\lib\armv6m-ti-none-eabi\</path>
         <kind>archive</kind>
         <file>libclang_rt.builtins.a</file>
         <name>aeabi_memset.S.obj</name>
      </input_file>
      <input_file id="fl-fa">
         <path>F:\Ti\CCS\ccs\tools\compiler\ti-cgt-armllvm_4.0.0.LTS\lib\armv6m-ti-none-eabi\</path>
         <kind>archive</kind>
         <file>libclang_rt.builtins.a</file>
         <name>aeabi_uidivmod.S.obj</name>
      </input_file>
      <input_file id="fl-fb">
         <path>F:\Ti\CCS\ccs\tools\compiler\ti-cgt-armllvm_4.0.0.LTS\lib\armv6m-ti-none-eabi\</path>
         <kind>archive</kind>
         <file>libclang_rt.builtins.a</file>
         <name>aeabi_uldivmod.S.obj</name>
      </input_file>
      <input_file id="fl-fc">
         <path>F:\Ti\CCS\ccs\tools\compiler\ti-cgt-armllvm_4.0.0.LTS\lib\armv6m-ti-none-eabi\</path>
         <kind>archive</kind>
         <file>libclang_rt.builtins.a</file>
         <name>udivmoddi4.S.obj</name>
      </input_file>
      <input_file id="fl-fd">
         <path>F:\Ti\CCS\ccs\tools\compiler\ti-cgt-armllvm_4.0.0.LTS\lib\armv6m-ti-none-eabi\</path>
         <kind>archive</kind>
         <file>libclang_rt.builtins.a</file>
         <name>ashldi3.S.obj</name>
      </input_file>
      <input_file id="fl-fe">
         <path>F:\Ti\CCS\ccs\tools\compiler\ti-cgt-armllvm_4.0.0.LTS\lib\armv6m-ti-none-eabi\</path>
         <kind>archive</kind>
         <file>libclang_rt.builtins.a</file>
         <name>comparedf2.c.obj</name>
      </input_file>
      <input_file id="fl-ff">
         <path>F:\Ti\CCS\ccs\tools\compiler\ti-cgt-armllvm_4.0.0.LTS\lib\armv6m-ti-none-eabi\</path>
         <kind>archive</kind>
         <file>libclang_rt.builtins.a</file>
         <name>aeabi_div0.c.obj</name>
      </input_file>
      <input_file id="fl-100">
         <path>F:\Ti\CCS\ccs\tools\compiler\ti-cgt-armllvm_4.0.0.LTS\lib\armv6m-ti-none-eabi\c\</path>
         <kind>archive</kind>
         <file>libc.a</file>
         <name>getdevice.c.obj</name>
      </input_file>
      <input_file id="fl-101">
         <path>F:\Ti\CCS\ccs\tools\compiler\ti-cgt-armllvm_4.0.0.LTS\lib\armv6m-ti-none-eabi\c\</path>
         <kind>archive</kind>
         <file>libc.a</file>
         <name>memcpy16.S.obj</name>
      </input_file>
      <input_file id="fl-102">
         <path>F:\Ti\CCS\ccs\tools\compiler\ti-cgt-armllvm_4.0.0.LTS\lib\armv6m-ti-none-eabi\c\</path>
         <kind>archive</kind>
         <file>libc.a</file>
         <name>memset16.S.obj</name>
      </input_file>
      <input_file id="fl-103">
         <path>F:\Ti\CCS\ccs\tools\compiler\ti-cgt-armllvm_4.0.0.LTS\lib\armv6m-ti-none-eabi\c\</path>
         <kind>archive</kind>
         <file>libc.a</file>
         <name>strcmp-armv6m.S.obj</name>
      </input_file>
   </input_file_list>
   <object_component_list>
      <object_component id="oc-18">
         <name>.intvecs</name>
         <load_address>0x0</load_address>
         <readonly>true</readonly>
         <run_address>0x0</run_address>
         <size>0xc0</size>
         <alignment>0x4</alignment>
         <input_file_ref idref="fl-3"/>
      </object_component>
      <object_component id="oc-87">
         <name>.text.OLED_Init</name>
         <load_address>0xc0</load_address>
         <readonly>true</readonly>
         <executable>true</executable>
         <run_address>0xc0</run_address>
         <size>0x12a4</size>
         <alignment>0x4</alignment>
         <input_file_ref idref="fl-4"/>
      </object_component>
      <object_component id="oc-92">
         <name>.text.OLED_Clear</name>
         <load_address>0x1364</load_address>
         <readonly>true</readonly>
         <executable>true</executable>
         <run_address>0x1364</run_address>
         <size>0xa90</size>
         <alignment>0x4</alignment>
         <input_file_ref idref="fl-4"/>
      </object_component>
      <object_component id="oc-136">
         <name>.text:__TI_printfi</name>
         <load_address>0x1df4</load_address>
         <readonly>true</readonly>
         <executable>true</executable>
         <run_address>0x1df4</run_address>
         <size>0x9d0</size>
         <alignment>0x4</alignment>
         <input_file_ref idref="fl-35"/>
      </object_component>
      <object_component id="oc-8f">
         <name>.text.OLED_ShowNum</name>
         <load_address>0x27c4</load_address>
         <readonly>true</readonly>
         <executable>true</executable>
         <run_address>0x27c4</run_address>
         <size>0x3aa</size>
         <alignment>0x2</alignment>
         <input_file_ref idref="fl-4"/>
      </object_component>
      <object_component id="oc-33">
         <name>.text.Default_Handler</name>
         <load_address>0x2b6e</load_address>
         <readonly>true</readonly>
         <executable>true</executable>
         <run_address>0x2b6e</run_address>
         <size>0x2</size>
         <alignment>0x2</alignment>
         <input_file_ref idref="fl-3"/>
      </object_component>
      <object_component id="oc-95">
         <name>.text.OLED_ScrollDisplay</name>
         <load_address>0x2b70</load_address>
         <readonly>true</readonly>
         <executable>true</executable>
         <run_address>0x2b70</run_address>
         <size>0x334</size>
         <alignment>0x4</alignment>
         <input_file_ref idref="fl-4"/>
      </object_component>
      <object_component id="oc-90">
         <name>.text.OLED_Refresh</name>
         <load_address>0x2ea4</load_address>
         <readonly>true</readonly>
         <executable>true</executable>
         <run_address>0x2ea4</run_address>
         <size>0x2b4</size>
         <alignment>0x4</alignment>
         <input_file_ref idref="fl-4"/>
      </object_component>
      <object_component id="oc-93">
         <name>.text.OLED_ShowChinese</name>
         <load_address>0x3158</load_address>
         <readonly>true</readonly>
         <executable>true</executable>
         <run_address>0x3158</run_address>
         <size>0x294</size>
         <alignment>0x4</alignment>
         <input_file_ref idref="fl-4"/>
      </object_component>
      <object_component id="oc-97">
         <name>.text.OLED_ShowChar</name>
         <load_address>0x33ec</load_address>
         <readonly>true</readonly>
         <executable>true</executable>
         <run_address>0x33ec</run_address>
         <size>0x270</size>
         <alignment>0x4</alignment>
         <input_file_ref idref="fl-4"/>
      </object_component>
      <object_component id="oc-96">
         <name>.text.OLED_ShowPicture</name>
         <load_address>0x365c</load_address>
         <readonly>true</readonly>
         <executable>true</executable>
         <run_address>0x365c</run_address>
         <size>0x244</size>
         <alignment>0x4</alignment>
         <input_file_ref idref="fl-4"/>
      </object_component>
      <object_component id="oc-63">
         <name>.text.main</name>
         <load_address>0x38a0</load_address>
         <readonly>true</readonly>
         <executable>true</executable>
         <run_address>0x38a0</run_address>
         <size>0x224</size>
         <alignment>0x4</alignment>
         <input_file_ref idref="fl-1"/>
      </object_component>
      <object_component id="oc-159">
         <name>.text._pconv_a</name>
         <load_address>0x3ac4</load_address>
         <readonly>true</readonly>
         <executable>true</executable>
         <run_address>0x3ac4</run_address>
         <size>0x220</size>
         <alignment>0x4</alignment>
         <input_file_ref idref="fl-35"/>
      </object_component>
      <object_component id="oc-15e">
         <name>.text._pconv_g</name>
         <load_address>0x3ce4</load_address>
         <readonly>true</readonly>
         <executable>true</executable>
         <run_address>0x3ce4</run_address>
         <size>0x1dc</size>
         <alignment>0x4</alignment>
         <input_file_ref idref="fl-35"/>
      </object_component>
      <object_component id="oc-1a2">
         <name>.text.adddf3_subdf3</name>
         <load_address>0x3ec0</load_address>
         <readonly>true</readonly>
         <executable>true</executable>
         <run_address>0x3ec0</run_address>
         <size>0x192</size>
         <alignment>0x4</alignment>
         <input_file_ref idref="fl-ef"/>
      </object_component>
      <object_component id="oc-112">
         <name>.text.__aeabi_idiv0</name>
         <load_address>0x4052</load_address>
         <readonly>true</readonly>
         <executable>true</executable>
         <run_address>0x4052</run_address>
         <size>0x2</size>
         <alignment>0x2</alignment>
         <input_file_ref idref="fl-ff"/>
      </object_component>
      <object_component id="oc-1a6">
         <name>.text.fcvt</name>
         <load_address>0x4054</load_address>
         <readonly>true</readonly>
         <executable>true</executable>
         <run_address>0x4054</run_address>
         <size>0x13c</size>
         <alignment>0x4</alignment>
         <input_file_ref idref="fl-35"/>
      </object_component>
      <object_component id="oc-8e">
         <name>.text.OLED_DisplayTurn</name>
         <load_address>0x4190</load_address>
         <readonly>true</readonly>
         <executable>true</executable>
         <run_address>0x4190</run_address>
         <size>0x120</size>
         <alignment>0x4</alignment>
         <input_file_ref idref="fl-4"/>
      </object_component>
      <object_component id="oc-160">
         <name>.text._pconv_e</name>
         <load_address>0x42b0</load_address>
         <readonly>true</readonly>
         <executable>true</executable>
         <run_address>0x42b0</run_address>
         <size>0x120</size>
         <alignment>0x4</alignment>
         <input_file_ref idref="fl-35"/>
      </object_component>
      <object_component id="oc-86">
         <name>.text.LOG_Debug_Out</name>
         <load_address>0x43d0</load_address>
         <readonly>true</readonly>
         <executable>true</executable>
         <run_address>0x43d0</run_address>
         <size>0x10c</size>
         <alignment>0x4</alignment>
         <input_file_ref idref="fl-5"/>
      </object_component>
      <object_component id="oc-19e">
         <name>.text.__divdf3</name>
         <load_address>0x44dc</load_address>
         <readonly>true</readonly>
         <executable>true</executable>
         <run_address>0x44dc</run_address>
         <size>0x10c</size>
         <alignment>0x4</alignment>
         <input_file_ref idref="fl-f2"/>
      </object_component>
      <object_component id="oc-fe">
         <name>.text.DL_SYSCTL_configSYSPLL</name>
         <load_address>0x45e8</load_address>
         <readonly>true</readonly>
         <executable>true</executable>
         <run_address>0x45e8</run_address>
         <size>0xec</size>
         <alignment>0x4</alignment>
         <input_file_ref idref="fl-16"/>
      </object_component>
      <object_component id="oc-18e">
         <name>.text.__muldf3</name>
         <load_address>0x46d4</load_address>
         <readonly>true</readonly>
         <executable>true</executable>
         <run_address>0x46d4</run_address>
         <size>0xe4</size>
         <alignment>0x4</alignment>
         <input_file_ref idref="fl-f0"/>
      </object_component>
      <object_component id="oc-17d">
         <name>.text.scalbn</name>
         <load_address>0x47b8</load_address>
         <readonly>true</readonly>
         <executable>true</executable>
         <run_address>0x47b8</run_address>
         <size>0xd8</size>
         <alignment>0x4</alignment>
         <input_file_ref idref="fl-38"/>
      </object_component>
      <object_component id="oc-174">
         <name>.text</name>
         <load_address>0x4890</load_address>
         <readonly>true</readonly>
         <executable>true</executable>
         <run_address>0x4890</run_address>
         <size>0xa2</size>
         <alignment>0x4</alignment>
         <input_file_ref idref="fl-fc"/>
      </object_component>
      <object_component id="oc-76">
         <name>.text:memcpy</name>
         <load_address>0x4932</load_address>
         <readonly>true</readonly>
         <executable>true</executable>
         <run_address>0x4932</run_address>
         <size>0x9a</size>
         <alignment>0x1</alignment>
         <input_file_ref idref="fl-101"/>
      </object_component>
      <object_component id="oc-8d">
         <name>.text.OLED_ColorTurn</name>
         <load_address>0x49cc</load_address>
         <readonly>true</readonly>
         <executable>true</executable>
         <run_address>0x49cc</run_address>
         <size>0x98</size>
         <alignment>0x4</alignment>
         <input_file_ref idref="fl-4"/>
      </object_component>
      <object_component id="oc-94">
         <name>.text.OLED_ShowString</name>
         <load_address>0x4a64</load_address>
         <readonly>true</readonly>
         <executable>true</executable>
         <run_address>0x4a64</run_address>
         <size>0x8c</size>
         <alignment>0x2</alignment>
         <input_file_ref idref="fl-4"/>
      </object_component>
      <object_component id="oc-1c">
         <name>.text:decompress:lzss</name>
         <load_address>0x4af0</load_address>
         <readonly>true</readonly>
         <executable>true</executable>
         <run_address>0x4af0</run_address>
         <size>0x7c</size>
         <alignment>0x4</alignment>
         <input_file_ref idref="fl-34"/>
      </object_component>
      <object_component id="oc-19c">
         <name>.text.__gedf2</name>
         <load_address>0x4b6c</load_address>
         <readonly>true</readonly>
         <executable>true</executable>
         <run_address>0x4b6c</run_address>
         <size>0x74</size>
         <alignment>0x4</alignment>
         <input_file_ref idref="fl-fe"/>
      </object_component>
      <object_component id="oc-196">
         <name>.text.__ledf2</name>
         <load_address>0x4be0</load_address>
         <readonly>true</readonly>
         <executable>true</executable>
         <run_address>0x4be0</run_address>
         <size>0x68</size>
         <alignment>0x4</alignment>
         <input_file_ref idref="fl-fe"/>
      </object_component>
      <object_component id="oc-80">
         <name>.text.lc_printf</name>
         <load_address>0x4c48</load_address>
         <readonly>true</readonly>
         <executable>true</executable>
         <run_address>0x4c48</run_address>
         <size>0x68</size>
         <alignment>0x4</alignment>
         <input_file_ref idref="fl-5"/>
      </object_component>
      <object_component id="oc-195">
         <name>.text._mcpy</name>
         <load_address>0x4cb0</load_address>
         <readonly>true</readonly>
         <executable>true</executable>
         <run_address>0x4cb0</run_address>
         <size>0x66</size>
         <alignment>0x2</alignment>
         <input_file_ref idref="fl-35"/>
      </object_component>
      <object_component id="oc-1a9">
         <name>.text.__aeabi_ldiv0</name>
         <load_address>0x4d16</load_address>
         <readonly>true</readonly>
         <executable>true</executable>
         <run_address>0x4d16</run_address>
         <size>0x2</size>
         <alignment>0x2</alignment>
         <input_file_ref idref="fl-ff"/>
      </object_component>
      <object_component id="oc-fd">
         <name>.text.DL_SYSCTL_setHFCLKSourceHFXTParams</name>
         <load_address>0x4d18</load_address>
         <readonly>true</readonly>
         <executable>true</executable>
         <run_address>0x4d18</run_address>
         <size>0x64</size>
         <alignment>0x4</alignment>
         <input_file_ref idref="fl-16"/>
      </object_component>
      <object_component id="oc-c9">
         <name>.text.SYSCFG_DL_SYSCTL_init</name>
         <load_address>0x4d7c</load_address>
         <readonly>true</readonly>
         <executable>true</executable>
         <run_address>0x4d7c</run_address>
         <size>0x64</size>
         <alignment>0x4</alignment>
         <input_file_ref idref="fl-2"/>
      </object_component>
      <object_component id="oc-15a">
         <name>.text.__aeabi_dcmp</name>
         <load_address>0x4de0</load_address>
         <readonly>true</readonly>
         <executable>true</executable>
         <run_address>0x4de0</run_address>
         <size>0x62</size>
         <alignment>0x4</alignment>
         <input_file_ref idref="fl-f6"/>
      </object_component>
      <object_component id="oc-c6">
         <name>.text:memset</name>
         <load_address>0x4e42</load_address>
         <readonly>true</readonly>
         <executable>true</executable>
         <run_address>0x4e42</run_address>
         <size>0x62</size>
         <alignment>0x1</alignment>
         <input_file_ref idref="fl-102"/>
      </object_component>
      <object_component id="oc-cc">
         <name>.text.SYSCFG_DL_UART_0_init</name>
         <load_address>0x4ea4</load_address>
         <readonly>true</readonly>
         <executable>true</executable>
         <run_address>0x4ea4</run_address>
         <size>0x60</size>
         <alignment>0x4</alignment>
         <input_file_ref idref="fl-2"/>
      </object_component>
      <object_component id="oc-179">
         <name>.text.frexp</name>
         <load_address>0x4f04</load_address>
         <readonly>true</readonly>
         <executable>true</executable>
         <run_address>0x4f04</run_address>
         <size>0x5c</size>
         <alignment>0x4</alignment>
         <input_file_ref idref="fl-37"/>
      </object_component>
      <object_component id="oc-185">
         <name>.text.__TI_ltoa</name>
         <load_address>0x4f60</load_address>
         <readonly>true</readonly>
         <executable>true</executable>
         <run_address>0x4f60</run_address>
         <size>0x58</size>
         <alignment>0x2</alignment>
         <input_file_ref idref="fl-3c"/>
      </object_component>
      <object_component id="oc-15f">
         <name>.text._pconv_f</name>
         <load_address>0x4fb8</load_address>
         <readonly>true</readonly>
         <executable>true</executable>
         <run_address>0x4fb8</run_address>
         <size>0x58</size>
         <alignment>0x2</alignment>
         <input_file_ref idref="fl-35"/>
      </object_component>
      <object_component id="oc-1b6">
         <name>.text.__aeabi_idivmod</name>
         <load_address>0x5010</load_address>
         <readonly>true</readonly>
         <executable>true</executable>
         <run_address>0x5010</run_address>
         <size>0x56</size>
         <alignment>0x4</alignment>
         <input_file_ref idref="fl-f7"/>
      </object_component>
      <object_component id="oc-df">
         <name>.text.DL_I2C_fillControllerTXFIFO</name>
         <load_address>0x5066</load_address>
         <readonly>true</readonly>
         <executable>true</executable>
         <run_address>0x5066</run_address>
         <size>0x54</size>
         <alignment>0x2</alignment>
         <input_file_ref idref="fl-14"/>
      </object_component>
      <object_component id="oc-cb">
         <name>.text.SYSCFG_DL_I2C_OLED_init</name>
         <load_address>0x50bc</load_address>
         <readonly>true</readonly>
         <executable>true</executable>
         <run_address>0x50bc</run_address>
         <size>0x54</size>
         <alignment>0x4</alignment>
         <input_file_ref idref="fl-2"/>
      </object_component>
      <object_component id="oc-193">
         <name>.text._ecpy</name>
         <load_address>0x5110</load_address>
         <readonly>true</readonly>
         <executable>true</executable>
         <run_address>0x5110</run_address>
         <size>0x52</size>
         <alignment>0x2</alignment>
         <input_file_ref idref="fl-35"/>
      </object_component>
      <object_component id="oc-c8">
         <name>.text.SYSCFG_DL_GPIO_init</name>
         <load_address>0x5164</load_address>
         <readonly>true</readonly>
         <executable>true</executable>
         <run_address>0x5164</run_address>
         <size>0x50</size>
         <alignment>0x4</alignment>
         <input_file_ref idref="fl-2"/>
      </object_component>
      <object_component id="oc-ff">
         <name>.text.DL_SYSCTL_switchMCLKfromSYSOSCtoHSCLK</name>
         <load_address>0x51b4</load_address>
         <readonly>true</readonly>
         <executable>true</executable>
         <run_address>0x51b4</run_address>
         <size>0x4c</size>
         <alignment>0x4</alignment>
         <input_file_ref idref="fl-16"/>
      </object_component>
      <object_component id="oc-104">
         <name>.text.DL_UART_init</name>
         <load_address>0x5200</load_address>
         <readonly>true</readonly>
         <executable>true</executable>
         <run_address>0x5200</run_address>
         <size>0x4c</size>
         <alignment>0x4</alignment>
         <input_file_ref idref="fl-15"/>
      </object_component>
      <object_component id="oc-181">
         <name>.text.__fixdfsi</name>
         <load_address>0x524c</load_address>
         <readonly>true</readonly>
         <executable>true</executable>
         <run_address>0x524c</run_address>
         <size>0x4a</size>
         <alignment>0x4</alignment>
         <input_file_ref idref="fl-f3"/>
      </object_component>
      <object_component id="oc-c7">
         <name>.text.SYSCFG_DL_initPower</name>
         <load_address>0x5298</load_address>
         <readonly>true</readonly>
         <executable>true</executable>
         <run_address>0x5298</run_address>
         <size>0x40</size>
         <alignment>0x4</alignment>
         <input_file_ref idref="fl-2"/>
      </object_component>
      <object_component id="oc-e3">
         <name>.text.__aeabi_uidivmod</name>
         <load_address>0x52d8</load_address>
         <readonly>true</readonly>
         <executable>true</executable>
         <run_address>0x52d8</run_address>
         <size>0x40</size>
         <alignment>0x4</alignment>
         <input_file_ref idref="fl-fa"/>
      </object_component>
      <object_component id="oc-143">
         <name>.text.atoi</name>
         <load_address>0x5318</load_address>
         <readonly>true</readonly>
         <executable>true</executable>
         <run_address>0x5318</run_address>
         <size>0x40</size>
         <alignment>0x4</alignment>
         <input_file_ref idref="fl-3f"/>
      </object_component>
      <object_component id="oc-d0">
         <name>.text.vsnprintf</name>
         <load_address>0x5358</load_address>
         <readonly>true</readonly>
         <executable>true</executable>
         <run_address>0x5358</run_address>
         <size>0x40</size>
         <alignment>0x4</alignment>
         <input_file_ref idref="fl-2c"/>
      </object_component>
      <object_component id="oc-ae">
         <name>.text:__TI_auto_init_nobinit_nopinit</name>
         <load_address>0x5398</load_address>
         <readonly>true</readonly>
         <executable>true</executable>
         <run_address>0x5398</run_address>
         <size>0x3c</size>
         <alignment>0x4</alignment>
         <input_file_ref idref="fl-2f"/>
      </object_component>
      <object_component id="oc-16f">
         <name>.text.__muldsi3</name>
         <load_address>0x53d4</load_address>
         <readonly>true</readonly>
         <executable>true</executable>
         <run_address>0x53d4</run_address>
         <size>0x3a</size>
         <alignment>0x4</alignment>
         <input_file_ref idref="fl-f1"/>
      </object_component>
      <object_component id="oc-d8">
         <name>.text.sprintf</name>
         <load_address>0x5410</load_address>
         <readonly>true</readonly>
         <executable>true</executable>
         <run_address>0x5410</run_address>
         <size>0x38</size>
         <alignment>0x4</alignment>
         <input_file_ref idref="fl-2b"/>
      </object_component>
      <object_component id="oc-101">
         <name>.text.DL_I2C_setClockConfig</name>
         <load_address>0x5448</load_address>
         <readonly>true</readonly>
         <executable>true</executable>
         <run_address>0x5448</run_address>
         <size>0x34</size>
         <alignment>0x4</alignment>
         <input_file_ref idref="fl-14"/>
      </object_component>
      <object_component id="oc-194">
         <name>.text._fcpy</name>
         <load_address>0x547c</load_address>
         <readonly>true</readonly>
         <executable>true</executable>
         <run_address>0x547c</run_address>
         <size>0x30</size>
         <alignment>0x2</alignment>
         <input_file_ref idref="fl-35"/>
      </object_component>
      <object_component id="oc-108">
         <name>.text._outs</name>
         <load_address>0x54ac</load_address>
         <readonly>true</readonly>
         <executable>true</executable>
         <run_address>0x54ac</run_address>
         <size>0x30</size>
         <alignment>0x2</alignment>
         <input_file_ref idref="fl-2c"/>
      </object_component>
      <object_component id="oc-189">
         <name>.text.__floatsidf</name>
         <load_address>0x54dc</load_address>
         <readonly>true</readonly>
         <executable>true</executable>
         <run_address>0x54dc</run_address>
         <size>0x2c</size>
         <alignment>0x4</alignment>
         <input_file_ref idref="fl-f4"/>
      </object_component>
      <object_component id="oc-12c">
         <name>.text.DL_Common_updateReg</name>
         <load_address>0x5508</load_address>
         <readonly>true</readonly>
         <executable>true</executable>
         <run_address>0x5508</run_address>
         <size>0x28</size>
         <alignment>0x2</alignment>
         <input_file_ref idref="fl-14"/>
      </object_component>
      <object_component id="oc-128">
         <name>.text.DL_Common_updateReg</name>
         <load_address>0x5530</load_address>
         <readonly>true</readonly>
         <executable>true</executable>
         <run_address>0x5530</run_address>
         <size>0x28</size>
         <alignment>0x2</alignment>
         <input_file_ref idref="fl-16"/>
      </object_component>
      <object_component id="oc-12e">
         <name>.text.DL_Common_updateReg</name>
         <load_address>0x5558</load_address>
         <readonly>true</readonly>
         <executable>true</executable>
         <run_address>0x5558</run_address>
         <size>0x28</size>
         <alignment>0x2</alignment>
         <input_file_ref idref="fl-15"/>
      </object_component>
      <object_component id="oc-cd">
         <name>.text.SYSCFG_DL_SYSCTL_CLK_init</name>
         <load_address>0x5580</load_address>
         <readonly>true</readonly>
         <executable>true</executable>
         <run_address>0x5580</run_address>
         <size>0x28</size>
         <alignment>0x4</alignment>
         <input_file_ref idref="fl-2"/>
      </object_component>
      <object_component id="oc-4f">
         <name>.text:_c_int00_noargs</name>
         <load_address>0x55a8</load_address>
         <readonly>true</readonly>
         <executable>true</executable>
         <run_address>0x55a8</run_address>
         <size>0x28</size>
         <alignment>0x4</alignment>
         <input_file_ref idref="fl-2d"/>
      </object_component>
      <object_component id="oc-103">
         <name>.text.DL_UART_setClockConfig</name>
         <load_address>0x55d0</load_address>
         <readonly>true</readonly>
         <executable>true</executable>
         <run_address>0x55d0</run_address>
         <size>0x24</size>
         <alignment>0x4</alignment>
         <input_file_ref idref="fl-15"/>
      </object_component>
      <object_component id="oc-150">
         <name>.text.__muldi3</name>
         <load_address>0x55f4</load_address>
         <readonly>true</readonly>
         <executable>true</executable>
         <run_address>0x55f4</run_address>
         <size>0x24</size>
         <alignment>0x4</alignment>
         <input_file_ref idref="fl-f5"/>
      </object_component>
      <object_component id="oc-13c">
         <name>.text.memccpy</name>
         <load_address>0x5618</load_address>
         <readonly>true</readonly>
         <executable>true</executable>
         <run_address>0x5618</run_address>
         <size>0x22</size>
         <alignment>0x2</alignment>
         <input_file_ref idref="fl-41"/>
      </object_component>
      <object_component id="oc-12a">
         <name>.text.DL_CORE_configInstruction</name>
         <load_address>0x563c</load_address>
         <readonly>true</readonly>
         <executable>true</executable>
         <run_address>0x563c</run_address>
         <size>0x20</size>
         <alignment>0x4</alignment>
         <input_file_ref idref="fl-16"/>
      </object_component>
      <object_component id="oc-122">
         <name>.text.DL_SYSCTL_setHFXTFrequencyRange</name>
         <load_address>0x565c</load_address>
         <readonly>true</readonly>
         <executable>true</executable>
         <run_address>0x565c</run_address>
         <size>0x20</size>
         <alignment>0x4</alignment>
         <input_file_ref idref="fl-16"/>
      </object_component>
      <object_component id="oc-1aa">
         <name>.text.__ashldi3</name>
         <load_address>0x567c</load_address>
         <readonly>true</readonly>
         <executable>true</executable>
         <run_address>0x567c</run_address>
         <size>0x1e</size>
         <alignment>0x4</alignment>
         <input_file_ref idref="fl-fd"/>
      </object_component>
      <object_component id="oc-110">
         <name>.text.DL_I2C_isControllerTXFIFOFull</name>
         <load_address>0x569c</load_address>
         <readonly>true</readonly>
         <executable>true</executable>
         <run_address>0x569c</run_address>
         <size>0x1c</size>
         <alignment>0x4</alignment>
         <input_file_ref idref="fl-14"/>
      </object_component>
      <object_component id="oc-7b">
         <name>.text.SYSCFG_DL_init</name>
         <load_address>0x56b8</load_address>
         <readonly>true</readonly>
         <executable>true</executable>
         <run_address>0x56b8</run_address>
         <size>0x1c</size>
         <alignment>0x2</alignment>
         <input_file_ref idref="fl-2"/>
      </object_component>
      <object_component id="oc-123">
         <name>.text.DL_SYSCTL_setHFXTStartupTime</name>
         <load_address>0x56d4</load_address>
         <readonly>true</readonly>
         <executable>true</executable>
         <run_address>0x56d4</run_address>
         <size>0x18</size>
         <alignment>0x4</alignment>
         <input_file_ref idref="fl-16"/>
      </object_component>
      <object_component id="oc-12b">
         <name>.text.DL_SYSCTL_setHSCLKSource</name>
         <load_address>0x56ec</load_address>
         <readonly>true</readonly>
         <executable>true</executable>
         <run_address>0x56ec</run_address>
         <size>0x18</size>
         <alignment>0x4</alignment>
         <input_file_ref idref="fl-16"/>
      </object_component>
      <object_component id="oc-109">
         <name>.text._outc</name>
         <load_address>0x5704</load_address>
         <readonly>true</readonly>
         <executable>true</executable>
         <run_address>0x5704</run_address>
         <size>0x18</size>
         <alignment>0x2</alignment>
         <input_file_ref idref="fl-2c"/>
      </object_component>
      <object_component id="oc-10c">
         <name>.text._outs</name>
         <load_address>0x571c</load_address>
         <readonly>true</readonly>
         <executable>true</executable>
         <run_address>0x571c</run_address>
         <size>0x18</size>
         <alignment>0x2</alignment>
         <input_file_ref idref="fl-2b"/>
      </object_component>
      <object_component id="oc-111">
         <name>.text.DL_I2C_transmitControllerData</name>
         <load_address>0x5734</load_address>
         <readonly>true</readonly>
         <executable>true</executable>
         <run_address>0x5734</run_address>
         <size>0x16</size>
         <alignment>0x2</alignment>
         <input_file_ref idref="fl-14"/>
      </object_component>
      <object_component id="oc-12d">
         <name>.text.DL_UART_disable</name>
         <load_address>0x574a</load_address>
         <readonly>true</readonly>
         <executable>true</executable>
         <run_address>0x574a</run_address>
         <size>0x16</size>
         <alignment>0x2</alignment>
         <input_file_ref idref="fl-15"/>
      </object_component>
      <object_component id="oc-e7">
         <name>.text.DL_Common_delayCycles</name>
         <load_address>0x5760</load_address>
         <readonly>true</readonly>
         <executable>true</executable>
         <run_address>0x5760</run_address>
         <size>0x14</size>
         <alignment>0x2</alignment>
         <input_file_ref idref="fl-13"/>
      </object_component>
      <object_component id="oc-126">
         <name>.text.DL_SYSCTL_disableHFCLKStartupMonitor</name>
         <load_address>0x5774</load_address>
         <readonly>true</readonly>
         <executable>true</executable>
         <run_address>0x5774</run_address>
         <size>0x14</size>
         <alignment>0x4</alignment>
         <input_file_ref idref="fl-16"/>
      </object_component>
      <object_component id="oc-127">
         <name>.text.DL_SYSCTL_disableSYSPLL</name>
         <load_address>0x5788</load_address>
         <readonly>true</readonly>
         <executable>true</executable>
         <run_address>0x5788</run_address>
         <size>0x14</size>
         <alignment>0x4</alignment>
         <input_file_ref idref="fl-16"/>
      </object_component>
      <object_component id="oc-124">
         <name>.text.DL_SYSCTL_enableHFCLKStartupMonitor</name>
         <load_address>0x579c</load_address>
         <readonly>true</readonly>
         <executable>true</executable>
         <run_address>0x579c</run_address>
         <size>0x14</size>
         <alignment>0x4</alignment>
         <input_file_ref idref="fl-16"/>
      </object_component>
      <object_component id="oc-155">
         <name>.text.__aeabi_uldivmod</name>
         <load_address>0x57b0</load_address>
         <readonly>true</readonly>
         <executable>true</executable>
         <run_address>0x57b0</run_address>
         <size>0x14</size>
         <alignment>0x4</alignment>
         <input_file_ref idref="fl-fb"/>
      </object_component>
      <object_component id="oc-192">
         <name>.text.strchr</name>
         <load_address>0x57c4</load_address>
         <readonly>true</readonly>
         <executable>true</executable>
         <run_address>0x57c4</run_address>
         <size>0x14</size>
         <alignment>0x2</alignment>
         <input_file_ref idref="fl-35"/>
      </object_component>
      <object_component id="oc-20">
         <name>.text:decompress:none</name>
         <load_address>0x57d8</load_address>
         <readonly>true</readonly>
         <executable>true</executable>
         <run_address>0x57d8</run_address>
         <size>0x12</size>
         <alignment>0x2</alignment>
         <input_file_ref idref="fl-33"/>
      </object_component>
      <object_component id="oc-129">
         <name>.text.DL_CORE_getInstructionConfig</name>
         <load_address>0x57ec</load_address>
         <readonly>true</readonly>
         <executable>true</executable>
         <run_address>0x57ec</run_address>
         <size>0x10</size>
         <alignment>0x4</alignment>
         <input_file_ref idref="fl-16"/>
      </object_component>
      <object_component id="oc-121">
         <name>.text.DL_SYSCTL_disableHFXT</name>
         <load_address>0x57fc</load_address>
         <readonly>true</readonly>
         <executable>true</executable>
         <run_address>0x57fc</run_address>
         <size>0x10</size>
         <alignment>0x4</alignment>
         <input_file_ref idref="fl-16"/>
      </object_component>
      <object_component id="oc-91">
         <name>.text.delay_ms</name>
         <load_address>0x580c</load_address>
         <readonly>true</readonly>
         <executable>true</executable>
         <run_address>0x580c</run_address>
         <size>0x10</size>
         <alignment>0x4</alignment>
         <input_file_ref idref="fl-5"/>
      </object_component>
      <object_component id="oc-147">
         <name>.text.wcslen</name>
         <load_address>0x581c</load_address>
         <readonly>true</readonly>
         <executable>true</executable>
         <run_address>0x581c</run_address>
         <size>0x10</size>
         <alignment>0x2</alignment>
         <input_file_ref idref="fl-36"/>
      </object_component>
      <object_component id="oc-4c">
         <name>.text:decompress:ZI</name>
         <load_address>0x582c</load_address>
         <readonly>true</readonly>
         <executable>true</executable>
         <run_address>0x582c</run_address>
         <size>0x10</size>
         <alignment>0x2</alignment>
         <input_file_ref idref="fl-32"/>
      </object_component>
      <object_component id="oc-13b">
         <name>.text.__aeabi_memset</name>
         <load_address>0x583c</load_address>
         <readonly>true</readonly>
         <executable>true</executable>
         <run_address>0x583c</run_address>
         <size>0xe</size>
         <alignment>0x4</alignment>
         <input_file_ref idref="fl-f9"/>
      </object_component>
      <object_component id="oc-13a">
         <name>.text.strlen</name>
         <load_address>0x584a</load_address>
         <readonly>true</readonly>
         <executable>true</executable>
         <run_address>0x584a</run_address>
         <size>0xe</size>
         <alignment>0x2</alignment>
         <input_file_ref idref="fl-35"/>
      </object_component>
      <object_component id="oc-125">
         <name>.text.DL_SYSCTL_getClockStatus</name>
         <load_address>0x5858</load_address>
         <readonly>true</readonly>
         <executable>true</executable>
         <run_address>0x5858</run_address>
         <size>0xc</size>
         <alignment>0x4</alignment>
         <input_file_ref idref="fl-16"/>
      </object_component>
      <object_component id="oc-5a">
         <name>.text.__aeabi_memclr</name>
         <load_address>0x5864</load_address>
         <readonly>true</readonly>
         <executable>true</executable>
         <run_address>0x5864</run_address>
         <size>0xc</size>
         <alignment>0x4</alignment>
         <input_file_ref idref="fl-f9"/>
      </object_component>
      <object_component id="oc-18d">
         <name>.text.OUTLINED_FUNCTION_0</name>
         <load_address>0x5870</load_address>
         <readonly>true</readonly>
         <executable>true</executable>
         <run_address>0x5870</run_address>
         <size>0xa</size>
         <alignment>0x2</alignment>
         <input_file_ref idref="fl-35"/>
      </object_component>
      <object_component id="oc-20c">
         <name>.tramp.__aeabi_dsub.1</name>
         <load_address>0x587c</load_address>
         <readonly>true</readonly>
         <executable>true</executable>
         <run_address>0x587c</run_address>
         <size>0x10</size>
         <alignment>0x4</alignment>
         <input_file_ref idref="fl-ef"/>
      </object_component>
      <object_component id="oc-1a7">
         <name>.text.OUTLINED_FUNCTION_1</name>
         <load_address>0x588c</load_address>
         <readonly>true</readonly>
         <executable>true</executable>
         <run_address>0x588c</run_address>
         <size>0xa</size>
         <alignment>0x2</alignment>
         <input_file_ref idref="fl-35"/>
      </object_component>
      <object_component id="oc-10d">
         <name>.text._outc</name>
         <load_address>0x5896</load_address>
         <readonly>true</readonly>
         <executable>true</executable>
         <run_address>0x5896</run_address>
         <size>0xa</size>
         <alignment>0x2</alignment>
         <input_file_ref idref="fl-2b"/>
      </object_component>
      <object_component id="oc-14b">
         <name>.text.__aeabi_errno_addr</name>
         <load_address>0x58a0</load_address>
         <readonly>true</readonly>
         <executable>true</executable>
         <run_address>0x58a0</run_address>
         <size>0x8</size>
         <alignment>0x4</alignment>
         <input_file_ref idref="fl-39"/>
      </object_component>
      <object_component id="oc-3f">
         <name>.text.__aeabi_memcpy</name>
         <load_address>0x58a8</load_address>
         <readonly>true</readonly>
         <executable>true</executable>
         <run_address>0x58a8</run_address>
         <size>0x8</size>
         <alignment>0x4</alignment>
         <input_file_ref idref="fl-f8"/>
      </object_component>
      <object_component id="oc-2f">
         <name>.text.Reset_Handler</name>
         <load_address>0x58b0</load_address>
         <readonly>true</readonly>
         <executable>true</executable>
         <run_address>0x58b0</run_address>
         <size>0x4</size>
         <alignment>0x2</alignment>
         <input_file_ref idref="fl-3"/>
      </object_component>
      <object_component id="oc-5f">
         <name>.text._system_pre_init</name>
         <load_address>0x58b4</load_address>
         <readonly>true</readonly>
         <executable>true</executable>
         <run_address>0x58b4</run_address>
         <size>0x4</size>
         <alignment>0x2</alignment>
         <input_file_ref idref="fl-30"/>
      </object_component>
      <object_component id="oc-a7">
         <name>.text:abort</name>
         <load_address>0x58b8</load_address>
         <readonly>true</readonly>
         <executable>true</executable>
         <run_address>0x58b8</run_address>
         <size>0x4</size>
         <alignment>0x2</alignment>
         <input_file_ref idref="fl-3a"/>
      </object_component>
      <object_component id="oc-208">
         <name>.cinit..data.load</name>
         <load_address>0x78b0</load_address>
         <readonly>true</readonly>
         <run_address>0x78b0</run_address>
         <size>0x151</size>
         <alignment>0x1</alignment>
      </object_component>
      <object_component id="oc-206">
         <name>__TI_handler_table</name>
         <load_address>0x7a04</load_address>
         <readonly>true</readonly>
         <run_address>0x7a04</run_address>
         <size>0xc</size>
         <alignment>0x4</alignment>
      </object_component>
      <object_component id="oc-209">
         <name>.cinit..bss.load</name>
         <load_address>0x7a10</load_address>
         <readonly>true</readonly>
         <run_address>0x7a10</run_address>
         <size>0x8</size>
         <alignment>0x4</alignment>
      </object_component>
      <object_component id="oc-207">
         <name>__TI_cinit_table</name>
         <load_address>0x7a18</load_address>
         <readonly>true</readonly>
         <run_address>0x7a18</run_address>
         <size>0x10</size>
         <alignment>0x4</alignment>
      </object_component>
      <object_component id="oc-ec">
         <name>.rodata.asc2_2412</name>
         <load_address>0x58c0</load_address>
         <readonly>true</readonly>
         <run_address>0x58c0</run_address>
         <size>0xd5c</size>
         <alignment>0x1</alignment>
         <input_file_ref idref="fl-4"/>
      </object_component>
      <object_component id="oc-ed">
         <name>.rodata.asc2_1608</name>
         <load_address>0x661c</load_address>
         <readonly>true</readonly>
         <run_address>0x661c</run_address>
         <size>0x5f0</size>
         <alignment>0x1</alignment>
         <input_file_ref idref="fl-4"/>
      </object_component>
      <object_component id="oc-ee">
         <name>.rodata.asc2_1206</name>
         <load_address>0x6c0c</load_address>
         <readonly>true</readonly>
         <run_address>0x6c0c</run_address>
         <size>0x474</size>
         <alignment>0x1</alignment>
         <input_file_ref idref="fl-4"/>
      </object_component>
      <object_component id="oc-ef">
         <name>.rodata.asc2_0806</name>
         <load_address>0x7080</load_address>
         <readonly>true</readonly>
         <run_address>0x7080</run_address>
         <size>0x228</size>
         <alignment>0x1</alignment>
         <input_file_ref idref="fl-4"/>
      </object_component>
      <object_component id="oc-eb">
         <name>.rodata.Hzk4</name>
         <load_address>0x72a8</load_address>
         <readonly>true</readonly>
         <run_address>0x72a8</run_address>
         <size>0x200</size>
         <alignment>0x1</alignment>
         <input_file_ref idref="fl-4"/>
      </object_component>
      <object_component id="oc-e8">
         <name>.rodata.Hzk1</name>
         <load_address>0x74a8</load_address>
         <readonly>true</readonly>
         <run_address>0x74a8</run_address>
         <size>0x160</size>
         <alignment>0x1</alignment>
         <input_file_ref idref="fl-4"/>
      </object_component>
      <object_component id="oc-a1">
         <name>.rodata.str1.181099149860726468451</name>
         <load_address>0x7608</load_address>
         <readonly>true</readonly>
         <run_address>0x7608</run_address>
         <size>0x7</size>
         <alignment>0x1</alignment>
         <input_file_ref idref="fl-1"/>
      </object_component>
      <object_component id="oc-164">
         <name>.rodata:__aeabi_ctype_table_</name>
         <load_address>0x7610</load_address>
         <readonly>true</readonly>
         <run_address>0x7610</run_address>
         <size>0x101</size>
         <alignment>0x10</alignment>
         <input_file_ref idref="fl-47"/>
      </object_component>
      <object_component id="oc-e9">
         <name>.rodata.Hzk3</name>
         <load_address>0x7711</load_address>
         <readonly>true</readonly>
         <run_address>0x7711</run_address>
         <size>0x80</size>
         <alignment>0x1</alignment>
         <input_file_ref idref="fl-4"/>
      </object_component>
      <object_component id="oc-ea">
         <name>.rodata.Hzk2</name>
         <load_address>0x7791</load_address>
         <readonly>true</readonly>
         <run_address>0x7791</run_address>
         <size>0x48</size>
         <alignment>0x1</alignment>
         <input_file_ref idref="fl-4"/>
      </object_component>
      <object_component id="oc-102">
         <name>.rodata.gI2C_OLEDClockConfig</name>
         <load_address>0x77d9</load_address>
         <readonly>true</readonly>
         <run_address>0x77d9</run_address>
         <size>0x2</size>
         <alignment>0x1</alignment>
         <input_file_ref idref="fl-2"/>
      </object_component>
      <object_component id="oc-100">
         <name>.rodata.gSYSPLLConfig</name>
         <load_address>0x77dc</load_address>
         <readonly>true</readonly>
         <run_address>0x77dc</run_address>
         <size>0x28</size>
         <alignment>0x4</alignment>
         <input_file_ref idref="fl-2"/>
      </object_component>
      <object_component id="oc-de">
         <name>.rodata.str1.129876060660167078031</name>
         <load_address>0x7804</load_address>
         <readonly>true</readonly>
         <run_address>0x7804</run_address>
         <size>0x16</size>
         <alignment>0x1</alignment>
         <input_file_ref idref="fl-5"/>
      </object_component>
      <object_component id="oc-9d">
         <name>.rodata.str1.142855731982211788051</name>
         <load_address>0x781a</load_address>
         <readonly>true</readonly>
         <run_address>0x781a</run_address>
         <size>0x15</size>
         <alignment>0x1</alignment>
         <input_file_ref idref="fl-1"/>
      </object_component>
      <object_component id="oc-154">
         <name>.rodata.str1.103488685894817597201</name>
         <load_address>0x782f</load_address>
         <readonly>true</readonly>
         <run_address>0x782f</run_address>
         <size>0x11</size>
         <alignment>0x1</alignment>
         <input_file_ref idref="fl-35"/>
      </object_component>
      <object_component id="oc-140">
         <name>.rodata.str1.153638888446227384661</name>
         <load_address>0x7840</load_address>
         <readonly>true</readonly>
         <run_address>0x7840</run_address>
         <size>0x11</size>
         <alignment>0x1</alignment>
         <input_file_ref idref="fl-35"/>
      </object_component>
      <object_component id="oc-9f">
         <name>.rodata.str1.147958455504881313061</name>
         <load_address>0x7851</load_address>
         <readonly>true</readonly>
         <run_address>0x7851</run_address>
         <size>0xe</size>
         <alignment>0x1</alignment>
         <input_file_ref idref="fl-1"/>
      </object_component>
      <object_component id="oc-a0">
         <name>.rodata.str1.158377844875001402571</name>
         <load_address>0x785f</load_address>
         <readonly>true</readonly>
         <run_address>0x785f</run_address>
         <size>0xb</size>
         <alignment>0x1</alignment>
         <input_file_ref idref="fl-1"/>
      </object_component>
      <object_component id="oc-98">
         <name>.rodata.str1.176633223477948356601</name>
         <load_address>0x786a</load_address>
         <readonly>true</readonly>
         <run_address>0x786a</run_address>
         <size>0xb</size>
         <alignment>0x1</alignment>
         <input_file_ref idref="fl-1"/>
      </object_component>
      <object_component id="oc-9b">
         <name>.rodata.str1.8167968867256355221</name>
         <load_address>0x7875</load_address>
         <readonly>true</readonly>
         <run_address>0x7875</run_address>
         <size>0xb</size>
         <alignment>0x1</alignment>
         <input_file_ref idref="fl-1"/>
      </object_component>
      <object_component id="oc-106">
         <name>.rodata.gUART_0Config</name>
         <load_address>0x7880</load_address>
         <readonly>true</readonly>
         <run_address>0x7880</run_address>
         <size>0xa</size>
         <alignment>0x2</alignment>
         <input_file_ref idref="fl-2"/>
      </object_component>
      <object_component id="oc-99">
         <name>.rodata.str1.100506750686581518081</name>
         <load_address>0x788a</load_address>
         <readonly>true</readonly>
         <run_address>0x788a</run_address>
         <size>0x6</size>
         <alignment>0x1</alignment>
         <input_file_ref idref="fl-1"/>
      </object_component>
      <object_component id="oc-a2">
         <name>.rodata.str1.103941685948440004921</name>
         <load_address>0x7890</load_address>
         <readonly>true</readonly>
         <run_address>0x7890</run_address>
         <size>0x6</size>
         <alignment>0x1</alignment>
         <input_file_ref idref="fl-1"/>
      </object_component>
      <object_component id="oc-9a">
         <name>.rodata.str1.90710503391206826811</name>
         <load_address>0x7896</load_address>
         <readonly>true</readonly>
         <run_address>0x7896</run_address>
         <size>0x6</size>
         <alignment>0x1</alignment>
         <input_file_ref idref="fl-1"/>
      </object_component>
      <object_component id="oc-9c">
         <name>.rodata.str1.104231497482819607001</name>
         <load_address>0x789c</load_address>
         <readonly>true</readonly>
         <run_address>0x789c</run_address>
         <size>0x5</size>
         <alignment>0x1</alignment>
         <input_file_ref idref="fl-1"/>
      </object_component>
      <object_component id="oc-a3">
         <name>.rodata.str1.180626513791128047271</name>
         <load_address>0x78a1</load_address>
         <readonly>true</readonly>
         <run_address>0x78a1</run_address>
         <size>0x4</size>
         <alignment>0x1</alignment>
         <input_file_ref idref="fl-1"/>
      </object_component>
      <object_component id="oc-105">
         <name>.rodata.gUART_0ClockConfig</name>
         <load_address>0x78a5</load_address>
         <readonly>true</readonly>
         <run_address>0x78a5</run_address>
         <size>0x2</size>
         <alignment>0x1</alignment>
         <input_file_ref idref="fl-2"/>
      </object_component>
      <object_component id="oc-1ce">
         <name>.binit</name>
         <load_address>0x0</load_address>
         <readonly>true</readonly>
         <run_address>0x0</run_address>
         <size>0x0</size>
         <alignment>0x4</alignment>
      </object_component>
      <object_component id="oc-9e">
         <name>.data.BMP1</name>
         <load_address>0x20200480</load_address>
         <readwrite>true</readwrite>
         <run_address>0x20200480</run_address>
         <size>0x400</size>
         <alignment>0x1</alignment>
         <input_file_ref idref="fl-1"/>
      </object_component>
      <object_component id="oc-16b">
         <name>.data.__aeabi_errno</name>
         <load_address>0x20200880</load_address>
         <readwrite>true</readwrite>
         <run_address>0x20200880</run_address>
         <size>0x4</size>
         <alignment>0x4</alignment>
         <input_file_ref idref="fl-39"/>
      </object_component>
      <object_component id="oc-e0">
         <name>.common:OLED_GRAM</name>
         <uninitialized>true</uninitialized>
         <readwrite>true</readwrite>
         <run_address>0x20200000</run_address>
         <size>0x480</size>
         <alignment>0x1</alignment>
      </object_component>
      <object_component id="oc-1a">
         <name>.stack</name>
         <uninitialized>true</uninitialized>
         <readwrite>true</readwrite>
         <run_address>0x20207e00</run_address>
         <size>0x4</size>
         <alignment>0x4</alignment>
         <input_file_ref idref="fl-2d"/>
      </object_component>
      <object_component id="oc-20b">
         <name>.stack</name>
         <uninitialized>true</uninitialized>
         <readwrite>true</readwrite>
         <run_address>0x20207e00</run_address>
         <size>0x0</size>
         <alignment>0x8</alignment>
      </object_component>
      <object_component id="oc-a6">
         <name>.debug_loc</name>
         <load_address>0x0</load_address>
         <run_address>0x0</run_address>
         <size>0x41</size>
         <alignment>0x1</alignment>
         <input_file_ref idref="fl-1"/>
      </object_component>
      <object_component id="oc-ca">
         <name>.debug_loc</name>
         <load_address>0x41</load_address>
         <run_address>0x41</run_address>
         <size>0x124</size>
         <alignment>0x1</alignment>
         <input_file_ref idref="fl-2"/>
      </object_component>
      <object_component id="oc-88">
         <name>.debug_loc</name>
         <load_address>0x165</load_address>
         <run_address>0x165</run_address>
         <size>0x4599</size>
         <alignment>0x1</alignment>
         <input_file_ref idref="fl-4"/>
      </object_component>
      <object_component id="oc-82">
         <name>.debug_loc</name>
         <load_address>0x46fe</load_address>
         <run_address>0x46fe</run_address>
         <size>0x260</size>
         <alignment>0x1</alignment>
         <input_file_ref idref="fl-5"/>
      </object_component>
      <object_component id="oc-da">
         <name>.debug_loc</name>
         <load_address>0x495e</load_address>
         <run_address>0x495e</run_address>
         <size>0x136</size>
         <alignment>0x1</alignment>
         <input_file_ref idref="fl-2b"/>
      </object_component>
      <object_component id="oc-d3">
         <name>.debug_loc</name>
         <load_address>0x4a94</load_address>
         <run_address>0x4a94</run_address>
         <size>0x186</size>
         <alignment>0x1</alignment>
         <input_file_ref idref="fl-2c"/>
      </object_component>
      <object_component id="oc-3a">
         <name>.debug_loc</name>
         <load_address>0x4c1a</load_address>
         <run_address>0x4c1a</run_address>
         <size>0xd8</size>
         <alignment>0x1</alignment>
         <input_file_ref idref="fl-2d"/>
      </object_component>
      <object_component id="oc-b3">
         <name>.debug_loc</name>
         <load_address>0x4cf2</load_address>
         <run_address>0x4cf2</run_address>
         <size>0x424</size>
         <alignment>0x1</alignment>
         <input_file_ref idref="fl-2f"/>
      </object_component>
      <object_component id="oc-49">
         <name>.debug_loc</name>
         <load_address>0x5116</load_address>
         <run_address>0x5116</run_address>
         <size>0x16c</size>
         <alignment>0x1</alignment>
         <input_file_ref idref="fl-32"/>
      </object_component>
      <object_component id="oc-45">
         <name>.debug_loc</name>
         <load_address>0x5282</load_address>
         <run_address>0x5282</run_address>
         <size>0x6f</size>
         <alignment>0x1</alignment>
         <input_file_ref idref="fl-33"/>
      </object_component>
      <object_component id="oc-3d">
         <name>.debug_loc</name>
         <load_address>0x52f1</load_address>
         <run_address>0x52f1</run_address>
         <size>0x167</size>
         <alignment>0x1</alignment>
         <input_file_ref idref="fl-34"/>
      </object_component>
      <object_component id="oc-131">
         <name>.debug_loc</name>
         <load_address>0x5458</load_address>
         <run_address>0x5458</run_address>
         <size>0x32d8</size>
         <alignment>0x1</alignment>
         <input_file_ref idref="fl-35"/>
      </object_component>
      <object_component id="oc-16a">
         <name>.debug_loc</name>
         <load_address>0x8730</load_address>
         <run_address>0x8730</run_address>
         <size>0x33</size>
         <alignment>0x1</alignment>
         <input_file_ref idref="fl-36"/>
      </object_component>
      <object_component id="oc-1b1">
         <name>.debug_loc</name>
         <load_address>0x8763</load_address>
         <run_address>0x8763</run_address>
         <size>0x9c</size>
         <alignment>0x1</alignment>
         <input_file_ref idref="fl-37"/>
      </object_component>
      <object_component id="oc-1b4">
         <name>.debug_loc</name>
         <load_address>0x87ff</load_address>
         <run_address>0x87ff</run_address>
         <size>0x127</size>
         <alignment>0x1</alignment>
         <input_file_ref idref="fl-38"/>
      </object_component>
      <object_component id="oc-16e">
         <name>.debug_loc</name>
         <load_address>0x8926</load_address>
         <run_address>0x8926</run_address>
         <size>0x101</size>
         <alignment>0x1</alignment>
         <input_file_ref idref="fl-39"/>
      </object_component>
      <object_component id="oc-ad">
         <name>.debug_loc</name>
         <load_address>0x8a27</load_address>
         <run_address>0x8a27</run_address>
         <size>0x26</size>
         <alignment>0x1</alignment>
         <input_file_ref idref="fl-3a"/>
      </object_component>
      <object_component id="oc-1bc">
         <name>.debug_loc</name>
         <load_address>0x8a4d</load_address>
         <run_address>0x8a4d</run_address>
         <size>0x8f</size>
         <alignment>0x1</alignment>
         <input_file_ref idref="fl-3c"/>
      </object_component>
      <object_component id="oc-167">
         <name>.debug_loc</name>
         <load_address>0x8adc</load_address>
         <run_address>0x8adc</run_address>
         <size>0x66</size>
         <alignment>0x1</alignment>
         <input_file_ref idref="fl-3f"/>
      </object_component>
      <object_component id="oc-163">
         <name>.debug_loc</name>
         <load_address>0x8b42</load_address>
         <run_address>0x8b42</run_address>
         <size>0xbf</size>
         <alignment>0x1</alignment>
         <input_file_ref idref="fl-41"/>
      </object_component>
      <object_component id="oc-19a">
         <name>.debug_loc</name>
         <load_address>0x8c01</load_address>
         <run_address>0x8c01</run_address>
         <size>0x363</size>
         <alignment>0x1</alignment>
         <input_file_ref idref="fl-fe"/>
      </object_component>
      <object_component id="oc-139">
         <name>.debug_loc</name>
         <load_address>0x8f64</load_address>
         <run_address>0x8f64</run_address>
         <size>0x20</size>
         <alignment>0x1</alignment>
         <input_file_ref idref="fl-ff"/>
      </object_component>
      <object_component id="oc-a4">
         <name>.debug_abbrev</name>
         <load_address>0x0</load_address>
         <run_address>0x0</run_address>
         <size>0xb3</size>
         <alignment>0x1</alignment>
         <input_file_ref idref="fl-1"/>
      </object_component>
      <object_component id="oc-ce">
         <name>.debug_abbrev</name>
         <load_address>0xb3</load_address>
         <run_address>0xb3</run_address>
         <size>0x200</size>
         <alignment>0x1</alignment>
         <input_file_ref idref="fl-2"/>
      </object_component>
      <object_component id="oc-34">
         <name>.debug_abbrev</name>
         <load_address>0x2b3</load_address>
         <run_address>0x2b3</run_address>
         <size>0x6d</size>
         <alignment>0x1</alignment>
         <input_file_ref idref="fl-3"/>
      </object_component>
      <object_component id="oc-e1">
         <name>.debug_abbrev</name>
         <load_address>0x320</load_address>
         <run_address>0x320</run_address>
         <size>0x2cd</size>
         <alignment>0x1</alignment>
         <input_file_ref idref="fl-4"/>
      </object_component>
      <object_component id="oc-d6">
         <name>.debug_abbrev</name>
         <load_address>0x5ed</load_address>
         <run_address>0x5ed</run_address>
         <size>0x232</size>
[...]
         <object_component_ref idref="oc-33"/>
      </symbol>
      <symbol id="sm-90">
         <name>UART2_IRQHandler</name>
         <value>0x2b6f</value>
         <object_component_ref idref="oc-33"/>
      </symbol>
      <symbol id="sm-91">
         <name>UART0_IRQHandler</name>
         <value>0x2b6f</value>
         <object_component_ref idref="oc-33"/>
      </symbol>
      <symbol id="sm-92">
         <name>TIMG0_IRQHandler</name>
         <value>0x2b6f</value>
         <object_component_ref idref="oc-33"/>
      </symbol>
      <symbol id="sm-93">
         <name>TIMG6_IRQHandler</name>
         <value>0x2b6f</value>
         <object_component_ref idref="oc-33"/>
      </symbol>
      <symbol id="sm-94">
         <name>TIMA0_IRQHandler</name>
         <value>0x2b6f</value>
         <object_component_ref idref="oc-33"/>
      </symbol>
      <symbol id="sm-95">
         <name>TIMA1_IRQHandler</name>
         <value>0x2b6f</value>
         <object_component_ref idref="oc-33"/>
      </symbol>
      <symbol id="sm-96">
         <name>TIMG7_IRQHandler</name>
         <value>0x2b6f</value>
         <object_component_ref idref="oc-33"/>
      </symbol>
      <symbol id="sm-97">
         <name>TIMG12_IRQHandler</name>
         <value>0x2b6f</value>
         <object_component_ref idref="oc-33"/>
      </symbol>
      <symbol id="sm-98">
         <name>I2C0_IRQHandler</name>
         <value>0x2b6f</value>
         <object_component_ref idref="oc-33"/>
      </symbol>
      <symbol id="sm-99">
         <name>I2C1_IRQHandler</name>
         <value>0x2b6f</value>
         <object_component_ref idref="oc-33"/>
      </symbol>
      <symbol id="sm-9a">
         <name>AES_IRQHandler</name>
         <value>0x2b6f</value>
         <object_component_ref idref="oc-33"/>
      </symbol>
      <symbol id="sm-9b">
         <name>RTC_IRQHandler</name>
         <value>0x2b6f</value>
         <object_component_ref idref="oc-33"/>
      </symbol>
      <symbol id="sm-9c">
         <name>DMA_IRQHandler</name>
         <value>0x2b6f</value>
         <object_component_ref idref="oc-33"/>
      </symbol>
      <symbol id="sm-10b">
         <name>OLED_ColorTurn</name>
         <value>0x49cd</value>
         <object_component_ref idref="oc-8d"/>
      </symbol>
      <symbol id="sm-10c">
         <name>OLED_DisplayTurn</name>
         <value>0x4191</value>
         <object_component_ref idref="oc-8e"/>
      </symbol>
      <symbol id="sm-10d">
         <name>OLED_Refresh</name>
         <value>0x2ea5</value>
         <object_component_ref idref="oc-90"/>
      </symbol>
      <symbol id="sm-10e">
         <name>OLED_GRAM</name>
         <value>0x20200000</value>
      </symbol>
      <symbol id="sm-10f">
         <name>OLED_Clear</name>
         <value>0x1365</value>
         <object_component_ref idref="oc-92"/>
      </symbol>
      <symbol id="sm-110">
         <name>OLED_ShowChar</name>
         <value>0x33ed</value>
         <object_component_ref idref="oc-97"/>
      </symbol>
      <symbol id="sm-111">
         <name>asc2_2412</name>
         <value>0x58c0</value>
         <object_component_ref idref="oc-ec"/>
      </symbol>
      <symbol id="sm-112">
         <name>asc2_1608</name>
         <value>0x661c</value>
         <object_component_ref idref="oc-ed"/>
      </symbol>
      <symbol id="sm-113">
         <name>asc2_1206</name>
         <value>0x6c0c</value>
         <object_component_ref idref="oc-ee"/>
      </symbol>
      <symbol id="sm-114">
         <name>asc2_0806</name>
         <value>0x7080</value>
         <object_component_ref idref="oc-ef"/>
      </symbol>
      <symbol id="sm-115">
         <name>OLED_ShowString</name>
         <value>0x4a65</value>
         <object_component_ref idref="oc-94"/>
      </symbol>
      <symbol id="sm-116">
         <name>OLED_ShowNum</name>
         <value>0x27c5</value>
         <object_component_ref idref="oc-8f"/>
      </symbol>
      <symbol id="sm-117">
         <name>OLED_ShowChinese</name>
         <value>0x3159</value>
         <object_component_ref idref="oc-93"/>
      </symbol>
      <symbol id="sm-118">
         <name>Hzk1</name>
         <value>0x74a8</value>
         <object_component_ref idref="oc-e8"/>
      </symbol>
      <symbol id="sm-119">
         <name>Hzk3</name>
         <value>0x7711</value>
         <object_component_ref idref="oc-e9"/>
      </symbol>
      <symbol id="sm-11a">
         <name>Hzk2</name>
         <value>0x7791</value>
         <object_component_ref idref="oc-ea"/>
      </symbol>
      <symbol id="sm-11b">
         <name>Hzk4</name>
         <value>0x72a8</value>
         <object_component_ref idref="oc-eb"/>
      </symbol>
      <symbol id="sm-11c">
         <name>OLED_ScrollDisplay</name>
         <value>0x2b71</value>
         <object_component_ref idref="oc-95"/>
      </symbol>
      <symbol id="sm-11d">
         <name>OLED_ShowPicture</name>
         <value>0x365d</value>
         <object_component_ref idref="oc-96"/>
      </symbol>
      <symbol id="sm-11e">
         <name>OLED_Init</name>
         <value>0xc1</value>
         <object_component_ref idref="oc-87"/>
      </symbol>
      <symbol id="sm-130">
         <name>LOG_Debug_Out</name>
         <value>0x43d1</value>
         <object_component_ref idref="oc-86"/>
      </symbol>
      <symbol id="sm-131">
         <name>lc_printf</name>
         <value>0x4c49</value>
         <object_component_ref idref="oc-80"/>
      </symbol>
      <symbol id="sm-132">
         <name>delay_ms</name>
         <value>0x580d</value>
         <object_component_ref idref="oc-91"/>
      </symbol>
      <symbol id="sm-133">
         <name>__TI_ATRegion0_src_addr</name>
         <value>0x0</value>
      </symbol>
      <symbol id="sm-134">
         <name>__TI_ATRegion0_trg_addr</name>
         <value>0x0</value>
      </symbol>
      <symbol id="sm-135">
         <name>__TI_ATRegion0_region_sz</name>
         <value>0x0</value>
      </symbol>
      <symbol id="sm-136">
         <name>__TI_ATRegion1_src_addr</name>
         <value>0x0</value>
      </symbol>
      <symbol id="sm-137">
         <name>__TI_ATRegion1_trg_addr</name>
         <value>0x0</value>
      </symbol>
      <symbol id="sm-138">
         <name>__TI_ATRegion1_region_sz</name>
         <value>0x0</value>
      </symbol>
      <symbol id="sm-139">
         <name>__TI_ATRegion2_src_addr</name>
         <value>0x0</value>
      </symbol>
      <symbol id="sm-13a">
         <name>__TI_ATRegion2_trg_addr</name>
         <value>0x0</value>
      </symbol>
      <symbol id="sm-13b">
         <name>__TI_ATRegion2_region_sz</name>
         <value>0x0</value>
      </symbol>
      <symbol id="sm-13e">
         <name>DL_Common_delayCycles</name>
         <value>0x5761</value>
         <object_component_ref idref="oc-e7"/>
      </symbol>
      <symbol id="sm-14a">
         <name>DL_I2C_setClockConfig</name>
         <value>0x5449</value>
         <object_component_ref idref="oc-101"/>
      </symbol>
      <symbol id="sm-14b">
         <name>DL_I2C_fillControllerTXFIFO</name>
         <value>0x5067</value>
         <object_component_ref idref="oc-df"/>
      </symbol>
      <symbol id="sm-155">
         <name>DL_UART_init</name>
         <value>0x5201</value>
         <object_component_ref idref="oc-104"/>
      </symbol>
      <symbol id="sm-156">
         <name>DL_UART_setClockConfig</name>
         <value>0x55d1</value>
         <object_component_ref idref="oc-103"/>
      </symbol>
      <symbol id="sm-17e">
         <name>DL_SYSCTL_configSYSPLL</name>
         <value>0x45e9</value>
         <object_component_ref idref="oc-fe"/>
      </symbol>
      <symbol id="sm-17f">
         <name>DL_SYSCTL_switchMCLKfromSYSOSCtoHSCLK</name>
         <value>0x51b5</value>
         <object_component_ref idref="oc-ff"/>
      </symbol>
      <symbol id="sm-180">
         <name>DL_SYSCTL_setHFCLKSourceHFXTParams</name>
         <value>0x4d19</value>
         <object_component_ref idref="oc-fd"/>
      </symbol>
      <symbol id="sm-191">
         <name>sprintf</name>
         <value>0x5411</value>
         <object_component_ref idref="oc-d8"/>
      </symbol>
      <symbol id="sm-1a2">
         <name>vsnprintf</name>
         <value>0x5359</value>
         <object_component_ref idref="oc-d0"/>
      </symbol>
      <symbol id="sm-1ad">
         <name>_c_int00_noargs</name>
         <value>0x55a9</value>
         <object_component_ref idref="oc-4f"/>
      </symbol>
      <symbol id="sm-1ae">
         <name>__stack</name>
         <value>0x20207e00</value>
         <object_component_ref idref="oc-1a"/>
      </symbol>
      <symbol id="sm-1ba">
         <name>__TI_auto_init_nobinit_nopinit</name>
         <value>0x5399</value>
         <object_component_ref idref="oc-ae"/>
      </symbol>
      <symbol id="sm-1c2">
         <name>_system_pre_init</name>
         <value>0x58b5</value>
         <object_component_ref idref="oc-5f"/>
      </symbol>
      <symbol id="sm-1cd">
         <name>__TI_zero_init</name>
         <value>0x582d</value>
         <object_component_ref idref="oc-4c"/>
      </symbol>
      <symbol id="sm-1d6">
         <name>__TI_decompress_none</name>
         <value>0x57d9</value>
         <object_component_ref idref="oc-20"/>
      </symbol>
      <symbol id="sm-1e1">
         <name>__TI_decompress_lzss</name>
         <value>0x4af1</value>
         <object_component_ref idref="oc-1c"/>
      </symbol>
      <symbol id="sm-22a">
         <name>__TI_printfi</name>
         <value>0x1df5</value>
         <object_component_ref idref="oc-136"/>
      </symbol>
      <symbol id="sm-233">
         <name>wcslen</name>
         <value>0x581d</value>
         <object_component_ref idref="oc-147"/>
      </symbol>
      <symbol id="sm-23d">
         <name>frexp</name>
         <value>0x4f05</value>
         <object_component_ref idref="oc-179"/>
      </symbol>
      <symbol id="sm-23e">
         <name>frexpl</name>
         <value>0x4f05</value>
         <object_component_ref idref="oc-179"/>
      </symbol>
      <symbol id="sm-248">
         <name>scalbn</name>
         <value>0x47b9</value>
         <object_component_ref idref="oc-17d"/>
      </symbol>
      <symbol id="sm-249">
         <name>ldexp</name>
         <value>0x47b9</value>
         <object_component_ref idref="oc-17d"/>
      </symbol>
      <symbol id="sm-24a">
         <name>scalbnl</name>
         <value>0x47b9</value>
         <object_component_ref idref="oc-17d"/>
      </symbol>
      <symbol id="sm-24b">
         <name>ldexpl</name>
         <value>0x47b9</value>
         <object_component_ref idref="oc-17d"/>
      </symbol>
      <symbol id="sm-256">
         <name>__aeabi_errno_addr</name>
         <value>0x58a1</value>
         <object_component_ref idref="oc-14b"/>
      </symbol>
      <symbol id="sm-257">
         <name>__aeabi_errno</name>
         <value>0x20200880</value>
         <object_component_ref idref="oc-16b"/>
      </symbol>
      <symbol id="sm-261">
         <name>abort</name>
         <value>0x58b9</value>
         <object_component_ref idref="oc-a7"/>
      </symbol>
      <symbol id="sm-262">
         <name>C$$EXIT</name>
         <value>0x58b8</value>
         <object_component_ref idref="oc-a7"/>
      </symbol>
      <symbol id="sm-26c">
         <name>__TI_ltoa</name>
         <value>0x4f61</value>
         <object_component_ref idref="oc-185"/>
      </symbol>
      <symbol id="sm-278">
         <name>atoi</name>
         <value>0x5319</value>
         <object_component_ref idref="oc-143"/>
      </symbol>
      <symbol id="sm-282">
         <name>memccpy</name>
         <value>0x5619</value>
         <object_component_ref idref="oc-13c"/>
      </symbol>
      <symbol id="sm-288">
         <name>__aeabi_ctype_table_</name>
         <value>0x7610</value>
         <object_component_ref idref="oc-164"/>
      </symbol>
      <symbol id="sm-289">
         <name>__aeabi_ctype_table_C</name>
         <value>0x7610</value>
         <object_component_ref idref="oc-164"/>
      </symbol>
      <symbol id="sm-2a1">
         <name>__aeabi_dadd</name>
         <value>0x3ecb</value>
         <object_component_ref idref="oc-1a2"/>
      </symbol>
      <symbol id="sm-2a2">
         <name>__adddf3</name>
         <value>0x3ecb</value>
         <object_component_ref idref="oc-1a2"/>
      </symbol>
      <symbol id="sm-2a3">
         <name>__aeabi_dsub</name>
         <value>0x3ec1</value>
         <object_component_ref idref="oc-1a2"/>
      </symbol>
      <symbol id="sm-2a4">
         <name>__subdf3</name>
         <value>0x3ec1</value>
         <object_component_ref idref="oc-1a2"/>
      </symbol>
      <symbol id="sm-2ad">
         <name>__aeabi_dmul</name>
         <value>0x46d5</value>
         <object_component_ref idref="oc-18e"/>
      </symbol>
      <symbol id="sm-2ae">
         <name>__muldf3</name>
         <value>0x46d5</value>
         <object_component_ref idref="oc-18e"/>
      </symbol>
      <symbol id="sm-2b4">
         <name>__muldsi3</name>
         <value>0x53d5</value>
         <object_component_ref idref="oc-16f"/>
      </symbol>
      <symbol id="sm-2ba">
         <name>__aeabi_ddiv</name>
         <value>0x44dd</value>
         <object_component_ref idref="oc-19e"/>
      </symbol>
      <symbol id="sm-2bb">
         <name>__divdf3</name>
         <value>0x44dd</value>
         <object_component_ref idref="oc-19e"/>
      </symbol>
      <symbol id="sm-2c1">
         <name>__aeabi_d2iz</name>
         <value>0x524d</value>
         <object_component_ref idref="oc-181"/>
      </symbol>
      <symbol id="sm-2c2">
         <name>__fixdfsi</name>
         <value>0x524d</value>
         <object_component_ref idref="oc-181"/>
      </symbol>
      <symbol id="sm-2c8">
         <name>__aeabi_i2d</name>
         <value>0x54dd</value>
         <object_component_ref idref="oc-189"/>
      </symbol>
      <symbol id="sm-2c9">
         <name>__floatsidf</name>
         <value>0x54dd</value>
         <object_component_ref idref="oc-189"/>
      </symbol>
      <symbol id="sm-2cf">
         <name>__aeabi_lmul</name>
         <value>0x55f5</value>
         <object_component_ref idref="oc-150"/>
      </symbol>
      <symbol id="sm-2d0">
         <name>__muldi3</name>
         <value>0x55f5</value>
         <object_component_ref idref="oc-150"/>
      </symbol>
      <symbol id="sm-2d6">
         <name>__aeabi_dcmpeq</name>
         <value>0x4de1</value>
         <object_component_ref idref="oc-15a"/>
      </symbol>
      <symbol id="sm-2d7">
         <name>__aeabi_dcmplt</name>
         <value>0x4df5</value>
         <object_component_ref idref="oc-15a"/>
      </symbol>
      <symbol id="sm-2d8">
         <name>__aeabi_dcmple</name>
         <value>0x4e09</value>
         <object_component_ref idref="oc-15a"/>
      </symbol>
      <symbol id="sm-2d9">
         <name>__aeabi_dcmpge</name>
         <value>0x4e1d</value>
         <object_component_ref idref="oc-15a"/>
      </symbol>
      <symbol id="sm-2da">
         <name>__aeabi_dcmpgt</name>
         <value>0x4e31</value>
         <object_component_ref idref="oc-15a"/>
      </symbol>
      <symbol id="sm-2e0">
         <name>__aeabi_idiv</name>
         <value>0x5011</value>
         <object_component_ref idref="oc-1b6"/>
      </symbol>
      <symbol id="sm-2e1">
         <name>__aeabi_idivmod</name>
         <value>0x5011</value>
         <object_component_ref idref="oc-1b6"/>
      </symbol>
      <symbol id="sm-2e7">
         <name>__aeabi_memcpy</name>
         <value>0x58a9</value>
         <object_component_ref idref="oc-3f"/>
      </symbol>
      <symbol id="sm-2e8">
         <name>__aeabi_memcpy4</name>
         <value>0x58a9</value>
         <object_component_ref idref="oc-3f"/>
      </symbol>
      <symbol id="sm-2e9">
         <name>__aeabi_memcpy8</name>
         <value>0x58a9</value>
         <object_component_ref idref="oc-3f"/>
      </symbol>
      <symbol id="sm-2f2">
         <name>__aeabi_memset</name>
         <value>0x583d</value>
         <object_component_ref idref="oc-13b"/>
      </symbol>
      <symbol id="sm-2f3">
         <name>__aeabi_memset4</name>
         <value>0x583d</value>
         <object_component_ref idref="oc-13b"/>
      </symbol>
      <symbol id="sm-2f4">
         <name>__aeabi_memset8</name>
         <value>0x583d</value>
         <object_component_ref idref="oc-13b"/>
      </symbol>
      <symbol id="sm-2f5">
         <name>__aeabi_memclr</name>
         <value>0x5865</value>
         <object_component_ref idref="oc-5a"/>
      </symbol>
      <symbol id="sm-2f6">
         <name>__aeabi_memclr4</name>
         <value>0x5865</value>
         <object_component_ref idref="oc-5a"/>
      </symbol>
      <symbol id="sm-2f7">
         <name>__aeabi_memclr8</name>
         <value>0x5865</value>
         <object_component_ref idref="oc-5a"/>
      </symbol>
      <symbol id="sm-2fd">
         <name>__aeabi_uidiv</name>
         <value>0x52d9</value>
         <object_component_ref idref="oc-e3"/>
      </symbol>
      <symbol id="sm-2fe">
         <name>__aeabi_uidivmod</name>
         <value>0x52d9</value>
         <object_component_ref idref="oc-e3"/>
      </symbol>
      <symbol id="sm-304">
         <name>__aeabi_uldivmod</name>
         <value>0x57b1</value>
         <object_component_ref idref="oc-155"/>
      </symbol>
      <symbol id="sm-30a">
         <name>__udivmoddi4</name>
         <value>0x4891</value>
         <object_component_ref idref="oc-174"/>
      </symbol>
      <symbol id="sm-310">
         <name>__aeabi_llsl</name>
         <value>0x567d</value>
         <object_component_ref idref="oc-1aa"/>
      </symbol>
      <symbol id="sm-311">
         <name>__ashldi3</name>
         <value>0x567d</value>
         <object_component_ref idref="oc-1aa"/>
      </symbol>
      <symbol id="sm-31f">
         <name>__ledf2</name>
         <value>0x4be1</value>
         <object_component_ref idref="oc-196"/>
      </symbol>
      <symbol id="sm-320">
         <name>__gedf2</name>
         <value>0x4b6d</value>
         <object_component_ref idref="oc-19c"/>
      </symbol>
      <symbol id="sm-321">
         <name>__cmpdf2</name>
         <value>0x4be1</value>
         <object_component_ref idref="oc-196"/>
      </symbol>
      <symbol id="sm-322">
         <name>__eqdf2</name>
         <value>0x4be1</value>
         <object_component_ref idref="oc-196"/>
      </symbol>
      <symbol id="sm-323">
         <name>__ltdf2</name>
         <value>0x4be1</value>
         <object_component_ref idref="oc-196"/>
      </symbol>
      <symbol id="sm-324">
         <name>__nedf2</name>
         <value>0x4be1</value>
         <object_component_ref idref="oc-196"/>
      </symbol>
      <symbol id="sm-325">
         <name>__gtdf2</name>
         <value>0x4b6d</value>
         <object_component_ref idref="oc-19c"/>
      </symbol>
      <symbol id="sm-331">
         <name>__aeabi_idiv0</name>
         <value>0x4053</value>
         <object_component_ref idref="oc-112"/>
      </symbol>
      <symbol id="sm-332">
         <name>__aeabi_ldiv0</name>
         <value>0x4d17</value>
         <object_component_ref idref="oc-1a9"/>
      </symbol>
      <symbol id="sm-34c">
         <name>memcpy</name>
         <value>0x4933</value>
         <object_component_ref idref="oc-76"/>
      </symbol>
      <symbol id="sm-35b">
         <name>memset</name>
         <value>0x4e43</value>
         <object_component_ref idref="oc-c6"/>
      </symbol>
      <symbol id="sm-35c">
         <name>__TI_static_base__</name>
         <value>0x0</value>
      </symbol>
      <symbol id="sm-360">
         <name>__mpu_init</name>
         <value>0x0</value>
      </symbol>
      <symbol id="sm-361">
         <name>_system_post_cinit</name>
         <value>0x0</value>
      </symbol>
   </symbol_table>
   <title>Link successful</title>
</link_info>
