******************************************************************************
            TI ARM Clang Linker PC v4.0.0                      
******************************************************************************
>> Linked Thu Nov 28 17:48:33 2024

OUTPUT FILE NAME:   <TMX_MSPM0G3507_ProjectTemplate.out>
ENTRY POINT SYMBOL: "_c_int00_noargs"  address: 00002355


MEMORY CONFIGURATION

         name            origin    length      used     unused   attr    fill
----------------------  --------  ---------  --------  --------  ----  --------
  FLASH                 00000000   00020000  000027e0  0001d820  R  X
  SRAM                  20200000   00008000  00000204  00007dfc  RW X
  BCR_CONFIG            41c00000   00000080  00000000  00000080  R   
  BSL_CONFIG            41c00100   00000080  00000000  00000080  R   


SEGMENT ALLOCATION MAP

run origin  load origin   length   init length attrs members
----------  ----------- ---------- ----------- ----- -------
00000000    00000000    00002618   00002618    r-x
  00000000    00000000    000000c0   000000c0    r-- .intvecs
  000000c0    000000c0    00002558   00002558    r-x .text
00002620    00002620    000001c8   000001c8    r--
  00002620    00002620    000001b0   000001b0    r-- .rodata
  000027d0    000027d0    00000018   00000018    r-- .cinit
20200000    20200000    00000004   00000000    rw-
  20200000    20200000    00000004   00000000    rw- .data
20207e00    20207e00    00000200   00000000    rw-
  20207e00    20207e00    00000200   00000000    rw- .stack


SECTION ALLOCATION MAP

 output                                  attributes/
section   page    origin      length       input sections
--------  ----  ----------  ----------   ----------------
.intvecs   0    00000000    000000c0     
                  00000000    000000c0     startup_mspm0g350x_ticlang.o (.intvecs)

.text      0    000000c0    00002558     
                  000000c0    000009d0     libc.a : _printfi.c.obj (.text:__TI_printfi)
                  00000a90    00000220            : _printfi.c.obj (.text._pconv_a)
                  00000cb0    000001dc            : _printfi.c.obj (.text._pconv_g)
                  00000e8c    00000192     libclang_rt.builtins.a : adddf3.S.obj (.text.adddf3_subdf3)
                  0000101e    00000002     startup_mspm0g350x_ticlang.o (.text.Default_Handler)
                  00001020    00000174     bsp_irtracking.o (.text.Get_ADC_Value)
                  00001194    0000013c     libc.a : _printfi.c.obj (.text.fcvt)
                  000012d0    00000120            : _printfi.c.obj (.text._pconv_e)
                  000013f0    0000010c     libclang_rt.builtins.a : divdf3.S.obj (.text.__divdf3)
                  000014fc    000000ec     driverlib.a : dl_sysctl_mspm0g1x0x_g3x0x.o (.text.DL_SYSCTL_configSYSPLL)
                  000015e8    000000e4     libclang_rt.builtins.a : muldf3.S.obj (.text.__muldf3)
                  000016cc    000000d8     libc.a : s_scalbn.c.obj (.text.scalbn)
                  000017a4    000000a2     libclang_rt.builtins.a : udivmoddi4.S.obj (.text)
                  00001846    0000009a     libc.a : memcpy16.S.obj (.text:memcpy)
                  000018e0    0000007c            : copy_decompress_lzss.c.obj (.text:decompress:lzss)
                  0000195c    00000074     libclang_rt.builtins.a : comparedf2.c.obj (.text.__gedf2)
                  000019d0    00000068                            : comparedf2.c.obj (.text.__ledf2)
                  00001a38    00000068     board.o (.text.lc_printf)
                  00001aa0    00000066     libc.a : _printfi.c.obj (.text._mcpy)
                  00001b06    00000002     libclang_rt.builtins.a : aeabi_div0.c.obj (.text.__aeabi_idiv0)
                  00001b08    00000064     driverlib.a : dl_sysctl_mspm0g1x0x_g3x0x.o (.text.DL_SYSCTL_setHFCLKSourceHFXTParams)
                  00001b6c    00000064     ti_msp_dl_config.o (.text.SYSCFG_DL_SYSCTL_init)
                  00001bd0    00000062     libclang_rt.builtins.a : aeabi_dcmp.S.obj (.text.__aeabi_dcmp)
                  00001c32    00000062     libc.a : memset16.S.obj (.text:memset)
                  00001c94    00000060     ti_msp_dl_config.o (.text.SYSCFG_DL_UART_0_init)
                  00001cf4    0000005c     libc.a : s_frexp.c.obj (.text.frexp)
                  00001d50    00000058            : _ltoa.c.obj (.text.__TI_ltoa)
                  00001da8    00000058            : _printfi.c.obj (.text._pconv_f)
                  00001e00    00000056     libclang_rt.builtins.a : aeabi_idivmod.S.obj (.text.__aeabi_idivmod)
                  00001e56    00000052     libc.a : _printfi.c.obj (.text._ecpy)
                  00001ea8    00000050     ti_msp_dl_config.o (.text.SYSCFG_DL_ADC12_0_init)
                  00001ef8    0000004c     driverlib.a : dl_adc12.o (.text.DL_ADC12_setClockConfig)
                  00001f44    0000004c                 : dl_sysctl_mspm0g1x0x_g3x0x.o (.text.DL_SYSCTL_switchMCLKfromSYSOSCtoHSCLK)
                  00001f90    0000004c                 : dl_uart.o (.text.DL_UART_init)
                  00001fdc    0000004a     libclang_rt.builtins.a : fixdfsi.S.obj (.text.__fixdfsi)
                  00002026    00000002                            : aeabi_div0.c.obj (.text.__aeabi_ldiv0)
                  00002028    00000048     empty.o (.text.main)
                  00002070    00000040     ti_msp_dl_config.o (.text.SYSCFG_DL_GPIO_init)
                  000020b0    00000040     ti_msp_dl_config.o (.text.SYSCFG_DL_initPower)
                  000020f0    00000040     libclang_rt.builtins.a : aeabi_uidivmod.S.obj (.text.__aeabi_uidivmod)
                  00002130    00000040     libc.a : atoi.c.obj (.text.atoi)
                  00002170    00000040            : vsnprintf.c.obj (.text.vsnprintf)
                  000021b0    0000003c            : autoinit.c.obj (.text:__TI_auto_init_nobinit_nopinit)
                  000021ec    0000003a     libclang_rt.builtins.a : muldsi3.S.obj (.text.__muldsi3)
                  00002226    00000030     libc.a : _printfi.c.obj (.text._fcpy)
                  00002256    00000030            : vsnprintf.c.obj (.text._outs)
                  00002286    00000002     --HOLE-- [fill = 0]
                  00002288    0000002c     libclang_rt.builtins.a : floatsidf.S.obj (.text.__floatsidf)
                  000022b4    00000028     driverlib.a : dl_adc12.o (.text.DL_Common_updateReg)
                  000022dc    00000028                 : dl_sysctl_mspm0g1x0x_g3x0x.o (.text.DL_Common_updateReg)
                  00002304    00000028                 : dl_uart.o (.text.DL_Common_updateReg)
                  0000232c    00000028     ti_msp_dl_config.o (.text.SYSCFG_DL_SYSCTL_CLK_init)
                  00002354    00000028     libc.a : boot_cortex_m.c.obj (.text:_c_int00_noargs)
                  0000237c    00000024     driverlib.a : dl_uart.o (.text.DL_UART_setClockConfig)
                  000023a0    00000024     libclang_rt.builtins.a : muldi3.S.obj (.text.__muldi3)
                  000023c4    00000022     libc.a : memccpy.c.obj (.text.memccpy)
                  000023e6    00000002     --HOLE-- [fill = 0]
                  000023e8    00000020     driverlib.a : dl_sysctl_mspm0g1x0x_g3x0x.o (.text.DL_CORE_configInstruction)
                  00002408    00000020                 : dl_sysctl_mspm0g1x0x_g3x0x.o (.text.DL_SYSCTL_setHFXTFrequencyRange)
                  00002428    0000001e     libclang_rt.builtins.a : ashldi3.S.obj (.text.__ashldi3)
                  00002446    0000001c     ti_msp_dl_config.o (.text.SYSCFG_DL_init)
                  00002462    00000002     --HOLE-- [fill = 0]
                  00002464    00000018     driverlib.a : dl_sysctl_mspm0g1x0x_g3x0x.o (.text.DL_SYSCTL_setHFXTStartupTime)
                  0000247c    00000018                 : dl_sysctl_mspm0g1x0x_g3x0x.o (.text.DL_SYSCTL_setHSCLKSource)
                  00002494    00000018     libc.a : vsnprintf.c.obj (.text._outc)
                  000024ac    00000016     driverlib.a : dl_uart.o (.text.DL_UART_disable)
                  000024c2    00000014                 : dl_common.o (.text.DL_Common_delayCycles)
                  000024d6    00000002     --HOLE-- [fill = 0]
                  000024d8    00000014                 : dl_sysctl_mspm0g1x0x_g3x0x.o (.text.DL_SYSCTL_disableHFCLKStartupMonitor)
                  000024ec    00000014                 : dl_sysctl_mspm0g1x0x_g3x0x.o (.text.DL_SYSCTL_disableSYSPLL)
                  00002500    00000014                 : dl_sysctl_mspm0g1x0x_g3x0x.o (.text.DL_SYSCTL_enableHFCLKStartupMonitor)
                  00002514    00000014     libclang_rt.builtins.a : aeabi_uldivmod.S.obj (.text.__aeabi_uldivmod)
                  00002528    00000014     libc.a : _printfi.c.obj (.text.strchr)
                  0000253c    00000012            : copy_decompress_none.c.obj (.text:decompress:none)
                  0000254e    00000002     --HOLE-- [fill = 0]
                  00002550    00000010     driverlib.a : dl_sysctl_mspm0g1x0x_g3x0x.o (.text.DL_CORE_getInstructionConfig)
                  00002560    00000010                 : dl_sysctl_mspm0g1x0x_g3x0x.o (.text.DL_SYSCTL_disableHFXT)
                  00002570    00000010     bsp_irtracking.o (.text.Get_DO)
                  00002580    00000010     board.o (.text.delay_ms)
                  00002590    00000010     libc.a : wcslen.c.obj (.text.wcslen)
                  000025a0    0000000e     libclang_rt.builtins.a : aeabi_memset.S.obj (.text.__aeabi_memset)
                  000025ae    0000000e     libc.a : _printfi.c.obj (.text.strlen)
                  000025bc    0000000c     driverlib.a : dl_sysctl_mspm0g1x0x_g3x0x.o (.text.DL_SYSCTL_getClockStatus)
                  000025c8    0000000c     libclang_rt.builtins.a : aeabi_memset.S.obj (.text.__aeabi_memclr)
                  000025d4    0000000a     libc.a : _printfi.c.obj (.text.OUTLINED_FUNCTION_0)
                  000025de    00000002     --HOLE-- [fill = 0]
                  000025e0    00000010     libclang_rt.builtins.a : adddf3.S.obj (.tramp.__aeabi_dsub.1)
                  000025f0    0000000a     libc.a : _printfi.c.obj (.text.OUTLINED_FUNCTION_1)
                  000025fa    00000002     --HOLE-- [fill = 0]
                  000025fc    00000008            : aeabi_portable.c.obj (.text.__aeabi_errno_addr)
                  00002604    00000008     libclang_rt.builtins.a : aeabi_memcpy.S.obj (.text.__aeabi_memcpy)
                  0000260c    00000004     startup_mspm0g350x_ticlang.o (.text.Reset_Handler)
                  00002610    00000004     libc.a : pre_init.c.obj (.text._system_pre_init)
                  00002614    00000004            : exit.c.obj (.text:abort)

.cinit     0    000027d0    00000018     
                  000027d0    00000008     (__TI_handler_table)
                  000027d8    00000007     (.cinit..data.load) [load image, compression = lzss]
                  000027df    00000001     --HOLE-- [fill = 0]
                  000027e0    00000008     (__TI_cinit_table)

.rodata    0    00002620    000001b0     
                  00002620    00000101     libc.a : aeabi_ctype.S.obj (.rodata:__aeabi_ctype_table_)
                  00002721    00000002     ti_msp_dl_config.o (.rodata.gUART_0ClockConfig)
                  00002723    00000001     --HOLE-- [fill = 0]
                  00002724    00000028     ti_msp_dl_config.o (.rodata.gSYSPLLConfig)
                  0000274c    00000025     empty.o (.rodata.str1.176633223477948356601)
                  00002771    00000011     libc.a : _printfi.c.obj (.rodata.str1.103488685894817597201)
                  00002782    00000011            : _printfi.c.obj (.rodata.str1.153638888446227384661)
                  00002793    00000010     empty.o (.rodata.str1.142855731982211788051)
                  000027a3    00000010     empty.o (.rodata.str1.8167968867256355221)
                  000027b3    00000001     --HOLE-- [fill = 0]
                  000027b4    0000000a     ti_msp_dl_config.o (.rodata.gUART_0Config)
                  000027be    00000002     empty.o (.rodata.str1.100506750686581518081)
                  000027c0    00000008     ti_msp_dl_config.o (.rodata.gADC12_0ClockConfig)
                  000027c8    00000008     --HOLE-- [fill = 0]

.init_array 
*          0    00000000    00000000     UNINITIALIZED

.binit     0    00000000    00000000     

.data      0    20200000    00000004     UNINITIALIZED
                  20200000    00000004     libc.a : aeabi_portable.c.obj (.data.__aeabi_errno)

.stack     0    20207e00    00000200     UNINITIALIZED
                  20207e00    00000004     libc.a : boot_cortex_m.c.obj (.stack)
                  20207e04    000001fc     --HOLE--

__llvm_prf_cnts 
*          0    20200000    00000000     UNINITIALIZED

__llvm_prf_bits 
*          0    20200000    00000000     UNINITIALIZED

MODULE SUMMARY

       Module                         code   ro data   rw data
       ------                         ----   -------   -------
    .\
       ti_msp_dl_config.o             472    60        0      
       startup_mspm0g350x_ticlang.o   6      192       0      
       empty.o                        72     71        0      
    +--+------------------------------+------+---------+---------+
       Total:                         550    323       0      
                                                              
    .\BSP\src\
       bsp_irtracking.o               388    0         0      
    +--+------------------------------+------+---------+---------+
       Total:                         388    0         0      
                                                              
    .\Board\
       board.o                        120    0         0      
    +--+------------------------------+------+---------+---------+
       Total:                         120    0         0      
                                                              
    C:/ti/mspm0_sdk_2_02_00_05/source/ti/driverlib/lib/ticlang/m0p/mspm0g1x0x_g3x0x/driverlib.a
       dl_sysctl_mspm0g1x0x_g3x0x.o   668    0         0      
       dl_uart.o                      174    0         0      
       dl_adc12.o                     116    0         0      
       dl_common.o                    20     0         0      
    +--+------------------------------+------+---------+---------+
       Total:                         978    0         0      
                                                              
    F:\Ti\CCS\ccs\tools\compiler\ti-cgt-armllvm_4.0.0.LTS\lib\armv6m-ti-none-eabi/c/libc.a
       _printfi.c.obj                 4510   34        0      
       aeabi_ctype.S.obj              0      257       0      
       s_scalbn.c.obj                 216    0         0      
       memcpy16.S.obj                 154    0         0      
       vsnprintf.c.obj                136    0         0      
       copy_decompress_lzss.c.obj     124    0         0      
       memset16.S.obj                 98     0         0      
       s_frexp.c.obj                  92     0         0      
       _ltoa.c.obj                    88     0         0      
       atoi.c.obj                     64     0         0      
       autoinit.c.obj                 60     0         0      
       boot_cortex_m.c.obj            40     0         0      
       memccpy.c.obj                  34     0         0      
       copy_decompress_none.c.obj     18     0         0      
       wcslen.c.obj                   16     0         0      
       aeabi_portable.c.obj           8      0         4      
       exit.c.obj                     4      0         0      
       pre_init.c.obj                 4      0         0      
    +--+------------------------------+------+---------+---------+
       Total:                         5666   291       4      
                                                              
    F:\Ti\CCS\ccs\tools\compiler\ti-cgt-armllvm_4.0.0.LTS\lib\armv6m-ti-none-eabi/libclang_rt.builtins.a
       adddf3.S.obj                   418    0         0      
       divdf3.S.obj                   268    0         0      
       muldf3.S.obj                   228    0         0      
       comparedf2.c.obj               220    0         0      
       udivmoddi4.S.obj               162    0         0      
       aeabi_dcmp.S.obj               98     0         0      
       aeabi_idivmod.S.obj            86     0         0      
       fixdfsi.S.obj                  74     0         0      
       aeabi_uidivmod.S.obj           64     0         0      
       muldsi3.S.obj                  58     0         0      
       floatsidf.S.obj                44     0         0      
       muldi3.S.obj                   36     0         0      
       ashldi3.S.obj                  30     0         0      
       aeabi_memset.S.obj             26     0         0      
       aeabi_uldivmod.S.obj           20     0         0      
       aeabi_memcpy.S.obj             8      0         0      
       aeabi_div0.c.obj               4      0         0      
    +--+------------------------------+------+---------+---------+
       Total:                         1844   0         0      
                                                              
       Stack:                         0      0         512    
       Linker Generated:              0      23        0      
    +--+------------------------------+------+---------+---------+
       Grand Total:                   9546   637       516    


LINKER GENERATED COPY TABLES

__TI_cinit_table @ 000027e0 records: 1, size/record: 8, table size: 8
	.data: load addr=000027d8, load size=00000007 bytes, run addr=20200000, run size=00000004 bytes, compression=lzss


LINKER GENERATED HANDLER TABLE

__TI_handler_table @ 000027d0 records: 2, size/record: 4, table size: 8
	index: 0, handler: __TI_decompress_lzss
	index: 1, handler: __TI_decompress_none


FAR CALL TRAMPOLINES

callee name               trampoline name
   callee addr  tramp addr   call addr  call info
--------------  -----------  ---------  ----------------
__aeabi_dsub              $Tramp$TT$L$PI$$__aeabi_dsub
   00000e8d     000025e0     000025dc   libc.a : _printfi.c.obj (.text.OUTLINED_FUNCTION_0)

[1 trampolines]
[1 trampoline calls]


GLOBAL SYMBOLS: SORTED ALPHABETICALLY BY Name 

address   name                                 
-------   ----                                 
0000101f  ADC0_IRQHandler                      
0000101f  ADC1_IRQHandler                      
0000101f  AES_IRQHandler                       
00002614  C$$EXIT                              
0000101f  CANFD0_IRQHandler                    
0000101f  DAC0_IRQHandler                      
00001ef9  DL_ADC12_setClockConfig              
000024c3  DL_Common_delayCycles                
000014fd  DL_SYSCTL_configSYSPLL               
00001b09  DL_SYSCTL_setHFCLKSourceHFXTParams   
00001f45  DL_SYSCTL_switchMCLKfromSYSOSCtoHSCLK
00001f91  DL_UART_init                         
0000237d  DL_UART_setClockConfig               
0000101f  DMA_IRQHandler                       
0000101f  Default_Handler                      
0000101f  GROUP0_IRQHandler                    
0000101f  GROUP1_IRQHandler                    
00001021  Get_ADC_Value                        
00002571  Get_DO                               
0000101f  HardFault_Handler                    
0000101f  I2C0_IRQHandler                      
0000101f  I2C1_IRQHandler                      
0000101f  NMI_Handler                          
0000101f  PendSV_Handler                       
0000101f  RTC_IRQHandler                       
0000260d  Reset_Handler                        
0000101f  SPI0_IRQHandler                      
0000101f  SPI1_IRQHandler                      
0000101f  SVC_Handler                          
00001ea9  SYSCFG_DL_ADC12_0_init               
00002071  SYSCFG_DL_GPIO_init                  
0000232d  SYSCFG_DL_SYSCTL_CLK_init            
00001b6d  SYSCFG_DL_SYSCTL_init                
00001c95  SYSCFG_DL_UART_0_init                
00002447  SYSCFG_DL_init                       
000020b1  SYSCFG_DL_initPower                  
0000101f  SysTick_Handler                      
0000101f  TIMA0_IRQHandler                     
0000101f  TIMA1_IRQHandler                     
0000101f  TIMG0_IRQHandler                     
0000101f  TIMG12_IRQHandler                    
0000101f  TIMG6_IRQHandler                     
0000101f  TIMG7_IRQHandler                     
0000101f  TIMG8_IRQHandler                     
0000101f  UART0_IRQHandler                     
0000101f  UART1_IRQHandler                     
0000101f  UART2_IRQHandler                     
0000101f  UART3_IRQHandler                     
20208000  __STACK_END                          
00000200  __STACK_SIZE                         
00000000  __TI_ATRegion0_region_sz             
00000000  __TI_ATRegion0_src_addr              
00000000  __TI_ATRegion0_trg_addr              
00000000  __TI_ATRegion1_region_sz             
00000000  __TI_ATRegion1_src_addr              
00000000  __TI_ATRegion1_trg_addr              
00000000  __TI_ATRegion2_region_sz             
00000000  __TI_ATRegion2_src_addr              
00000000  __TI_ATRegion2_trg_addr              
000027e0  __TI_CINIT_Base                      
000027e8  __TI_CINIT_Limit                     
000027e8  __TI_CINIT_Warm                      
000027d0  __TI_Handler_Table_Base              
000027d8  __TI_Handler_Table_Limit             
000021b1  __TI_auto_init_nobinit_nopinit       
000018e1  __TI_decompress_lzss                 
0000253d  __TI_decompress_none                 
00001d51  __TI_ltoa                            
ffffffff  __TI_pprof_out_hndl                  
000000c1  __TI_printfi                         
ffffffff  __TI_prof_data_size                  
ffffffff  __TI_prof_data_start                 
00000000  __TI_static_base__                   
00000e97  __adddf3                             
00002620  __aeabi_ctype_table_                 
00002620  __aeabi_ctype_table_C                
00001fdd  __aeabi_d2iz                         
00000e97  __aeabi_dadd                         
00001bd1  __aeabi_dcmpeq                       
00001c0d  __aeabi_dcmpge                       
00001c21  __aeabi_dcmpgt                       
00001bf9  __aeabi_dcmple                       
00001be5  __aeabi_dcmplt                       
000013f1  __aeabi_ddiv                         
000015e9  __aeabi_dmul                         
00000e8d  __aeabi_dsub                         
20200000  __aeabi_errno                        
000025fd  __aeabi_errno_addr                   
00002289  __aeabi_i2d                          
00001e01  __aeabi_idiv                         
00001b07  __aeabi_idiv0                        
00001e01  __aeabi_idivmod                      
00002027  __aeabi_ldiv0                        
00002429  __aeabi_llsl                         
000023a1  __aeabi_lmul                         
000025c9  __aeabi_memclr                       
000025c9  __aeabi_memclr4                      
000025c9  __aeabi_memclr8                      
00002605  __aeabi_memcpy                       
00002605  __aeabi_memcpy4                      
00002605  __aeabi_memcpy8                      
000025a1  __aeabi_memset                       
000025a1  __aeabi_memset4                      
000025a1  __aeabi_memset8                      
000020f1  __aeabi_uidiv                        
000020f1  __aeabi_uidivmod                     
00002515  __aeabi_uldivmod                     
00002429  __ashldi3                            
ffffffff  __binit__                            
000019d1  __cmpdf2                             
000013f1  __divdf3                             
000019d1  __eqdf2                              
00001fdd  __fixdfsi                            
00002289  __floatsidf                          
0000195d  __gedf2                              
0000195d  __gtdf2                              
000019d1  __ledf2                              
000019d1  __ltdf2                              
UNDEFED   __mpu_init                           
000015e9  __muldf3                             
000023a1  __muldi3                             
000021ed  __muldsi3                            
000019d1  __nedf2                              
20207e00  __stack                              
20200000  __start___llvm_prf_bits              
20200000  __start___llvm_prf_cnts              
20200000  __stop___llvm_prf_bits               
20200000  __stop___llvm_prf_cnts               
00000e8d  __subdf3                             
000017a5  __udivmoddi4                         
00002355  _c_int00_noargs                      
UNDEFED   _system_post_cinit                   
00002611  _system_pre_init                     
00002615  abort                                
00002131  atoi                                 
ffffffff  binit                                
00002581  delay_ms                             
00001cf5  frexp                                
00001cf5  frexpl                               
00000000  interruptVectors                     
00001a39  lc_printf                            
000016cd  ldexp                                
000016cd  ldexpl                               
00002029  main                                 
000023c5  memccpy                              
00001847  memcpy                               
00001c33  memset                               
000016cd  scalbn                               
000016cd  scalbnl                              
00002171  vsnprintf                            
00002591  wcslen                               


GLOBAL SYMBOLS: SORTED BY Symbol Address 

address   name                                 
-------   ----                                 
00000000  __TI_ATRegion0_region_sz             
00000000  __TI_ATRegion0_src_addr              
00000000  __TI_ATRegion0_trg_addr              
00000000  __TI_ATRegion1_region_sz             
00000000  __TI_ATRegion1_src_addr              
00000000  __TI_ATRegion1_trg_addr              
00000000  __TI_ATRegion2_region_sz             
00000000  __TI_ATRegion2_src_addr              
00000000  __TI_ATRegion2_trg_addr              
00000000  __TI_static_base__                   
00000000  interruptVectors                     
000000c1  __TI_printfi                         
00000200  __STACK_SIZE                         
00000e8d  __aeabi_dsub                         
00000e8d  __subdf3                             
00000e97  __adddf3                             
00000e97  __aeabi_dadd                         
0000101f  ADC0_IRQHandler                      
0000101f  ADC1_IRQHandler                      
0000101f  AES_IRQHandler                       
0000101f  CANFD0_IRQHandler                    
0000101f  DAC0_IRQHandler                      
0000101f  DMA_IRQHandler                       
0000101f  Default_Handler                      
0000101f  GROUP0_IRQHandler                    
0000101f  GROUP1_IRQHandler                    
0000101f  HardFault_Handler                    
0000101f  I2C0_IRQHandler                      
0000101f  I2C1_IRQHandler                      
0000101f  NMI_Handler                          
0000101f  PendSV_Handler                       
0000101f  RTC_IRQHandler                       
0000101f  SPI0_IRQHandler                      
0000101f  SPI1_IRQHandler                      
0000101f  SVC_Handler                          
0000101f  SysTick_Handler                      
0000101f  TIMA0_IRQHandler                     
0000101f  TIMA1_IRQHandler                     
0000101f  TIMG0_IRQHandler                     
0000101f  TIMG12_IRQHandler                    
0000101f  TIMG6_IRQHandler                     
0000101f  TIMG7_IRQHandler                     
0000101f  TIMG8_IRQHandler                     
0000101f  UART0_IRQHandler                     
0000101f  UART1_IRQHandler                     
0000101f  UART2_IRQHandler                     
0000101f  UART3_IRQHandler                     
00001021  Get_ADC_Value                        
000013f1  __aeabi_ddiv                         
000013f1  __divdf3                             
000014fd  DL_SYSCTL_configSYSPLL               
000015e9  __aeabi_dmul                         
000015e9  __muldf3                             
000016cd  ldexp                                
000016cd  ldexpl                               
000016cd  scalbn                               
000016cd  scalbnl                              
000017a5  __udivmoddi4                         
00001847  memcpy                               
000018e1  __TI_decompress_lzss                 
0000195d  __gedf2                              
0000195d  __gtdf2                              
000019d1  __cmpdf2                             
000019d1  __eqdf2                              
000019d1  __ledf2                              
000019d1  __ltdf2                              
000019d1  __nedf2                              
00001a39  lc_printf                            
00001b07  __aeabi_idiv0                        
00001b09  DL_SYSCTL_setHFCLKSourceHFXTParams   
00001b6d  SYSCFG_DL_SYSCTL_init                
00001bd1  __aeabi_dcmpeq                       
00001be5  __aeabi_dcmplt                       
00001bf9  __aeabi_dcmple                       
00001c0d  __aeabi_dcmpge                       
00001c21  __aeabi_dcmpgt                       
00001c33  memset                               
00001c95  SYSCFG_DL_UART_0_init                
00001cf5  frexp                                
00001cf5  frexpl                               
00001d51  __TI_ltoa                            
00001e01  __aeabi_idiv                         
00001e01  __aeabi_idivmod                      
00001ea9  SYSCFG_DL_ADC12_0_init               
00001ef9  DL_ADC12_setClockConfig              
00001f45  DL_SYSCTL_switchMCLKfromSYSOSCtoHSCLK
00001f91  DL_UART_init                         
00001fdd  __aeabi_d2iz                         
00001fdd  __fixdfsi                            
00002027  __aeabi_ldiv0                        
00002029  main                                 
00002071  SYSCFG_DL_GPIO_init                  
000020b1  SYSCFG_DL_initPower                  
000020f1  __aeabi_uidiv                        
000020f1  __aeabi_uidivmod                     
00002131  atoi                                 
00002171  vsnprintf                            
000021b1  __TI_auto_init_nobinit_nopinit       
000021ed  __muldsi3                            
00002289  __aeabi_i2d                          
00002289  __floatsidf                          
0000232d  SYSCFG_DL_SYSCTL_CLK_init            
00002355  _c_int00_noargs                      
0000237d  DL_UART_setClockConfig               
000023a1  __aeabi_lmul                         
000023a1  __muldi3                             
000023c5  memccpy                              
00002429  __aeabi_llsl                         
00002429  __ashldi3                            
00002447  SYSCFG_DL_init                       
000024c3  DL_Common_delayCycles                
00002515  __aeabi_uldivmod                     
0000253d  __TI_decompress_none                 
00002571  Get_DO                               
00002581  delay_ms                             
00002591  wcslen                               
000025a1  __aeabi_memset                       
000025a1  __aeabi_memset4                      
000025a1  __aeabi_memset8                      
000025c9  __aeabi_memclr                       
000025c9  __aeabi_memclr4                      
000025c9  __aeabi_memclr8                      
000025fd  __aeabi_errno_addr                   
00002605  __aeabi_memcpy                       
00002605  __aeabi_memcpy4                      
00002605  __aeabi_memcpy8                      
0000260d  Reset_Handler                        
00002611  _system_pre_init                     
00002614  C$$EXIT                              
00002615  abort                                
00002620  __aeabi_ctype_table_                 
00002620  __aeabi_ctype_table_C                
000027d0  __TI_Handler_Table_Base              
000027d8  __TI_Handler_Table_Limit             
000027e0  __TI_CINIT_Base                      
000027e8  __TI_CINIT_Limit                     
000027e8  __TI_CINIT_Warm                      
20200000  __aeabi_errno                        
20200000  __start___llvm_prf_bits              
20200000  __start___llvm_prf_cnts              
20200000  __stop___llvm_prf_bits               
20200000  __stop___llvm_prf_cnts               
20207e00  __stack                              
20208000  __STACK_END                          
ffffffff  __TI_pprof_out_hndl                  
ffffffff  __TI_prof_data_size                  
ffffffff  __TI_prof_data_start                 
ffffffff  __binit__                            
ffffffff  binit                                
UNDEFED   __mpu_init                           
UNDEFED   _system_post_cinit                   

[151 symbols]
