******************************************************************************
            TI ARM Clang Linker PC v4.0.3                      
******************************************************************************
>> Linked Sat Jun 13 17:10:01 2026

OUTPUT FILE NAME:   <pid_tuner_car.out>
ENTRY POINT SYMBOL: "_c_int00_noargs"  address: 00000d29


MEMORY CONFIGURATION

         name            origin    length      used     unused   attr    fill
----------------------  --------  ---------  --------  --------  ----  --------
  FLASH                 00000000   00020000  00000f20  0001f0e0  R  X
  SRAM                  20200000   00008000  0000021d  00007de3  RW X
  BCR_CONFIG            41c00000   000000ff  00000000  000000ff  R   
  BSL_CONFIG            41c00100   00000080  00000000  00000080  R   


SEGMENT ALLOCATION MAP

run origin  load origin   length   init length attrs members
----------  ----------- ---------- ----------- ----- -------
00000000    00000000    00000f20   00000f20    r-x
  00000000    00000000    000000c0   000000c0    r-- .intvecs
  000000c0    000000c0    00000de8   00000de8    r-x .text
  00000ea8    00000ea8    00000038   00000038    r-- .rodata
  00000ee0    00000ee0    00000040   00000040    r-- .cinit
20200000    20200000    0000001d   00000000    rw-
  20200000    20200000    00000014   00000000    rw- .data
  20200014    20200014    00000009   00000000    rw- .bss
20207e00    20207e00    00000200   00000000    rw-
  20207e00    20207e00    00000200   00000000    rw- .stack


SECTION ALLOCATION MAP

 output                                  attributes/
section   page    origin      length       input sections
--------  ----  ----------  ----------   ----------------
.intvecs   0    00000000    000000c0     
                  00000000    000000c0     startup_mspm0g350x_ticlang.o (.intvecs)

.text      0    000000c0    00000de8     
                  000000c0    00000188     main.o (.text.main)
                  00000248    00000104     driverlib.a : dl_timer.o (.text.DL_Timer_initFourCCPWMMode)
                  0000034c    000000d8     libclang_rt.builtins.a : addsf3.S.obj (.text)
                  00000424    000000cc     speed_pid.o (.text.speed_pid_update)
                  000004f0    000000c4     pid_tuner.o (.text.pid_tuner_init)
                  000005b4    0000009a     libc.a : memcpy16.S.obj (.text:memcpy)
                  0000064e    00000002     startup_mspm0g350x_ticlang.o (.text.Default_Handler)
                  00000650    00000094     ti_msp_dl_config.o (.text.SYSCFG_DL_MOTOR_PWM_init)
                  000006e4    0000008c     libclang_rt.builtins.a : mulsf3.S.obj (.text.__mulsf3)
                  00000770    00000080     ti_msp_dl_config.o (.text.SYSCFG_DL_DEBUG_UART_init)
                  000007f0    0000007c     libc.a : copy_decompress_lzss.c.obj (.text:decompress:lzss)
                  0000086c    0000006c     ti_msp_dl_config.o (.text.SYSCFG_DL_GPIO_init)
                  000008d8    00000062     libclang_rt.builtins.a : aeabi_fcmp.S.obj (.text.__aeabi_fcmp)
                  0000093a    00000002     --HOLE-- [fill = 0]
                  0000093c    00000054     encoder.o (.text.encoder_init)
                  00000990    00000054     motor.o (.text.motor_right_set)
                  000009e4    00000050     motor.o (.text.motor_left_set)
                  00000a34    0000004c     motor.o (.text.motor_init)
                  00000a80    00000048     driverlib.a : dl_uart.o (.text.DL_UART_init)
                  00000ac8    00000040     ti_msp_dl_config.o (.text.SYSCFG_DL_SYSCTL_init)
                  00000b08    00000040     ti_msp_dl_config.o (.text.SYSCFG_DL_initPower)
                  00000b48    00000040     motor.o (.text.motor_stop)
                  00000b88    0000003c     encoder.o (.text.GROUP1_IRQHandler)
                  00000bc4    0000003c     libclang_rt.builtins.a : floatsisf.S.obj (.text.__floatsisf)
                  00000c00    0000003c                            : comparesf2.S.obj (.text.__gtsf2)
                  00000c3c    0000003c     libc.a : autoinit.c.obj (.text:__TI_auto_init_nobinit_nopinit)
                  00000c78    0000003a     libclang_rt.builtins.a : comparesf2.S.obj (.text.__eqsf2)
                  00000cb2    00000002     --HOLE-- [fill = 0]
                  00000cb4    0000003a                            : muldsi3.S.obj (.text.__muldsi3)
                  00000cee    00000002     --HOLE-- [fill = 0]
                  00000cf0    00000038                            : fixsfsi.S.obj (.text.__fixsfsi)
                  00000d28    00000028     libc.a : boot_cortex_m.c.obj (.text:_c_int00_noargs)
                  00000d50    00000026     button.o (.text.button_update_pressed_event)
                  00000d76    00000002     --HOLE-- [fill = 0]
                  00000d78    00000020     encoder.o (.text.encoder_sample_and_clear)
                  00000d98    0000001c     driverlib.a : dl_timer.o (.text.DL_Timer_setCaptCompUpdateMethod)
                  00000db4    0000001c                 : dl_timer.o (.text.DL_Timer_setClockConfig)
                  00000dd0    00000018                 : dl_timer.o (.text.DL_Timer_setCaptureCompareOutCtl)
                  00000de8    00000018     ti_msp_dl_config.o (.text.SYSCFG_DL_init)
                  00000e00    00000016     libc.a : copy_zero_init.c.obj (.text:decompress:ZI:__TI_zero_init_nomemset)
                  00000e16    00000012     driverlib.a : dl_uart.o (.text.DL_UART_setClockConfig)
                  00000e28    00000012     speed_pid.o (.text.speed_pid_init)
                  00000e3a    00000012     libc.a : copy_decompress_none.c.obj (.text:decompress:none)
                  00000e4c    00000010     driverlib.a : dl_timer.o (.text.DL_Timer_setCaptureCompareValue)
                  00000e5c    00000010     main.o (.text.SysTick_Handler)
                  00000e6c    0000000a     driverlib.a : dl_common.o (.text.DL_Common_delayCycles)
                  00000e76    00000002     --HOLE-- [fill = 0]
                  00000e78    00000008     libclang_rt.builtins.a : aeabi_memcpy.S.obj (.text.__aeabi_memcpy)
                  00000e80    00000008     button.o (.text.button_init)
                  00000e88    00000008     speed_pid.o (.text.speed_pid_reset)
                  00000e90    00000006     libc.a : exit.c.obj (.text:abort)
                  00000e96    00000004     libsysbm.a : hostexit.c.obj (.text.HOSTexit)
                  00000e9a    00000004     startup_mspm0g350x_ticlang.o (.text.Reset_Handler)
                  00000e9e    00000004     libc.a : pre_init.c.obj (.text._system_pre_init)
                  00000ea2    00000006     --HOLE-- [fill = 0]

.cinit     0    00000ee0    00000040     
                  00000ee0    00000015     (.cinit..data.load) [load image, compression = lzss]
                  00000ef5    00000003     --HOLE-- [fill = 0]
                  00000ef8    0000000c     (__TI_handler_table)
                  00000f04    00000008     (.cinit..bss.load) [load image, compression = zero_init]
                  00000f0c    00000010     (__TI_cinit_table)
                  00000f1c    00000004     --HOLE-- [fill = 0]

.rodata    0    00000ea8    00000038     
                  00000ea8    0000001d     pid_tuner.o (.rodata.str1.15084460481287825330.1)
                  00000ec5    00000001     --HOLE-- [fill = 0]
                  00000ec6    0000000a     ti_msp_dl_config.o (.rodata.gDEBUG_UARTConfig)
                  00000ed0    00000008     ti_msp_dl_config.o (.rodata.gMOTOR_PWMConfig)
                  00000ed8    00000003     ti_msp_dl_config.o (.rodata.gMOTOR_PWMClockConfig)
                  00000edb    00000002     ti_msp_dl_config.o (.rodata.gDEBUG_UARTClockConfig)
                  00000edd    00000003     --HOLE-- [fill = 0]

.init_array 
*          0    00000000    00000000     UNINITIALIZED

.binit     0    00000000    00000000     

.data      0    20200000    00000014     UNINITIALIZED
                  20200000    00000014     pid_tuner.o (.data.g_pid_tuner)

.bss       0    20200014    00000009     UNINITIALIZED
                  20200014    00000004     main.o (.bss.g_ms_ticks)
                  20200018    00000002     encoder.o (.bss.g_left_edges)
                  2020001a    00000002     encoder.o (.bss.g_right_edges)
                  2020001c    00000001     pid_tuner.o (.bss.g_cmd_idx)

.stack     0    20207e00    00000200     UNINITIALIZED
                  20207e00    00000004     libc.a : boot_cortex_m.c.obj (.stack)
                  20207e04    000001fc     --HOLE--

__llvm_prf_cnts 
*          0    20200000    00000000     UNINITIALIZED

__llvm_prf_bits 
*          0    20200000    00000000     UNINITIALIZED

MODULE SUMMARY

       Module                         code   ro data   rw data
       ------                         ----   -------   -------
    .\
       ti_msp_dl_config.o             536    23        0      
       main.o                         408    0         4      
       motor.o                        304    0         0      
       pid_tuner.o                    196    29        21     
       speed_pid.o                    230    0         0      
       startup_mspm0g350x_ticlang.o   6      192       0      
       encoder.o                      176    0         4      
       button.o                       46     0         0      
    +--+------------------------------+------+---------+---------+
       Total:                         1902   244       29     
                                                              
    C:/ti/mspm0_sdk_2_10_00_04/source/ti/driverlib/lib/ticlang/m0p/mspm0g1x0x_g3x0x/driverlib.a
       dl_timer.o                     356    0         0      
       dl_uart.o                      90     0         0      
       dl_common.o                    10     0         0      
    +--+------------------------------+------+---------+---------+
       Total:                         456    0         0      
                                                              
    C:\ti\ccs2020\ccs\tools\compiler\ti-cgt-armllvm_4.0.3.LTS\lib\armv6m-ti-none-eabi/c/libc.a
       memcpy16.S.obj                 154    0         0      
       copy_decompress_lzss.c.obj     124    0         0      
       autoinit.c.obj                 60     0         0      
       boot_cortex_m.c.obj            40     0         0      
       copy_zero_init.c.obj           22     0         0      
       copy_decompress_none.c.obj     18     0         0      
       exit.c.obj                     6      0         0      
       pre_init.c.obj                 4      0         0      
    +--+------------------------------+------+---------+---------+
       Total:                         428    0         0      
                                                              
    C:\ti\ccs2020\ccs\tools\compiler\ti-cgt-armllvm_4.0.3.LTS\lib\armv6m-ti-none-eabi/c/libsysbm.a
       hostexit.c.obj                 4      0         0      
    +--+------------------------------+------+---------+---------+
       Total:                         4      0         0      
                                                              
    C:\ti\ccs2020\ccs\tools\compiler\ti-cgt-armllvm_4.0.3.LTS\lib\armv6m-ti-none-eabi/libclang_rt.builtins.a
       addsf3.S.obj                   216    0         0      
       mulsf3.S.obj                   140    0         0      
       comparesf2.S.obj               118    0         0      
       aeabi_fcmp.S.obj               98     0         0      
       floatsisf.S.obj                60     0         0      
       muldsi3.S.obj                  58     0         0      
       fixsfsi.S.obj                  56     0         0      
       aeabi_memcpy.S.obj             8      0         0      
    +--+------------------------------+------+---------+---------+
       Total:                         754    0         0      
                                                              
       Stack:                         0      0         512    
       Linker Generated:              0      57        0      
    +--+------------------------------+------+---------+---------+
       Grand Total:                   3544   301       541    


LINKER GENERATED COPY TABLES

__TI_cinit_table @ 00000f0c records: 2, size/record: 8, table size: 16
	.data: load addr=00000ee0, load size=00000015 bytes, run addr=20200000, run size=00000014 bytes, compression=lzss
	.bss: load addr=00000f04, load size=00000008 bytes, run addr=20200014, run size=00000009 bytes, compression=zero_init


LINKER GENERATED HANDLER TABLE

__TI_handler_table @ 00000ef8 records: 3, size/record: 4, table size: 12
	index: 0, handler: __TI_decompress_lzss
	index: 1, handler: __TI_decompress_none
	index: 2, handler: __TI_zero_init


GLOBAL SYMBOLS: SORTED ALPHABETICALLY BY Name 

address   name                            
-------   ----                            
0000064f  ADC0_IRQHandler                 
0000064f  ADC1_IRQHandler                 
0000064f  AES_IRQHandler                  
00000e96  C$$EXIT                         
0000064f  CANFD0_IRQHandler               
0000064f  DAC0_IRQHandler                 
00000e6d  DL_Common_delayCycles           
00000249  DL_Timer_initFourCCPWMMode      
00000d99  DL_Timer_setCaptCompUpdateMethod
00000dd1  DL_Timer_setCaptureCompareOutCtl
00000e4d  DL_Timer_setCaptureCompareValue 
00000db5  DL_Timer_setClockConfig         
00000a81  DL_UART_init                    
00000e17  DL_UART_setClockConfig          
0000064f  DMA_IRQHandler                  
0000064f  Default_Handler                 
0000064f  GROUP0_IRQHandler               
00000b89  GROUP1_IRQHandler               
00000e97  HOSTexit                        
0000064f  HardFault_Handler               
0000064f  I2C0_IRQHandler                 
0000064f  I2C1_IRQHandler                 
0000064f  NMI_Handler                     
0000064f  PendSV_Handler                  
0000064f  RTC_IRQHandler                  
00000e9b  Reset_Handler                   
0000064f  SPI0_IRQHandler                 
0000064f  SPI1_IRQHandler                 
0000064f  SVC_Handler                     
00000771  SYSCFG_DL_DEBUG_UART_init       
0000086d  SYSCFG_DL_GPIO_init             
00000651  SYSCFG_DL_MOTOR_PWM_init        
00000ac9  SYSCFG_DL_SYSCTL_init           
00000de9  SYSCFG_DL_init                  
00000b09  SYSCFG_DL_initPower             
00000e5d  SysTick_Handler                 
0000064f  TIMA0_IRQHandler                
0000064f  TIMA1_IRQHandler                
0000064f  TIMG0_IRQHandler                
0000064f  TIMG12_IRQHandler               
0000064f  TIMG6_IRQHandler                
0000064f  TIMG7_IRQHandler                
0000064f  TIMG8_IRQHandler                
0000064f  UART0_IRQHandler                
0000064f  UART1_IRQHandler                
0000064f  UART2_IRQHandler                
0000064f  UART3_IRQHandler                
20208000  __STACK_END                     
00000200  __STACK_SIZE                    
00000000  __TI_ATRegion0_region_sz        
00000000  __TI_ATRegion0_src_addr         
00000000  __TI_ATRegion0_trg_addr         
00000000  __TI_ATRegion1_region_sz        
00000000  __TI_ATRegion1_src_addr         
00000000  __TI_ATRegion1_trg_addr         
00000000  __TI_ATRegion2_region_sz        
00000000  __TI_ATRegion2_src_addr         
00000000  __TI_ATRegion2_trg_addr         
00000f0c  __TI_CINIT_Base                 
00000f1c  __TI_CINIT_Limit                
00000f1c  __TI_CINIT_Warm                 
00000ef8  __TI_Handler_Table_Base         
00000f04  __TI_Handler_Table_Limit        
00000c3d  __TI_auto_init_nobinit_nopinit  
000007f1  __TI_decompress_lzss            
00000e3b  __TI_decompress_none            
ffffffff  __TI_pprof_out_hndl             
ffffffff  __TI_prof_data_size             
ffffffff  __TI_prof_data_start            
00000000  __TI_static_base__              
00000e01  __TI_zero_init_nomemset         
00000357  __addsf3                        
00000cf1  __aeabi_f2iz                    
00000357  __aeabi_fadd                    
000008d9  __aeabi_fcmpeq                  
00000915  __aeabi_fcmpge                  
00000929  __aeabi_fcmpgt                  
00000901  __aeabi_fcmple                  
000008ed  __aeabi_fcmplt                  
000006e5  __aeabi_fmul                    
0000034d  __aeabi_fsub                    
00000bc5  __aeabi_i2f                     
00000e79  __aeabi_memcpy                  
00000e79  __aeabi_memcpy4                 
00000e79  __aeabi_memcpy8                 
ffffffff  __binit__                       
00000c79  __cmpsf2                        
00000c79  __eqsf2                         
00000cf1  __fixsfsi                       
00000bc5  __floatsisf                     
00000c01  __gesf2                         
00000c01  __gtsf2                         
00000c79  __lesf2                         
00000c79  __ltsf2                         
UNDEFED   __mpu_init                      
00000cb5  __muldsi3                       
000006e5  __mulsf3                        
00000c79  __nesf2                         
20207e00  __stack                         
20200000  __start___llvm_prf_bits         
20200000  __start___llvm_prf_cnts         
20200000  __stop___llvm_prf_bits          
20200000  __stop___llvm_prf_cnts          
0000034d  __subsf3                        
00000d29  _c_int00_noargs                 
UNDEFED   _system_post_cinit              
00000e9f  _system_pre_init                
00000e91  abort                           
ffffffff  binit                           
00000e81  button_init                     
00000d51  button_update_pressed_event     
0000093d  encoder_init                    
00000d79  encoder_sample_and_clear        
20200000  g_pid_tuner                     
00000000  interruptVectors                
000000c1  main                            
000005b5  memcpy                          
00000a35  motor_init                      
000009e5  motor_left_set                  
00000991  motor_right_set                 
00000b49  motor_stop                      
000004f1  pid_tuner_init                  
00000e29  speed_pid_init                  
00000e89  speed_pid_reset                 
00000425  speed_pid_update                


GLOBAL SYMBOLS: SORTED BY Symbol Address 

address   name                            
-------   ----                            
00000000  __TI_ATRegion0_region_sz        
00000000  __TI_ATRegion0_src_addr         
00000000  __TI_ATRegion0_trg_addr         
00000000  __TI_ATRegion1_region_sz        
00000000  __TI_ATRegion1_src_addr         
00000000  __TI_ATRegion1_trg_addr         
00000000  __TI_ATRegion2_region_sz        
00000000  __TI_ATRegion2_src_addr         
00000000  __TI_ATRegion2_trg_addr         
00000000  __TI_static_base__              
00000000  interruptVectors                
000000c1  main                            
00000200  __STACK_SIZE                    
00000249  DL_Timer_initFourCCPWMMode      
0000034d  __aeabi_fsub                    
0000034d  __subsf3                        
00000357  __addsf3                        
00000357  __aeabi_fadd                    
00000425  speed_pid_update                
000004f1  pid_tuner_init                  
000005b5  memcpy                          
0000064f  ADC0_IRQHandler                 
0000064f  ADC1_IRQHandler                 
0000064f  AES_IRQHandler                  
0000064f  CANFD0_IRQHandler               
0000064f  DAC0_IRQHandler                 
0000064f  DMA_IRQHandler                  
0000064f  Default_Handler                 
0000064f  GROUP0_IRQHandler               
0000064f  HardFault_Handler               
0000064f  I2C0_IRQHandler                 
0000064f  I2C1_IRQHandler                 
0000064f  NMI_Handler                     
0000064f  PendSV_Handler                  
0000064f  RTC_IRQHandler                  
0000064f  SPI0_IRQHandler                 
0000064f  SPI1_IRQHandler                 
0000064f  SVC_Handler                     
0000064f  TIMA0_IRQHandler                
0000064f  TIMA1_IRQHandler                
0000064f  TIMG0_IRQHandler                
0000064f  TIMG12_IRQHandler               
0000064f  TIMG6_IRQHandler                
0000064f  TIMG7_IRQHandler                
0000064f  TIMG8_IRQHandler                
0000064f  UART0_IRQHandler                
0000064f  UART1_IRQHandler                
0000064f  UART2_IRQHandler                
0000064f  UART3_IRQHandler                
00000651  SYSCFG_DL_MOTOR_PWM_init        
000006e5  __aeabi_fmul                    
000006e5  __mulsf3                        
00000771  SYSCFG_DL_DEBUG_UART_init       
000007f1  __TI_decompress_lzss            
0000086d  SYSCFG_DL_GPIO_init             
000008d9  __aeabi_fcmpeq                  
000008ed  __aeabi_fcmplt                  
00000901  __aeabi_fcmple                  
00000915  __aeabi_fcmpge                  
00000929  __aeabi_fcmpgt                  
0000093d  encoder_init                    
00000991  motor_right_set                 
000009e5  motor_left_set                  
00000a35  motor_init                      
00000a81  DL_UART_init                    
00000ac9  SYSCFG_DL_SYSCTL_init           
00000b09  SYSCFG_DL_initPower             
00000b49  motor_stop                      
00000b89  GROUP1_IRQHandler               
00000bc5  __aeabi_i2f                     
00000bc5  __floatsisf                     
00000c01  __gesf2                         
00000c01  __gtsf2                         
00000c3d  __TI_auto_init_nobinit_nopinit  
00000c79  __cmpsf2                        
00000c79  __eqsf2                         
00000c79  __lesf2                         
00000c79  __ltsf2                         
00000c79  __nesf2                         
00000cb5  __muldsi3                       
00000cf1  __aeabi_f2iz                    
00000cf1  __fixsfsi                       
00000d29  _c_int00_noargs                 
00000d51  button_update_pressed_event     
00000d79  encoder_sample_and_clear        
00000d99  DL_Timer_setCaptCompUpdateMethod
00000db5  DL_Timer_setClockConfig         
00000dd1  DL_Timer_setCaptureCompareOutCtl
00000de9  SYSCFG_DL_init                  
00000e01  __TI_zero_init_nomemset         
00000e17  DL_UART_setClockConfig          
00000e29  speed_pid_init                  
00000e3b  __TI_decompress_none            
00000e4d  DL_Timer_setCaptureCompareValue 
00000e5d  SysTick_Handler                 
00000e6d  DL_Common_delayCycles           
00000e79  __aeabi_memcpy                  
00000e79  __aeabi_memcpy4                 
00000e79  __aeabi_memcpy8                 
00000e81  button_init                     
00000e89  speed_pid_reset                 
00000e91  abort                           
00000e96  C$$EXIT                         
00000e97  HOSTexit                        
00000e9b  Reset_Handler                   
00000e9f  _system_pre_init                
00000ef8  __TI_Handler_Table_Base         
00000f04  __TI_Handler_Table_Limit        
00000f0c  __TI_CINIT_Base                 
00000f1c  __TI_CINIT_Limit                
00000f1c  __TI_CINIT_Warm                 
20200000  __start___llvm_prf_bits         
20200000  __start___llvm_prf_cnts         
20200000  __stop___llvm_prf_bits          
20200000  __stop___llvm_prf_cnts          
20200000  g_pid_tuner                     
20207e00  __stack                         
20208000  __STACK_END                     
ffffffff  __TI_pprof_out_hndl             
ffffffff  __TI_prof_data_size             
ffffffff  __TI_prof_data_start            
ffffffff  __binit__                       
ffffffff  binit                           
UNDEFED   __mpu_init                      
UNDEFED   _system_post_cinit              

[125 symbols]
