<?xml version="1.0" encoding="ISO-8859-1" ?>
<link_info>
   <banner>TI ARM Clang Linker PC v4.0.0.LTS</banner>
   <copyright>Copyright (c) 1996-2018 Texas Instruments Incorporated</copyright>
   <command_line>F:\Ti\CCS\ccs\tools\compiler\ti-cgt-armllvm_4.0.0.LTS\bin\tiarmlnk -IF:\Ti\CCS\ccs\tools\compiler\ti-cgt-armllvm_4.0.0.LTS\lib -o TMX_MSPM0G3507_ProjectTemplate.out -mTMX_MSPM0G3507_ProjectTemplate.map -iC:/ti/mspm0_sdk_2_02_00_05/source -iC:/Users/Administrator/Desktop/TMX_MSPM0G3507_ProjectTemplate -iC:/Users/Administrator/Desktop/TMX_MSPM0G3507_ProjectTemplate/Debug/syscfg -iF:/Ti/CCS/ccs/tools/compiler/ti-cgt-armllvm_4.0.0.LTS/lib --diag_wrap=off --display_error_number --warn_sections --xml_link_info=TMX_MSPM0G3507_ProjectTemplate_linkInfo.xml --rom_model ./empty.o ./ti_msp_dl_config.o ./startup_mspm0g350x_ticlang.o ./BSP/src/bsp_mpu6050.o ./BSP/src/inv_mpu.o ./BSP/src/inv_mpu_dmp_motion_driver.o ./Board/board.o -l./device_linker.cmd -ldevice.cmd.genlibs -llibc.a --start-group -llibc++.a -llibc++abi.a -llibc.a -llibsys.a -llibsysbm.a -llibclang_rt.builtins.a -llibclang_rt.profile.a --end-group --cg_opt_level=2</command_line>
   <link_time>0x67569729</link_time>
   <link_errors>0x0</link_errors>
   <output_file>C:\Users\Administrator\Desktop\TMX_MSPM0G3507_ProjectTemplate\Debug\TMX_MSPM0G3507_ProjectTemplate.out</output_file>
   <entry_point>
      <name>_c_int00_noargs</name>
      <address>0x60a1</address>
   </entry_point>
   <input_file_list>
      <input_file id="fl-1">
         <path>C:\Users\Administrator\Desktop\TMX_MSPM0G3507_ProjectTemplate\Debug\.\</path>
         <kind>object</kind>
         <file>empty.o</file>
         <name>empty.o</name>
      </input_file>
      <input_file id="fl-2">
         <path>C:\Users\Administrator\Desktop\TMX_MSPM0G3507_ProjectTemplate\Debug\.\</path>
         <kind>object</kind>
         <file>ti_msp_dl_config.o</file>
         <name>ti_msp_dl_config.o</name>
      </input_file>
      <input_file id="fl-3">
         <path>C:\Users\Administrator\Desktop\TMX_MSPM0G3507_ProjectTemplate\Debug\.\</path>
         <kind>object</kind>
         <file>startup_mspm0g350x_ticlang.o</file>
         <name>startup_mspm0g350x_ticlang.o</name>
      </input_file>
      <input_file id="fl-4">
         <path>C:\Users\Administrator\Desktop\TMX_MSPM0G3507_ProjectTemplate\Debug\.\BSP\src\</path>
         <kind>object</kind>
         <file>bsp_mpu6050.o</file>
         <name>bsp_mpu6050.o</name>
      </input_file>
      <input_file id="fl-5">
         <path>C:\Users\Administrator\Desktop\TMX_MSPM0G3507_ProjectTemplate\Debug\.\BSP\src\</path>
         <kind>object</kind>
         <file>inv_mpu.o</file>
         <name>inv_mpu.o</name>
      </input_file>
      <input_file id="fl-6">
         <path>C:\Users\Administrator\Desktop\TMX_MSPM0G3507_ProjectTemplate\Debug\.\BSP\src\</path>
         <kind>object</kind>
         <file>inv_mpu_dmp_motion_driver.o</file>
         <name>inv_mpu_dmp_motion_driver.o</name>
      </input_file>
      <input_file id="fl-7">
         <path>C:\Users\Administrator\Desktop\TMX_MSPM0G3507_ProjectTemplate\Debug\.\Board\</path>
         <kind>object</kind>
         <file>board.o</file>
         <name>board.o</name>
      </input_file>
      <input_file id="fl-14">
         <path>C:\Users\Administrator\Desktop\TMX_MSPM0G3507_ProjectTemplate\Debug\</path>
         <kind>object</kind>
         <file>&lt;internal&gt;</file>
         <name>&lt;internal&gt;</name>
      </input_file>
      <input_file id="fl-15">
         <path>C:\ti\mspm0_sdk_2_02_00_05\source\ti\driverlib\lib\ticlang\m0p\mspm0g1x0x_g3x0x\</path>
         <kind>archive</kind>
         <file>driverlib.a</file>
         <name>dl_common.o</name>
      </input_file>
      <input_file id="fl-16">
         <path>C:\ti\mspm0_sdk_2_02_00_05\source\ti\driverlib\lib\ticlang\m0p\mspm0g1x0x_g3x0x\</path>
         <kind>archive</kind>
         <file>driverlib.a</file>
         <name>dl_uart.o</name>
      </input_file>
      <input_file id="fl-17">
         <path>C:\ti\mspm0_sdk_2_02_00_05\source\ti\driverlib\lib\ticlang\m0p\mspm0g1x0x_g3x0x\</path>
         <kind>archive</kind>
         <file>driverlib.a</file>
         <name>dl_sysctl_mspm0g1x0x_g3x0x.o</name>
      </input_file>
      <input_file id="fl-2c">
         <path>F:\Ti\CCS\ccs\tools\compiler\ti-cgt-armllvm_4.0.0.LTS\lib\armv6m-ti-none-eabi\c\</path>
         <kind>archive</kind>
         <file>libc.a</file>
         <name>printf.c.obj</name>
      </input_file>
      <input_file id="fl-2d">
         <path>F:\Ti\CCS\ccs\tools\compiler\ti-cgt-armllvm_4.0.0.LTS\lib\armv6m-ti-none-eabi\c\</path>
         <kind>archive</kind>
         <file>libc.a</file>
         <name>_printfi.c.obj</name>
      </input_file>
      <input_file id="fl-2e">
         <path>F:\Ti\CCS\ccs\tools\compiler\ti-cgt-armllvm_4.0.0.LTS\lib\armv6m-ti-none-eabi\c\</path>
         <kind>archive</kind>
         <file>libc.a</file>
         <name>sprintf.c.obj</name>
      </input_file>
      <input_file id="fl-2f">
         <path>F:\Ti\CCS\ccs\tools\compiler\ti-cgt-armllvm_4.0.0.LTS\lib\armv6m-ti-none-eabi\c\</path>
         <kind>archive</kind>
         <file>libc.a</file>
         <name>vsnprintf.c.obj</name>
      </input_file>
      <input_file id="fl-30">
         <path>F:\Ti\CCS\ccs\tools\compiler\ti-cgt-armllvm_4.0.0.LTS\lib\armv6m-ti-none-eabi\c\</path>
         <kind>archive</kind>
         <file>libc.a</file>
         <name>fputs.c.obj</name>
      </input_file>
      <input_file id="fl-31">
         <path>F:\Ti\CCS\ccs\tools\compiler\ti-cgt-armllvm_4.0.0.LTS\lib\armv6m-ti-none-eabi\c\</path>
         <kind>archive</kind>
         <file>libc.a</file>
         <name>_io_perm.c.obj</name>
      </input_file>
      <input_file id="fl-32">
         <path>F:\Ti\CCS\ccs\tools\compiler\ti-cgt-armllvm_4.0.0.LTS\lib\armv6m-ti-none-eabi\c\</path>
         <kind>archive</kind>
         <file>libc.a</file>
         <name>setvbuf.c.obj</name>
      </input_file>
      <input_file id="fl-33">
         <path>F:\Ti\CCS\ccs\tools\compiler\ti-cgt-armllvm_4.0.0.LTS\lib\armv6m-ti-none-eabi\c\</path>
         <kind>archive</kind>
         <file>libc.a</file>
         <name>wcslen.c.obj</name>
      </input_file>
      <input_file id="fl-34">
         <path>F:\Ti\CCS\ccs\tools\compiler\ti-cgt-armllvm_4.0.0.LTS\lib\armv6m-ti-none-eabi\c\</path>
         <kind>archive</kind>
         <file>libc.a</file>
         <name>e_asin.c.obj</name>
      </input_file>
      <input_file id="fl-35">
         <path>F:\Ti\CCS\ccs\tools\compiler\ti-cgt-armllvm_4.0.0.LTS\lib\armv6m-ti-none-eabi\c\</path>
         <kind>archive</kind>
         <file>libc.a</file>
         <name>e_atan2.c.obj</name>
      </input_file>
      <input_file id="fl-36">
         <path>F:\Ti\CCS\ccs\tools\compiler\ti-cgt-armllvm_4.0.0.LTS\lib\armv6m-ti-none-eabi\c\</path>
         <kind>archive</kind>
         <file>libc.a</file>
         <name>e_sqrt.c.obj</name>
      </input_file>
      <input_file id="fl-37">
         <path>F:\Ti\CCS\ccs\tools\compiler\ti-cgt-armllvm_4.0.0.LTS\lib\armv6m-ti-none-eabi\c\</path>
         <kind>archive</kind>
         <file>libc.a</file>
         <name>s_atan.c.obj</name>
      </input_file>
      <input_file id="fl-38">
         <path>F:\Ti\CCS\ccs\tools\compiler\ti-cgt-armllvm_4.0.0.LTS\lib\armv6m-ti-none-eabi\c\</path>
         <kind>archive</kind>
         <file>libc.a</file>
         <name>s_frexp.c.obj</name>
      </input_file>
      <input_file id="fl-39">
         <path>F:\Ti\CCS\ccs\tools\compiler\ti-cgt-armllvm_4.0.0.LTS\lib\armv6m-ti-none-eabi\c\</path>
         <kind>archive</kind>
         <file>libc.a</file>
         <name>s_scalbn.c.obj</name>
      </input_file>
      <input_file id="fl-3a">
         <path>F:\Ti\CCS\ccs\tools\compiler\ti-cgt-armllvm_4.0.0.LTS\lib\armv6m-ti-none-eabi\c\</path>
         <kind>archive</kind>
         <file>libc.a</file>
         <name>aeabi_portable.c.obj</name>
      </input_file>
      <input_file id="fl-3b">
         <path>F:\Ti\CCS\ccs\tools\compiler\ti-cgt-armllvm_4.0.0.LTS\lib\armv6m-ti-none-eabi\c\</path>
         <kind>archive</kind>
         <file>libc.a</file>
         <name>exit.c.obj</name>
      </input_file>
      <input_file id="fl-3c">
         <path>F:\Ti\CCS\ccs\tools\compiler\ti-cgt-armllvm_4.0.0.LTS\lib\armv6m-ti-none-eabi\c\</path>
         <kind>archive</kind>
         <file>libc.a</file>
         <name>_lock.c.obj</name>
      </input_file>
      <input_file id="fl-3d">
         <path>F:\Ti\CCS\ccs\tools\compiler\ti-cgt-armllvm_4.0.0.LTS\lib\armv6m-ti-none-eabi\c\</path>
         <kind>archive</kind>
         <file>libc.a</file>
         <name>_ltoa.c.obj</name>
      </input_file>
      <input_file id="fl-3e">
         <path>F:\Ti\CCS\ccs\tools\compiler\ti-cgt-armllvm_4.0.0.LTS\lib\armv6m-ti-none-eabi\c\</path>
         <kind>archive</kind>
         <file>libc.a</file>
         <name>assert.c.obj</name>
      </input_file>
      <input_file id="fl-3f">
         <path>F:\Ti\CCS\ccs\tools\compiler\ti-cgt-armllvm_4.0.0.LTS\lib\armv6m-ti-none-eabi\c\</path>
         <kind>archive</kind>
         <file>libc.a</file>
         <name>atoi.c.obj</name>
      </input_file>
      <input_file id="fl-40">
         <path>F:\Ti\CCS\ccs\tools\compiler\ti-cgt-armllvm_4.0.0.LTS\lib\armv6m-ti-none-eabi\c\</path>
         <kind>archive</kind>
         <file>libc.a</file>
         <name>defs.c.obj</name>
      </input_file>
      <input_file id="fl-41">
         <path>F:\Ti\CCS\ccs\tools\compiler\ti-cgt-armllvm_4.0.0.LTS\lib\armv6m-ti-none-eabi\c\</path>
         <kind>archive</kind>
         <file>libc.a</file>
         <name>memccpy.c.obj</name>
      </input_file>
      <input_file id="fl-42">
         <path>F:\Ti\CCS\ccs\tools\compiler\ti-cgt-armllvm_4.0.0.LTS\lib\armv6m-ti-none-eabi\c\</path>
         <kind>archive</kind>
         <file>libc.a</file>
         <name>memory.c.obj</name>
      </input_file>
      <input_file id="fl-43">
         <path>F:\Ti\CCS\ccs\tools\compiler\ti-cgt-armllvm_4.0.0.LTS\lib\armv6m-ti-none-eabi\c\</path>
         <kind>archive</kind>
         <file>libc.a</file>
         <name>boot_cortex_m.c.obj</name>
      </input_file>
      <input_file id="fl-44">
         <path>F:\Ti\CCS\ccs\tools\compiler\ti-cgt-armllvm_4.0.0.LTS\lib\armv6m-ti-none-eabi\c\</path>
         <kind>archive</kind>
         <file>libc.a</file>
         <name>mathacl_init.c.obj</name>
      </input_file>
      <input_file id="fl-45">
         <path>F:\Ti\CCS\ccs\tools\compiler\ti-cgt-armllvm_4.0.0.LTS\lib\armv6m-ti-none-eabi\c\</path>
         <kind>archive</kind>
         <file>libc.a</file>
         <name>autoinit.c.obj</name>
      </input_file>
      <input_file id="fl-46">
         <path>F:\Ti\CCS\ccs\tools\compiler\ti-cgt-armllvm_4.0.0.LTS\lib\armv6m-ti-none-eabi\c\</path>
         <kind>archive</kind>
         <file>libc.a</file>
         <name>pre_init.c.obj</name>
      </input_file>
      <input_file id="fl-47">
         <path>F:\Ti\CCS\ccs\tools\compiler\ti-cgt-armllvm_4.0.0.LTS\lib\armv6m-ti-none-eabi\c\</path>
         <kind>archive</kind>
         <file>libc.a</file>
         <name>cpy_tbl.c.obj</name>
      </input_file>
      <input_file id="fl-48">
         <path>F:\Ti\CCS\ccs\tools\compiler\ti-cgt-armllvm_4.0.0.LTS\lib\armv6m-ti-none-eabi\c\</path>
         <kind>archive</kind>
         <file>libc.a</file>
         <name>copy_zero_init.c.obj</name>
      </input_file>
      <input_file id="fl-49">
         <path>F:\Ti\CCS\ccs\tools\compiler\ti-cgt-armllvm_4.0.0.LTS\lib\armv6m-ti-none-eabi\c\</path>
         <kind>archive</kind>
         <file>libc.a</file>
         <name>copy_decompress_none.c.obj</name>
      </input_file>
      <input_file id="fl-4a">
         <path>F:\Ti\CCS\ccs\tools\compiler\ti-cgt-armllvm_4.0.0.LTS\lib\armv6m-ti-none-eabi\c\</path>
         <kind>archive</kind>
         <file>libc.a</file>
         <name>copy_decompress_lzss.c.obj</name>
      </input_file>
      <input_file id="fl-4b">
         <path>F:\Ti\CCS\ccs\tools\compiler\ti-cgt-armllvm_4.0.0.LTS\lib\armv6m-ti-none-eabi\c\</path>
         <kind>archive</kind>
         <file>libc.a</file>
         <name>fflush.c.obj</name>
      </input_file>
      <input_file id="fl-4c">
         <path>F:\Ti\CCS\ccs\tools\compiler\ti-cgt-armllvm_4.0.0.LTS\lib\armv6m-ti-none-eabi\c\</path>
         <kind>archive</kind>
         <file>libc.a</file>
         <name>fopen.c.obj</name>
      </input_file>
      <input_file id="fl-4d">
         <path>F:\Ti\CCS\ccs\tools\compiler\ti-cgt-armllvm_4.0.0.LTS\lib\armv6m-ti-none-eabi\c\</path>
         <kind>archive</kind>
         <file>libc.a</file>
         <name>fseek.c.obj</name>
      </input_file>
      <input_file id="fl-4e">
         <path>F:\Ti\CCS\ccs\tools\compiler\ti-cgt-armllvm_4.0.0.LTS\lib\armv6m-ti-none-eabi\c\</path>
         <kind>archive</kind>
         <file>libc.a</file>
         <name>aeabi_ctype.S.obj</name>
      </input_file>
      <input_file id="fl-4f">
         <path>F:\Ti\CCS\ccs\tools\compiler\ti-cgt-armllvm_4.0.0.LTS\lib\armv6m-ti-none-eabi\c\</path>
         <kind>archive</kind>
         <file>libc.a</file>
         <name>args_main.c.obj</name>
      </input_file>
      <input_file id="fl-50">
         <path>F:\Ti\CCS\ccs\tools\compiler\ti-cgt-armllvm_4.0.0.LTS\lib\armv6m-ti-none-eabi\c\</path>
         <kind>archive</kind>
         <file>libc.a</file>
         <name>fclose.c.obj</name>
      </input_file>
      <input_file id="fl-e6">
         <path>F:\Ti\CCS\ccs\tools\compiler\ti-cgt-armllvm_4.0.0.LTS\lib\armv6m-ti-none-eabi\c\</path>
         <kind>archive</kind>
         <file>libsysbm.a</file>
         <name>write.c.obj</name>
      </input_file>
      <input_file id="fl-e7">
         <path>F:\Ti\CCS\ccs\tools\compiler\ti-cgt-armllvm_4.0.0.LTS\lib\armv6m-ti-none-eabi\c\</path>
         <kind>archive</kind>
         <file>libsysbm.a</file>
         <name>host_device.c.obj</name>
      </input_file>
      <input_file id="fl-e8">
         <path>F:\Ti\CCS\ccs\tools\compiler\ti-cgt-armllvm_4.0.0.LTS\lib\armv6m-ti-none-eabi\c\</path>
         <kind>archive</kind>
         <file>libsysbm.a</file>
         <name>remove.c.obj</name>
      </input_file>
      <input_file id="fl-e9">
         <path>F:\Ti\CCS\ccs\tools\compiler\ti-cgt-armllvm_4.0.0.LTS\lib\armv6m-ti-none-eabi\c\</path>
         <kind>archive</kind>
         <file>libsysbm.a</file>
         <name>open.c.obj</name>
      </input_file>
      <input_file id="fl-ea">
         <path>F:\Ti\CCS\ccs\tools\compiler\ti-cgt-armllvm_4.0.0.LTS\lib\armv6m-ti-none-eabi\c\</path>
         <kind>archive</kind>
         <file>libsysbm.a</file>
         <name>lseek.c.obj</name>
      </input_file>
      <input_file id="fl-eb">
         <path>F:\Ti\CCS\ccs\tools\compiler\ti-cgt-armllvm_4.0.0.LTS\lib\armv6m-ti-none-eabi\c\</path>
         <kind>archive</kind>
         <file>libsysbm.a</file>
         <name>close.c.obj</name>
      </input_file>
      <input_file id="fl-ec">
         <path>F:\Ti\CCS\ccs\tools\compiler\ti-cgt-armllvm_4.0.0.LTS\lib\armv6m-ti-none-eabi\c\</path>
         <kind>archive</kind>
         <file>libsysbm.a</file>
         <name>unlink.c.obj</name>
      </input_file>
      <input_file id="fl-ed">
         <path>F:\Ti\CCS\ccs\tools\compiler\ti-cgt-armllvm_4.0.0.LTS\lib\armv6m-ti-none-eabi\c\</path>
         <kind>archive</kind>
         <file>libsysbm.a</file>
         <name>hostclose.c.obj</name>
      </input_file>
      <input_file id="fl-ee">
         <path>F:\Ti\CCS\ccs\tools\compiler\ti-cgt-armllvm_4.0.0.LTS\lib\armv6m-ti-none-eabi\c\</path>
         <kind>archive</kind>
         <file>libsysbm.a</file>
         <name>hostlseek.c.obj</name>
      </input_file>
      <input_file id="fl-ef">
         <path>F:\Ti\CCS\ccs\tools\compiler\ti-cgt-armllvm_4.0.0.LTS\lib\armv6m-ti-none-eabi\c\</path>
         <kind>archive</kind>
         <file>libsysbm.a</file>
         <name>hostopen.c.obj</name>
      </input_file>
      <input_file id="fl-f0">
         <path>F:\Ti\CCS\ccs\tools\compiler\ti-cgt-armllvm_4.0.0.LTS\lib\armv6m-ti-none-eabi\c\</path>
         <kind>archive</kind>
         <file>libsysbm.a</file>
         <name>hostread.c.obj</name>
      </input_file>
      <input_file id="fl-f1">
         <path>F:\Ti\CCS\ccs\tools\compiler\ti-cgt-armllvm_4.0.0.LTS\lib\armv6m-ti-none-eabi\c\</path>
         <kind>archive</kind>
         <file>libsysbm.a</file>
         <name>hostrename.c.obj</name>
      </input_file>
      <input_file id="fl-f2">
         <path>F:\Ti\CCS\ccs\tools\compiler\ti-cgt-armllvm_4.0.0.LTS\lib\armv6m-ti-none-eabi\c\</path>
         <kind>archive</kind>
         <file>libsysbm.a</file>
         <name>hostunlink.c.obj</name>
      </input_file>
      <input_file id="fl-f3">
         <path>F:\Ti\CCS\ccs\tools\compiler\ti-cgt-armllvm_4.0.0.LTS\lib\armv6m-ti-none-eabi\c\</path>
         <kind>archive</kind>
         <file>libsysbm.a</file>
         <name>hostwrite.c.obj</name>
      </input_file>
      <input_file id="fl-f4">
         <path>F:\Ti\CCS\ccs\tools\compiler\ti-cgt-armllvm_4.0.0.LTS\lib\armv6m-ti-none-eabi\c\</path>
         <kind>archive</kind>
         <file>libsysbm.a</file>
         <name>trgmsg.c.obj</name>
      </input_file>
      <input_file id="fl-f5">
         <path>F:\Ti\CCS\ccs\tools\compiler\ti-cgt-armllvm_4.0.0.LTS\lib\armv6m-ti-none-eabi\</path>
         <kind>archive</kind>
         <file>libclang_rt.builtins.a</file>
         <name>addsf3.S.obj</name>
      </input_file>
      <input_file id="fl-f6">
         <path>F:\Ti\CCS\ccs\tools\compiler\ti-cgt-armllvm_4.0.0.LTS\lib\armv6m-ti-none-eabi\</path>
         <kind>archive</kind>
         <file>libclang_rt.builtins.a</file>
         <name>adddf3.S.obj</name>
      </input_file>
      <input_file id="fl-f7">
         <path>F:\Ti\CCS\ccs\tools\compiler\ti-cgt-armllvm_4.0.0.LTS\lib\armv6m-ti-none-eabi\</path>
         <kind>archive</kind>
         <file>libclang_rt.builtins.a</file>
         <name>muldf3.S.obj</name>
      </input_file>
      <input_file id="fl-f8">
         <path>F:\Ti\CCS\ccs\tools\compiler\ti-cgt-armllvm_4.0.0.LTS\lib\armv6m-ti-none-eabi\</path>
         <kind>archive</kind>
         <file>libclang_rt.builtins.a</file>
         <name>muldsi3.S.obj</name>
      </input_file>
      <input_file id="fl-f9">
         <path>F:\Ti\CCS\ccs\tools\compiler\ti-cgt-armllvm_4.0.0.LTS\lib\armv6m-ti-none-eabi\</path>
         <kind>archive</kind>
         <file>libclang_rt.builtins.a</file>
         <name>mulsf3.S.obj</name>
      </input_file>
      <input_file id="fl-fa">
         <path>F:\Ti\CCS\ccs\tools\compiler\ti-cgt-armllvm_4.0.0.LTS\lib\armv6m-ti-none-eabi\</path>
         <kind>archive</kind>
         <file>libclang_rt.builtins.a</file>
         <name>divsf3.S.obj</name>
      </input_file>
      <input_file id="fl-fb">
         <path>F:\Ti\CCS\ccs\tools\compiler\ti-cgt-armllvm_4.0.0.LTS\lib\armv6m-ti-none-eabi\</path>
         <kind>archive</kind>
         <file>libclang_rt.builtins.a</file>
         <name>divdf3.S.obj</name>
      </input_file>
      <input_file id="fl-fc">
         <path>F:\Ti\CCS\ccs\tools\compiler\ti-cgt-armllvm_4.0.0.LTS\lib\armv6m-ti-none-eabi\</path>
         <kind>archive</kind>
         <file>libclang_rt.builtins.a</file>
         <name>extendsfdf2.S.obj</name>
      </input_file>
      <input_file id="fl-fd">
         <path>F:\Ti\CCS\ccs\tools\compiler\ti-cgt-armllvm_4.0.0.LTS\lib\armv6m-ti-none-eabi\</path>
         <kind>archive</kind>
         <file>libclang_rt.builtins.a</file>
         <name>fixdfsi.S.obj</name>
      </input_file>
      <input_file id="fl-fe">
         <path>F:\Ti\CCS\ccs\tools\compiler\ti-cgt-armllvm_4.0.0.LTS\lib\armv6m-ti-none-eabi\</path>
         <kind>archive</kind>
         <file>libclang_rt.builtins.a</file>
         <name>fixsfsi.S.obj</name>
      </input_file>
      <input_file id="fl-ff">
         <path>F:\Ti\CCS\ccs\tools\compiler\ti-cgt-armllvm_4.0.0.LTS\lib\armv6m-ti-none-eabi\</path>
         <kind>archive</kind>
         <file>libclang_rt.builtins.a</file>
         <name>floatsidf.S.obj</name>
      </input_file>
      <input_file id="fl-100">
         <path>F:\Ti\CCS\ccs\tools\compiler\ti-cgt-armllvm_4.0.0.LTS\lib\armv6m-ti-none-eabi\</path>
         <kind>archive</kind>
         <file>libclang_rt.builtins.a</file>
         <name>floatsisf.S.obj</name>
      </input_file>
      <input_file id="fl-101">
         <path>F:\Ti\CCS\ccs\tools\compiler\ti-cgt-armllvm_4.0.0.LTS\lib\armv6m-ti-none-eabi\</path>
         <kind>archive</kind>
         <file>libclang_rt.builtins.a</file>
         <name>floatunsisf.S.obj</name>
      </input_file>
      <input_file id="fl-102">
         <path>F:\Ti\CCS\ccs\tools\compiler\ti-cgt-armllvm_4.0.0.LTS\lib\armv6m-ti-none-eabi\</path>
         <kind>archive</kind>
         <file>libclang_rt.builtins.a</file>
         <name>muldi3.S.obj</name>
      </input_file>
      <input_file id="fl-103">
         <path>F:\Ti\CCS\ccs\tools\compiler\ti-cgt-armllvm_4.0.0.LTS\lib\armv6m-ti-none-eabi\</path>
         <kind>archive</kind>
         <file>libclang_rt.builtins.a</file>
         <name>truncdfsf2.S.obj</name>
      </input_file>
      <input_file id="fl-104">
         <path>F:\Ti\CCS\ccs\tools\compiler\ti-cgt-armllvm_4.0.0.LTS\lib\armv6m-ti-none-eabi\</path>
         <kind>archive</kind>
         <file>libclang_rt.builtins.a</file>
         <name>aeabi_dcmp.S.obj</name>
      </input_file>
      <input_file id="fl-105">
         <path>F:\Ti\CCS\ccs\tools\compiler\ti-cgt-armllvm_4.0.0.LTS\lib\armv6m-ti-none-eabi\</path>
         <kind>archive</kind>
         <file>libclang_rt.builtins.a</file>
         <name>aeabi_fcmp.S.obj</name>
      </input_file>
      <input_file id="fl-106">
         <path>F:\Ti\CCS\ccs\tools\compiler\ti-cgt-armllvm_4.0.0.LTS\lib\armv6m-ti-none-eabi\</path>
         <kind>archive</kind>
         <file>libclang_rt.builtins.a</file>
         <name>aeabi_idivmod.S.obj</name>
      </input_file>
      <input_file id="fl-107">
         <path>F:\Ti\CCS\ccs\tools\compiler\ti-cgt-armllvm_4.0.0.LTS\lib\armv6m-ti-none-eabi\</path>
         <kind>archive</kind>
         <file>libclang_rt.builtins.a</file>
         <name>aeabi_ldivmod.S.obj</name>
      </input_file>
      <input_file id="fl-108">
         <path>F:\Ti\CCS\ccs\tools\compiler\ti-cgt-armllvm_4.0.0.LTS\lib\armv6m-ti-none-eabi\</path>
         <kind>archive</kind>
         <file>libclang_rt.builtins.a</file>
         <name>aeabi_memcpy.S.obj</name>
      </input_file>
      <input_file id="fl-109">
         <path>F:\Ti\CCS\ccs\tools\compiler\ti-cgt-armllvm_4.0.0.LTS\lib\armv6m-ti-none-eabi\</path>
         <kind>archive</kind>
         <file>libclang_rt.builtins.a</file>
         <name>aeabi_memset.S.obj</name>
      </input_file>
      <input_file id="fl-10a">
         <path>F:\Ti\CCS\ccs\tools\compiler\ti-cgt-armllvm_4.0.0.LTS\lib\armv6m-ti-none-eabi\</path>
         <kind>archive</kind>
         <file>libclang_rt.builtins.a</file>
         <name>aeabi_uidivmod.S.obj</name>
      </input_file>
      <input_file id="fl-10b">
         <path>F:\Ti\CCS\ccs\tools\compiler\ti-cgt-armllvm_4.0.0.LTS\lib\armv6m-ti-none-eabi\</path>
         <kind>archive</kind>
         <file>libclang_rt.builtins.a</file>
         <name>aeabi_uldivmod.S.obj</name>
      </input_file>
      <input_file id="fl-10c">
         <path>F:\Ti\CCS\ccs\tools\compiler\ti-cgt-armllvm_4.0.0.LTS\lib\armv6m-ti-none-eabi\</path>
         <kind>archive</kind>
         <file>libclang_rt.builtins.a</file>
         <name>comparesf2.S.obj</name>
      </input_file>
      <input_file id="fl-10d">
         <path>F:\Ti\CCS\ccs\tools\compiler\ti-cgt-armllvm_4.0.0.LTS\lib\armv6m-ti-none-eabi\</path>
         <kind>archive</kind>
         <file>libclang_rt.builtins.a</file>
         <name>udivmoddi4.S.obj</name>
      </input_file>
      <input_file id="fl-10e">
         <path>F:\Ti\CCS\ccs\tools\compiler\ti-cgt-armllvm_4.0.0.LTS\lib\armv6m-ti-none-eabi\</path>
         <kind>archive</kind>
         <file>libclang_rt.builtins.a</file>
         <name>ashldi3.S.obj</name>
      </input_file>
      <input_file id="fl-10f">
         <path>F:\Ti\CCS\ccs\tools\compiler\ti-cgt-armllvm_4.0.0.LTS\lib\armv6m-ti-none-eabi\</path>
         <kind>archive</kind>
         <file>libclang_rt.builtins.a</file>
         <name>comparedf2.c.obj</name>
      </input_file>
      <input_file id="fl-110">
         <path>F:\Ti\CCS\ccs\tools\compiler\ti-cgt-armllvm_4.0.0.LTS\lib\armv6m-ti-none-eabi\</path>
         <kind>archive</kind>
         <file>libclang_rt.builtins.a</file>
         <name>divmoddi4.c.obj</name>
      </input_file>
      <input_file id="fl-111">
         <path>F:\Ti\CCS\ccs\tools\compiler\ti-cgt-armllvm_4.0.0.LTS\lib\armv6m-ti-none-eabi\</path>
         <kind>archive</kind>
         <file>libclang_rt.builtins.a</file>
         <name>aeabi_div0.c.obj</name>
      </input_file>
      <input_file id="fl-112">
         <path>F:\Ti\CCS\ccs\tools\compiler\ti-cgt-armllvm_4.0.0.LTS\lib\armv6m-ti-none-eabi\c\</path>
         <kind>archive</kind>
         <file>libc.a</file>
         <name>getdevice.c.obj</name>
      </input_file>
      <input_file id="fl-113">
         <path>F:\Ti\CCS\ccs\tools\compiler\ti-cgt-armllvm_4.0.0.LTS\lib\armv6m-ti-none-eabi\c\</path>
         <kind>archive</kind>
         <file>libc.a</file>
         <name>memcpy16.S.obj</name>
      </input_file>
      <input_file id="fl-114">
         <path>F:\Ti\CCS\ccs\tools\compiler\ti-cgt-armllvm_4.0.0.LTS\lib\armv6m-ti-none-eabi\c\</path>
         <kind>archive</kind>
         <file>libc.a</file>
         <name>memset16.S.obj</name>
      </input_file>
      <input_file id="fl-115">
         <path>F:\Ti\CCS\ccs\tools\compiler\ti-cgt-armllvm_4.0.0.LTS\lib\armv6m-ti-none-eabi\c\</path>
         <kind>archive</kind>
         <file>libc.a</file>
         <name>strcmp-armv6m.S.obj</name>
      </input_file>
   </input_file_list>
   <object_component_list>
      <object_component id="oc-18">
         <name>.intvecs</name>
         <load_address>0x0</load_address>
         <readonly>true</readonly>
         <run_address>0x0</run_address>
         <size>0xc0</size>
         <alignment>0x4</alignment>
         <input_file_ref idref="fl-3"/>
      </object_component>
      <object_component id="oc-1a2">
         <name>.text:__TI_printfi</name>
         <load_address>0xc0</load_address>
         <readonly>true</readonly>
         <executable>true</executable>
         <run_address>0xc0</run_address>
         <size>0x9d0</size>
         <alignment>0x4</alignment>
         <input_file_ref idref="fl-2d"/>
      </object_component>
      <object_component id="oc-ca">
         <name>.text.MPU6050_ReadData</name>
         <load_address>0xa90</load_address>
         <readonly>true</readonly>
         <executable>true</executable>
         <run_address>0xa90</run_address>
         <size>0x8bc</size>
         <alignment>0x4</alignment>
         <input_file_ref idref="fl-4"/>
      </object_component>
      <object_component id="oc-c9">
         <name>.text.MPU6050_WriteReg</name>
         <load_address>0x134c</load_address>
         <readonly>true</readonly>
         <executable>true</executable>
         <run_address>0x134c</run_address>
         <size>0x658</size>
         <alignment>0x4</alignment>
         <input_file_ref idref="fl-4"/>
      </object_component>
      <object_component id="oc-fd">
         <name>.text.asin</name>
         <load_address>0x19a4</load_address>
         <readonly>true</readonly>
         <executable>true</executable>
         <run_address>0x19a4</run_address>
         <size>0x364</size>
         <alignment>0x4</alignment>
         <input_file_ref idref="fl-34"/>
      </object_component>
      <object_component id="oc-17c">
         <name>.text.atan</name>
         <load_address>0x1d08</load_address>
         <readonly>true</readonly>
         <executable>true</executable>
         <run_address>0x1d08</run_address>
         <size>0x2f8</size>
         <alignment>0x4</alignment>
         <input_file_ref idref="fl-37"/>
      </object_component>
      <object_component id="oc-e4">
         <name>.text.dmp_enable_feature</name>
         <load_address>0x2000</load_address>
         <readonly>true</readonly>
         <executable>true</executable>
         <run_address>0x2000</run_address>
         <size>0x2b0</size>
         <alignment>0x4</alignment>
         <input_file_ref idref="fl-6"/>
      </object_component>
      <object_component id="oc-1ee">
         <name>.text._pconv_a</name>
         <load_address>0x22b0</load_address>
         <readonly>true</readonly>
         <executable>true</executable>
         <run_address>0x22b0</run_address>
         <size>0x220</size>
         <alignment>0x4</alignment>
         <input_file_ref idref="fl-2d"/>
      </object_component>
      <object_component id="oc-13e">
         <name>.text.mpu_lp_accel_mode</name>
         <load_address>0x24d0</load_address>
         <readonly>true</readonly>
         <executable>true</executable>
         <run_address>0x24d0</run_address>
         <size>0x1e8</size>
         <alignment>0x4</alignment>
         <input_file_ref idref="fl-5"/>
      </object_component>
      <object_component id="oc-1ef">
         <name>.text._pconv_g</name>
         <load_address>0x26b8</load_address>
         <readonly>true</readonly>
         <executable>true</executable>
         <run_address>0x26b8</run_address>
         <size>0x1dc</size>
         <alignment>0x4</alignment>
         <input_file_ref idref="fl-2d"/>
      </object_component>
      <object_component id="oc-93">
         <name>.text.mpu_dmp_get_data</name>
         <load_address>0x2894</load_address>
         <readonly>true</readonly>
         <executable>true</executable>
         <run_address>0x2894</run_address>
         <size>0x1c8</size>
         <alignment>0x4</alignment>
         <input_file_ref idref="fl-5"/>
      </object_component>
      <object_component id="oc-ec">
         <name>.text.dmp_read_fifo</name>
         <load_address>0x2a5c</load_address>
         <readonly>true</readonly>
         <executable>true</executable>
         <run_address>0x2a5c</run_address>
         <size>0x1a8</size>
         <alignment>0x4</alignment>
         <input_file_ref idref="fl-6"/>
      </object_component>
      <object_component id="oc-163">
         <name>.text.adddf3_subdf3</name>
         <load_address>0x2c04</load_address>
         <readonly>true</readonly>
         <executable>true</executable>
         <run_address>0x2c04</run_address>
         <size>0x192</size>
         <alignment>0x4</alignment>
         <input_file_ref idref="fl-f6"/>
      </object_component>
      <object_component id="oc-33">
         <name>.text.Default_Handler</name>
         <load_address>0x2d96</load_address>
         <readonly>true</readonly>
         <executable>true</executable>
         <run_address>0x2d96</run_address>
         <size>0x2</size>
         <alignment>0x2</alignment>
         <input_file_ref idref="fl-3"/>
      </object_component>
      <object_component id="oc-10b">
         <name>.text.atan2</name>
         <load_address>0x2d98</load_address>
         <readonly>true</readonly>
         <executable>true</executable>
         <run_address>0x2d98</run_address>
         <size>0x188</size>
         <alignment>0x4</alignment>
         <input_file_ref idref="fl-35"/>
      </object_component>
      <object_component id="oc-16d">
         <name>.text.sqrt</name>
         <load_address>0x2f20</load_address>
         <readonly>true</readonly>
         <executable>true</executable>
         <run_address>0x2f20</run_address>
         <size>0x170</size>
         <alignment>0x4</alignment>
         <input_file_ref idref="fl-36"/>
      </object_component>
      <object_component id="oc-d8">
         <name>.text.mpu_init</name>
         <load_address>0x3090</load_address>
         <readonly>true</readonly>
         <executable>true</executable>
         <run_address>0x3090</run_address>
         <size>0x158</size>
         <alignment>0x4</alignment>
         <input_file_ref idref="fl-5"/>
      </object_component>
      <object_component id="oc-db">
         <name>.text.mpu_reset_fifo</name>
         <load_address>0x31e8</load_address>
         <readonly>true</readonly>
         <executable>true</executable>
         <run_address>0x31e8</run_address>
         <size>0x150</size>
         <alignment>0x4</alignment>
         <input_file_ref idref="fl-5"/>
      </object_component>
      <object_component id="oc-143">
         <name>.text.mpu_load_firmware</name>
         <load_address>0x3338</load_address>
         <readonly>true</readonly>
         <executable>true</executable>
         <run_address>0x3338</run_address>
         <size>0x148</size>
         <alignment>0x4</alignment>
         <input_file_ref idref="fl-5"/>
      </object_component>
      <object_component id="oc-236">
         <name>.text.fcvt</name>
         <load_address>0x3480</load_address>
         <readonly>true</readonly>
         <executable>true</executable>
         <run_address>0x3480</run_address>
         <size>0x13c</size>
         <alignment>0x4</alignment>
         <input_file_ref idref="fl-2d"/>
      </object_component>
      <object_component id="oc-14b">
         <name>.text.dmp_set_tap_thresh</name>
         <load_address>0x35bc</load_address>
         <readonly>true</readonly>
         <executable>true</executable>
         <run_address>0x35bc</run_address>
         <size>0x134</size>
         <alignment>0x4</alignment>
         <input_file_ref idref="fl-6"/>
      </object_component>
      <object_component id="oc-80">
         <name>.text.MPU6050_Init</name>
         <load_address>0x36f0</load_address>
         <readonly>true</readonly>
         <executable>true</executable>
         <run_address>0x36f0</run_address>
         <size>0x130</size>
         <alignment>0x4</alignment>
         <input_file_ref idref="fl-4"/>
      </object_component>
      <object_component id="oc-1f1">
         <name>.text._pconv_e</name>
         <load_address>0x3820</load_address>
         <readonly>true</readonly>
         <executable>true</executable>
         <run_address>0x3820</run_address>
         <size>0x120</size>
         <alignment>0x4</alignment>
         <input_file_ref idref="fl-2d"/>
      </object_component>
      <object_component id="oc-283">
         <name>.text.aligned_alloc</name>
         <load_address>0x3940</load_address>
         <readonly>true</readonly>
         <executable>true</executable>
         <run_address>0x3940</run_address>
         <size>0x114</size>
         <alignment>0x4</alignment>
         <input_file_ref idref="fl-42"/>
      </object_component>
      <object_component id="oc-174">
         <name>.text.__divdf3</name>
         <load_address>0x3a54</load_address>
         <readonly>true</readonly>
         <executable>true</executable>
         <run_address>0x3a54</run_address>
         <size>0x10c</size>
         <alignment>0x4</alignment>
         <input_file_ref idref="fl-fb"/>
      </object_component>
      <object_component id="oc-1a3">
         <name>.text.fputs</name>
         <load_address>0x3b60</load_address>
         <readonly>true</readonly>
         <executable>true</executable>
         <run_address>0x3b60</run_address>
         <size>0xf8</size>
         <alignment>0x4</alignment>
         <input_file_ref idref="fl-30"/>
      </object_component>
      <object_component id="oc-12e">
         <name>.text.mpu_set_bypass</name>
         <load_address>0x3c58</load_address>
         <readonly>true</readonly>
         <executable>true</executable>
         <run_address>0x3c58</run_address>
         <size>0xf8</size>
         <alignment>0x4</alignment>
         <input_file_ref idref="fl-5"/>
      </object_component>
      <object_component id="oc-11e">
         <name>.text.DL_SYSCTL_configSYSPLL</name>
         <load_address>0x3d50</load_address>
         <readonly>true</readonly>
         <executable>true</executable>
         <run_address>0x3d50</run_address>
         <size>0xec</size>
         <alignment>0x4</alignment>
         <input_file_ref idref="fl-17"/>
      </object_component>
      <object_component id="oc-e2">
         <name>.text.dmp_set_orientation</name>
         <load_address>0x3e3c</load_address>
         <readonly>true</readonly>
         <executable>true</executable>
         <run_address>0x3e3c</run_address>
         <size>0xec</size>
         <alignment>0x4</alignment>
         <input_file_ref idref="fl-6"/>
      </object_component>
      <object_component id="oc-263">
         <name>.text.free</name>
         <load_address>0x3f28</load_address>
         <readonly>true</readonly>
         <executable>true</executable>
         <run_address>0x3f28</run_address>
         <size>0xe8</size>
         <alignment>0x4</alignment>
         <input_file_ref idref="fl-42"/>
      </object_component>
      <object_component id="oc-8c">
         <name>.text.mpu_dmp_init</name>
         <load_address>0x4010</load_address>
         <readonly>true</readonly>
         <executable>true</executable>
         <run_address>0x4010</run_address>
         <size>0xe8</size>
         <alignment>0x4</alignment>
         <input_file_ref idref="fl-5"/>
      </object_component>
      <object_component id="oc-103">
         <name>.text.__muldf3</name>
         <load_address>0x40f8</load_address>
         <readonly>true</readonly>
         <executable>true</executable>
         <run_address>0x40f8</run_address>
         <size>0xe4</size>
         <alignment>0x4</alignment>
         <input_file_ref idref="fl-f7"/>
      </object_component>
      <object_component id="oc-da">
         <name>.text.mpu_set_sample_rate</name>
         <load_address>0x41dc</load_address>
         <readonly>true</readonly>
         <executable>true</executable>
         <run_address>0x41dc</run_address>
         <size>0xe4</size>
         <alignment>0x4</alignment>
         <input_file_ref idref="fl-5"/>
      </object_component>
      <object_component id="oc-23e">
         <name>.text.setvbuf</name>
         <load_address>0x42c0</load_address>
         <readonly>true</readonly>
         <executable>true</executable>
         <run_address>0x42c0</run_address>
         <size>0xe0</size>
         <alignment>0x4</alignment>
         <input_file_ref idref="fl-32"/>
      </object_component>
      <object_component id="oc-d9">
         <name>.text.mpu_set_sensors</name>
         <load_address>0x43a0</load_address>
         <readonly>true</readonly>
         <executable>true</executable>
         <run_address>0x43a0</run_address>
         <size>0xdc</size>
         <alignment>0x4</alignment>
         <input_file_ref idref="fl-5"/>
      </object_component>
      <object_component id="oc-221">
         <name>.text.scalbn</name>
         <load_address>0x447c</load_address>
         <readonly>true</readonly>
         <executable>true</executable>
         <run_address>0x447c</run_address>
         <size>0xd8</size>
         <alignment>0x4</alignment>
         <input_file_ref idref="fl-39"/>
      </object_component>
      <object_component id="oc-f5">
         <name>.text</name>
         <load_address>0x4554</load_address>
         <readonly>true</readonly>
         <executable>true</executable>
         <run_address>0x4554</run_address>
         <size>0xd8</size>
         <alignment>0x4</alignment>
         <input_file_ref idref="fl-f5"/>
      </object_component>
      <object_component id="oc-e6">
         <name>.text.mpu_set_dmp_state</name>
         <load_address>0x462c</load_address>
         <readonly>true</readonly>
         <executable>true</executable>
         <run_address>0x462c</run_address>
         <size>0xd0</size>
         <alignment>0x4</alignment>
         <input_file_ref idref="fl-5"/>
      </object_component>
      <object_component id="oc-63">
         <name>.text.main</name>
         <load_address>0x46fc</load_address>
         <readonly>true</readonly>
         <executable>true</executable>
         <run_address>0x46fc</run_address>
         <size>0xc4</size>
         <alignment>0x4</alignment>
         <input_file_ref idref="fl-1"/>
      </object_component>
      <object_component id="oc-e1">
         <name>.text.inv_orientation_matrix_to_scalar</name>
         <load_address>0x47c0</load_address>
         <readonly>true</readonly>
         <executable>true</executable>
         <run_address>0x47c0</run_address>
         <size>0xbc</size>
         <alignment>0x2</alignment>
         <input_file_ref idref="fl-5"/>
      </object_component>
      <object_component id="oc-12d">
         <name>.text.mpu_configure_fifo</name>
         <load_address>0x487c</load_address>
         <readonly>true</readonly>
         <executable>true</executable>
         <run_address>0x487c</run_address>
         <size>0xac</size>
         <alignment>0x4</alignment>
         <input_file_ref idref="fl-5"/>
      </object_component>
      <object_component id="oc-152">
         <name>.text.mpu_read_fifo_stream</name>
         <load_address>0x4928</load_address>
         <readonly>true</readonly>
         <executable>true</executable>
         <run_address>0x4928</run_address>
         <size>0xa4</size>
         <alignment>0x4</alignment>
         <input_file_ref idref="fl-5"/>
      </object_component>
      <object_component id="oc-218">
         <name>.text</name>
         <load_address>0x49cc</load_address>
         <readonly>true</readonly>
         <executable>true</executable>
         <run_address>0x49cc</run_address>
         <size>0xa2</size>
         <alignment>0x4</alignment>
         <input_file_ref idref="fl-10d"/>
      </object_component>
      <object_component id="oc-76">
         <name>.text:memcpy</name>
         <load_address>0x4a6e</load_address>
         <readonly>true</readonly>
         <executable>true</executable>
         <run_address>0x4a6e</run_address>
         <size>0x9a</size>
         <alignment>0x1</alignment>
         <input_file_ref idref="fl-113"/>
      </object_component>
      <object_component id="oc-f1">
         <name>.text.__mulsf3</name>
         <load_address>0x4b08</load_address>
         <readonly>true</readonly>
         <executable>true</executable>
         <run_address>0x4b08</run_address>
         <size>0x8c</size>
         <alignment>0x4</alignment>
         <input_file_ref idref="fl-f9"/>
      </object_component>
      <object_component id="oc-12b">
         <name>.text.mpu_set_accel_fsr</name>
         <load_address>0x4b94</load_address>
         <readonly>true</readonly>
         <executable>true</executable>
         <run_address>0x4b94</run_address>
         <size>0x88</size>
         <alignment>0x4</alignment>
         <input_file_ref idref="fl-5"/>
      </object_component>
      <object_component id="oc-5f">
         <name>.text._system_pre_init</name>
         <load_address>0x4c1c</load_address>
         <readonly>true</readonly>
         <executable>true</executable>
         <run_address>0x4c1c</run_address>
         <size>0x4</size>
         <alignment>0x2</alignment>
         <input_file_ref idref="fl-46"/>
      </object_component>
      <object_component id="oc-2f3">
         <name>.text:strcmp</name>
         <load_address>0x4c20</load_address>
         <readonly>true</readonly>
         <executable>true</executable>
         <run_address>0x4c20</run_address>
         <size>0x88</size>
         <alignment>0x10</alignment>
         <input_file_ref idref="fl-115"/>
      </object_component>
      <object_component id="oc-1b7">
         <name>.text.__divsf3</name>
         <load_address>0x4ca8</load_address>
         <readonly>true</readonly>
         <executable>true</executable>
         <run_address>0x4ca8</run_address>
         <size>0x82</size>
         <alignment>0x4</alignment>
         <input_file_ref idref="fl-fa"/>
      </object_component>
      <object_component id="oc-1ad">
         <name>.text.__aeabi_idiv0</name>
         <load_address>0x4d2a</load_address>
         <readonly>true</readonly>
         <executable>true</executable>
         <run_address>0x4d2a</run_address>
         <size>0x2</size>
         <alignment>0x2</alignment>
         <input_file_ref idref="fl-111"/>
      </object_component>
      <object_component id="oc-284">
         <name>.text.__TI_closefile</name>
         <load_address>0x4d2c</load_address>
         <readonly>true</readonly>
         <executable>true</executable>
         <run_address>0x4d2c</run_address>
         <size>0x7c</size>
         <alignment>0x4</alignment>
         <input_file_ref idref="fl-50"/>
      </object_component>
      <object_component id="oc-1c">
         <name>.text:decompress:lzss</name>
         <load_address>0x4da8</load_address>
         <readonly>true</readonly>
         <executable>true</executable>
         <run_address>0x4da8</run_address>
         <size>0x7c</size>
         <alignment>0x4</alignment>
         <input_file_ref idref="fl-4a"/>
      </object_component>
      <object_component id="oc-1c8">
         <name>.text.__gedf2</name>
         <load_address>0x4e24</load_address>
         <readonly>true</readonly>
         <executable>true</executable>
         <run_address>0x4e24</run_address>
         <size>0x74</size>
         <alignment>0x4</alignment>
         <input_file_ref idref="fl-10f"/>
      </object_component>
      <object_component id="oc-15e">
         <name>.text.__aeabi_errno_addr</name>
         <load_address>0x4e98</load_address>
         <readonly>true</readonly>
         <executable>true</executable>
         <run_address>0x4e98</run_address>
         <size>0x8</size>
         <alignment>0x4</alignment>
         <input_file_ref idref="fl-3a"/>
      </object_component>
      <object_component id="oc-107">
         <name>.text.__truncdfsf2</name>
         <load_address>0x4ea0</load_address>
         <readonly>true</readonly>
         <executable>true</executable>
         <run_address>0x4ea0</run_address>
         <size>0x74</size>
         <alignment>0x10</alignment>
         <input_file_ref idref="fl-103"/>
      </object_component>
      <object_component id="oc-12c">
         <name>.text.mpu_set_lpf</name>
         <load_address>0x4f14</load_address>
         <readonly>true</readonly>
         <executable>true</executable>
         <run_address>0x4f14</run_address>
         <size>0x74</size>
         <alignment>0x4</alignment>
         <input_file_ref idref="fl-5"/>
      </object_component>
      <object_component id="oc-29d">
         <name>.text.HOSTlseek</name>
         <load_address>0x4f88</load_address>
         <readonly>true</readonly>
         <executable>true</executable>
         <run_address>0x4f88</run_address>
         <size>0x6c</size>
         <alignment>0x4</alignment>
         <input_file_ref idref="fl-ee"/>
      </object_component>
      <object_component id="oc-2a5">
         <name>.text.HOSTrename</name>
         <load_address>0x4ff4</load_address>
         <readonly>true</readonly>
         <executable>true</executable>
         <run_address>0x4ff4</run_address>
         <size>0x6c</size>
         <alignment>0x4</alignment>
         <input_file_ref idref="fl-f1"/>
      </object_component>
      <object_component id="oc-260">
         <name>.text.fseeko</name>
         <load_address>0x5060</load_address>
         <readonly>true</readonly>
         <executable>true</executable>
         <run_address>0x5060</run_address>
         <size>0x6c</size>
         <alignment>0x4</alignment>
         <input_file_ref idref="fl-4d"/>
      </object_component>
      <object_component id="oc-2e7">
         <name>.text.getdevice</name>
         <load_address>0x50cc</load_address>
         <readonly>true</readonly>
         <executable>true</executable>
         <run_address>0x50cc</run_address>
         <size>0x6c</size>
         <alignment>0x4</alignment>
         <input_file_ref idref="fl-112"/>
      </object_component>
      <object_component id="oc-147">
         <name>.text.mpu_write_mem</name>
         <load_address>0x5138</load_address>
         <readonly>true</readonly>
         <executable>true</executable>
         <run_address>0x5138</run_address>
         <size>0x6c</size>
         <alignment>0x4</alignment>
         <input_file_ref idref="fl-5"/>
      </object_component>
      <object_component id="oc-1c2">
         <name>.text.__ledf2</name>
         <load_address>0x51a4</load_address>
         <readonly>true</readonly>
         <executable>true</executable>
         <run_address>0x51a4</run_address>
         <size>0x68</size>
         <alignment>0x4</alignment>
         <input_file_ref idref="fl-10f"/>
      </object_component>
      <object_component id="oc-e5">
         <name>.text.dmp_set_fifo_rate</name>
         <load_address>0x520c</load_address>
         <readonly>true</readonly>
         <executable>true</executable>
         <run_address>0x520c</run_address>
         <size>0x68</size>
         <alignment>0x4</alignment>
         <input_file_ref idref="fl-6"/>
      </object_component>
      <object_component id="oc-86">
         <name>.text.lc_printf</name>
         <load_address>0x5274</load_address>
         <readonly>true</readonly>
         <executable>true</executable>
         <run_address>0x5274</run_address>
         <size>0x68</size>
         <alignment>0x4</alignment>
         <input_file_ref idref="fl-7"/>
      </object_component>
      <object_component id="oc-235">
         <name>.text._mcpy</name>
         <load_address>0x52dc</load_address>
         <readonly>true</readonly>
         <executable>true</executable>
         <run_address>0x52dc</run_address>
         <size>0x66</size>
         <alignment>0x2</alignment>
         <input_file_ref idref="fl-2d"/>
      </object_component>
      <object_component id="oc-24b">
         <name>.text.__aeabi_ldiv0</name>
         <load_address>0x5342</load_address>
         <readonly>true</readonly>
         <executable>true</executable>
         <run_address>0x5342</run_address>
         <size>0x2</size>
         <alignment>0x2</alignment>
         <input_file_ref idref="fl-111"/>
      </object_component>
      <object_component id="oc-11d">
         <name>.text.DL_SYSCTL_setHFCLKSourceHFXTParams</name>
         <load_address>0x5344</load_address>
         <readonly>true</readonly>
         <executable>true</executable>
         <run_address>0x5344</run_address>
         <size>0x64</size>
         <alignment>0x4</alignment>
         <input_file_ref idref="fl-17"/>
      </object_component>
      <object_component id="oc-c3">
         <name>.text.SYSCFG_DL_SYSCTL_init</name>
         <load_address>0x53a8</load_address>
         <readonly>true</readonly>
         <executable>true</executable>
         <run_address>0x53a8</run_address>
         <size>0x64</size>
         <alignment>0x4</alignment>
         <input_file_ref idref="fl-2"/>
      </object_component>
      <object_component id="oc-1f2">
         <name>.text.__TI_wrt_ok</name>
         <load_address>0x540c</load_address>
         <readonly>true</readonly>
         <executable>true</executable>
         <run_address>0x540c</run_address>
         <size>0x64</size>
         <alignment>0x2</alignment>
         <input_file_ref idref="fl-31"/>
      </object_component>
      <object_component id="oc-2af">
         <name>.text.split</name>
         <load_address>0x5470</load_address>
         <readonly>true</readonly>
         <executable>true</executable>
         <run_address>0x5470</run_address>
         <size>0x64</size>
         <alignment>0x4</alignment>
         <input_file_ref idref="fl-42"/>
      </object_component>
      <object_component id="oc-167">
         <name>.text.__aeabi_dcmp</name>
         <load_address>0x54d4</load_address>
         <readonly>true</readonly>
         <executable>true</executable>
         <run_address>0x54d4</run_address>
         <size>0x62</size>
         <alignment>0x4</alignment>
         <input_file_ref idref="fl-104"/>
      </object_component>
      <object_component id="oc-c0">
         <name>.text:memset</name>
         <load_address>0x5536</load_address>
         <readonly>true</readonly>
         <executable>true</executable>
         <run_address>0x5536</run_address>
         <size>0x62</size>
         <alignment>0x1</alignment>
         <input_file_ref idref="fl-114"/>
      </object_component>
      <object_component id="oc-28d">
         <name>.text.HOSTopen</name>
         <load_address>0x5598</load_address>
         <readonly>true</readonly>
         <executable>true</executable>
         <run_address>0x5598</run_address>
         <size>0x60</size>
         <alignment>0x4</alignment>
         <input_file_ref idref="fl-ef"/>
      </object_component>
      <object_component id="oc-c5">
         <name>.text.SYSCFG_DL_UART_0_init</name>
         <load_address>0x55f8</load_address>
         <readonly>true</readonly>
         <executable>true</executable>
         <run_address>0x55f8</run_address>
         <size>0x60</size>
         <alignment>0x4</alignment>
         <input_file_ref idref="fl-2"/>
      </object_component>
      <object_component id="oc-21d">
         <name>.text.frexp</name>
         <load_address>0x5658</load_address>
         <readonly>true</readonly>
         <executable>true</executable>
         <run_address>0x5658</run_address>
         <size>0x5c</size>
         <alignment>0x4</alignment>
         <input_file_ref idref="fl-38"/>
      </object_component>
      <object_component id="oc-135">
         <name>.text.printf</name>
         <load_address>0x56b4</load_address>
         <readonly>true</readonly>
         <executable>true</executable>
         <run_address>0x56b4</run_address>
         <size>0x5c</size>
         <alignment>0x4</alignment>
         <input_file_ref idref="fl-2c"/>
      </object_component>
      <object_component id="oc-295">
         <name>.text.HOSTread</name>
         <load_address>0x5710</load_address>
         <readonly>true</readonly>
         <executable>true</executable>
         <run_address>0x5710</run_address>
         <size>0x58</size>
         <alignment>0x4</alignment>
         <input_file_ref idref="fl-f0"/>
      </object_component>
      <object_component id="oc-299">
         <name>.text.HOSTwrite</name>
         <load_address>0x5768</load_address>
         <readonly>true</readonly>
         <executable>true</executable>
         <run_address>0x5768</run_address>
         <size>0x58</size>
         <alignment>0x4</alignment>
         <input_file_ref idref="fl-f3"/>
      </object_component>
      <object_component id="oc-229">
         <name>.text.__TI_ltoa</name>
         <load_address>0x57c0</load_address>
         <readonly>true</readonly>
         <executable>true</executable>
         <run_address>0x57c0</run_address>
         <size>0x58</size>
         <alignment>0x2</alignment>
         <input_file_ref idref="fl-3d"/>
      </object_component>
      <object_component id="oc-1f0">
         <name>.text._pconv_f</name>
         <load_address>0x5818</load_address>
         <readonly>true</readonly>
         <executable>true</executable>
         <run_address>0x5818</run_address>
         <size>0x58</size>
         <alignment>0x2</alignment>
         <input_file_ref idref="fl-2d"/>
      </object_component>
      <object_component id="oc-258">
         <name>.text.__aeabi_idivmod</name>
         <load_address>0x5870</load_address>
         <readonly>true</readonly>
         <executable>true</executable>
         <run_address>0x5870</run_address>
         <size>0x56</size>
         <alignment>0x4</alignment>
         <input_file_ref idref="fl-106"/>
      </object_component>
      <object_component id="oc-1fc">
         <name>.text.__TI_doflush</name>
         <load_address>0x58c6</load_address>
         <readonly>true</readonly>
         <executable>true</executable>
         <run_address>0x58c6</run_address>
         <size>0x52</size>
         <alignment>0x2</alignment>
         <input_file_ref idref="fl-4b"/>
      </object_component>
      <object_component id="oc-233">
         <name>.text._ecpy</name>
         <load_address>0x5918</load_address>
         <readonly>true</readonly>
         <executable>true</executable>
         <run_address>0x5918</run_address>
         <size>0x52</size>
         <alignment>0x2</alignment>
         <input_file_ref idref="fl-2d"/>
      </object_component>
      <object_component id="oc-185">
         <name>.text._nop</name>
         <load_address>0x596a</load_address>
         <readonly>true</readonly>
         <executable>true</executable>
         <run_address>0x596a</run_address>
         <size>0x2</size>
         <alignment>0x2</alignment>
         <input_file_ref idref="fl-3c"/>
      </object_component>
      <object_component id="oc-2b1">
         <name>.text.close</name>
         <load_address>0x596c</load_address>
         <readonly>true</readonly>
         <executable>true</executable>
         <run_address>0x596c</run_address>
         <size>0x50</size>
         <alignment>0x4</alignment>
         <input_file_ref idref="fl-eb"/>
      </object_component>
      <object_component id="oc-11f">
         <name>.text.DL_SYSCTL_switchMCLKfromSYSOSCtoHSCLK</name>
         <load_address>0x59bc</load_address>
         <readonly>true</readonly>
         <executable>true</executable>
         <run_address>0x59bc</run_address>
         <size>0x4c</size>
         <alignment>0x4</alignment>
         <input_file_ref idref="fl-17"/>
      </object_component>
      <object_component id="oc-122">
         <name>.text.DL_UART_init</name>
         <load_address>0x5a08</load_address>
         <readonly>true</readonly>
         <executable>true</executable>
         <run_address>0x5a08</run_address>
         <size>0x4c</size>
         <alignment>0x4</alignment>
         <input_file_ref idref="fl-16"/>
      </object_component>
      <object_component id="oc-225">
         <name>.text.__fixdfsi</name>
         <load_address>0x5a54</load_address>
         <readonly>true</readonly>
         <executable>true</executable>
         <run_address>0x5a54</run_address>
         <size>0x4a</size>
         <alignment>0x4</alignment>
         <input_file_ref idref="fl-fd"/>
      </object_component>
      <object_component id="oc-153">
         <name>.text.mget_ms</name>
         <load_address>0x5a9e</load_address>
         <readonly>true</readonly>
         <executable>true</executable>
         <run_address>0x5a9e</run_address>
         <size>0x2</size>
         <alignment>0x2</alignment>
         <input_file_ref idref="fl-5"/>
      </object_component>
      <object_component id="oc-291">
         <name>.text.HOSTclose</name>
         <load_address>0x5aa0</load_address>
         <readonly>true</readonly>
         <executable>true</executable>
         <run_address>0x5aa0</run_address>
         <size>0x48</size>
         <alignment>0x4</alignment>
         <input_file_ref idref="fl-ed"/>
      </object_component>
      <object_component id="oc-2a1">
         <name>.text.HOSTunlink</name>
         <load_address>0x5ae8</load_address>
         <readonly>true</readonly>
         <executable>true</executable>
         <run_address>0x5ae8</run_address>
         <size>0x48</size>
         <alignment>0x4</alignment>
         <input_file_ref idref="fl-f2"/>
      </object_component>
      <object_component id="oc-c2">
         <name>.text.SYSCFG_DL_GPIO_init</name>
         <load_address>0x5b30</load_address>
         <readonly>true</readonly>
         <executable>true</executable>
         <run_address>0x5b30</run_address>
         <size>0x48</size>
         <alignment>0x4</alignment>
         <input_file_ref idref="fl-2"/>
      </object_component>
      <object_component id="oc-13f">
         <name>.text.__aeabi_uidivmod</name>
         <load_address>0x5b78</load_address>
         <readonly>true</readonly>
         <executable>true</executable>
         <run_address>0x5b78</run_address>
         <size>0x40</size>
         <alignment>0x4</alignment>
         <input_file_ref idref="fl-10a"/>
      </object_component>
      <object_component id="oc-f9">
         <name>.text.__extendsfdf2</name>
         <load_address>0x5bb8</load_address>
         <readonly>true</readonly>
         <executable>true</executable>
         <run_address>0x5bb8</run_address>
         <size>0x40</size>
         <alignment>0x4</alignment>
         <input_file_ref idref="fl-fc"/>
      </object_component>
      <object_component id="oc-1dd">
         <name>.text.atoi</name>
         <load_address>0x5bf8</load_address>
         <readonly>true</readonly>
         <executable>true</executable>
         <run_address>0x5bf8</run_address>
         <size>0x40</size>
         <alignment>0x4</alignment>
         <input_file_ref idref="fl-3f"/>
      </object_component>
      <object_component id="oc-d0">
         <name>.text.vsnprintf</name>
         <load_address>0x5c38</load_address>
         <readonly>true</readonly>
         <executable>true</executable>
         <run_address>0x5c38</run_address>
         <size>0x40</size>
         <alignment>0x4</alignment>
         <input_file_ref idref="fl-2f"/>
      </object_component>
      <object_component id="oc-ed">
         <name>.text.__floatsisf</name>
         <load_address>0x5c78</load_address>
         <readonly>true</readonly>
         <executable>true</executable>
         <run_address>0x5c78</run_address>
         <size>0x3c</size>
         <alignment>0x4</alignment>
         <input_file_ref idref="fl-100"/>
      </object_component>
      <object_component id="oc-a8">
         <name>.text:__TI_auto_init_nobinit_nopinit</name>
         <load_address>0x5cb4</load_address>
         <readonly>true</readonly>
         <executable>true</executable>
         <run_address>0x5cb4</run_address>
         <size>0x3c</size>
         <alignment>0x4</alignment>
         <input_file_ref idref="fl-45"/>
      </object_component>
      <object_component id="oc-157">
         <name>.text.__muldsi3</name>
         <load_address>0x5cf0</load_address>
         <readonly>true</readonly>
         <executable>true</executable>
         <run_address>0x5cf0</run_address>
         <size>0x3a</size>
         <alignment>0x4</alignment>
         <input_file_ref idref="fl-f8"/>
      </object_component>
      <object_component id="oc-94">
         <name>.text.__fixsfsi</name>
         <load_address>0x5d2c</load_address>
         <readonly>true</readonly>
         <executable>true</executable>
         <run_address>0x5d2c</run_address>
         <size>0x38</size>
         <alignment>0x4</alignment>
         <input_file_ref idref="fl-fe"/>
      </object_component>
      <object_component id="oc-c1">
         <name>.text.SYSCFG_DL_initPower</name>
         <load_address>0x5d64</load_address>
         <readonly>true</readonly>
         <executable>true</executable>
         <run_address>0x5d64</run_address>
         <size>0x34</size>
         <alignment>0x4</alignment>
         <input_file_ref idref="fl-2"/>
      </object_component>
      <object_component id="oc-26a">
         <name>.text.__TI_cleanup</name>
         <load_address>0x5d98</load_address>
         <readonly>true</readonly>
         <executable>true</executable>
         <run_address>0x5d98</run_address>
         <size>0x34</size>
         <alignment>0x4</alignment>
         <input_file_ref idref="fl-4c"/>
      </object_component>
      <object_component id="oc-2c2">
         <name>.text.__TI_readmsg</name>
         <load_address>0x5dcc</load_address>
         <readonly>true</readonly>
         <executable>true</executable>
         <run_address>0x5dcc</run_address>
         <size>0x34</size>
         <alignment>0x4</alignment>
         <input_file_ref idref="fl-f4"/>
      </object_component>
      <object_component id="oc-2bc">
         <name>.text.__TI_writemsg</name>
         <load_address>0x5e00</load_address>
         <readonly>true</readonly>
         <executable>true</executable>
         <run_address>0x5e00</run_address>
         <size>0x34</size>
         <alignment>0x4</alignment>
         <input_file_ref idref="fl-f4"/>
      </object_component>
      <object_component id="oc-a6">
         <name>.text.exit</name>
         <load_address>0x5e34</load_address>
         <readonly>true</readonly>
         <executable>true</executable>
         <run_address>0x5e34</run_address>
         <size>0x34</size>
         <alignment>0x4</alignment>
         <input_file_ref idref="fl-3b"/>
      </object_component>
      <object_component id="oc-2f0">
         <name>.text.finddevice</name>
         <load_address>0x5e68</load_address>
         <readonly>true</readonly>
         <executable>true</executable>
         <run_address>0x5e68</run_address>
         <size>0x34</size>
         <alignment>0x4</alignment>
         <input_file_ref idref="fl-112"/>
      </object_component>
      <object_component id="oc-1bb">
         <name>.text.mpu_get_accel_fsr</name>
         <load_address>0x5e9c</load_address>
         <readonly>true</readonly>
         <executable>true</executable>
         <run_address>0x5e9c</run_address>
         <size>0x34</size>
         <alignment>0x4</alignment>
         <input_file_ref idref="fl-5"/>
      </object_component>
      <object_component id="oc-234">
         <name>.text._fcpy</name>
         <load_address>0x5ed0</load_address>
         <readonly>true</readonly>
         <executable>true</executable>
         <run_address>0x5ed0</run_address>
         <size>0x30</size>
         <alignment>0x2</alignment>
         <input_file_ref idref="fl-2d"/>
      </object_component>
      <object_component id="oc-127">
         <name>.text._outs</name>
         <load_address>0x5f00</load_address>
         <readonly>true</readonly>
         <executable>true</executable>
         <run_address>0x5f00</run_address>
         <size>0x30</size>
         <alignment>0x2</alignment>
         <input_file_ref idref="fl-2f"/>
      </object_component>
      <object_component id="oc-22d">
         <name>.text.__floatsidf</name>
         <load_address>0x5f30</load_address>
         <readonly>true</readonly>
         <executable>true</executable>
         <run_address>0x5f30</run_address>
         <size>0x2c</size>
         <alignment>0x4</alignment>
         <input_file_ref idref="fl-ff"/>
      </object_component>
      <object_component id="oc-2dd">
         <name>.text.unlink</name>
         <load_address>0x5f5c</load_address>
         <readonly>true</readonly>
         <executable>true</executable>
         <run_address>0x5f5c</run_address>
         <size>0x2c</size>
         <alignment>0x4</alignment>
         <input_file_ref idref="fl-ec"/>
      </object_component>
      <object_component id="oc-195">
         <name>.text.DL_Common_updateReg</name>
         <load_address>0x5f88</load_address>
         <readonly>true</readonly>
         <executable>true</executable>
         <run_address>0x5f88</run_address>
         <size>0x28</size>
         <alignment>0x2</alignment>
         <input_file_ref idref="fl-17"/>
      </object_component>
      <object_component id="oc-19a">
         <name>.text.DL_Common_updateReg</name>
         <load_address>0x5fb0</load_address>
         <readonly>true</readonly>
         <executable>true</executable>
         <run_address>0x5fb0</run_address>
         <size>0x28</size>
         <alignment>0x2</alignment>
         <input_file_ref idref="fl-16"/>
      </object_component>
      <object_component id="oc-c6">
         <name>.text.SYSCFG_DL_SYSCTL_CLK_init</name>
         <load_address>0x5fd8</load_address>
         <readonly>true</readonly>
         <executable>true</executable>
         <run_address>0x5fd8</run_address>
         <size>0x28</size>
         <alignment>0x4</alignment>
         <input_file_ref idref="fl-2"/>
      </object_component>
      <object_component id="oc-1b3">
         <name>.text.__floatunsisf</name>
         <load_address>0x6000</load_address>
         <readonly>true</readonly>
         <executable>true</executable>
         <run_address>0x6000</run_address>
         <size>0x28</size>
         <alignment>0x4</alignment>
         <input_file_ref idref="fl-101"/>
      </object_component>
      <object_component id="oc-27f">
         <name>.text.free_list_insert</name>
         <load_address>0x6028</load_address>
         <readonly>true</readonly>
         <executable>true</executable>
         <run_address>0x6028</run_address>
         <size>0x28</size>
         <alignment>0x4</alignment>
         <input_file_ref idref="fl-42"/>
      </object_component>
      <object_component id="oc-279">
         <name>.text.lseek</name>
         <load_address>0x6050</load_address>
         <readonly>true</readonly>
         <executable>true</executable>
         <run_address>0x6050</run_address>
         <size>0x28</size>
         <alignment>0x4</alignment>
         <input_file_ref idref="fl-ea"/>
      </object_component>
      <object_component id="oc-1f8">
         <name>.text.write</name>
         <load_address>0x6078</load_address>
         <readonly>true</readonly>
         <executable>true</executable>
         <run_address>0x6078</run_address>
         <size>0x28</size>
         <alignment>0x4</alignment>
         <input_file_ref idref="fl-e6"/>
      </object_component>
      <object_component id="oc-4f">
         <name>.text:_c_int00_noargs</name>
         <load_address>0x60a0</load_address>
         <readonly>true</readonly>
         <executable>true</executable>
         <run_address>0x60a0</run_address>
         <size>0x28</size>
         <alignment>0x4</alignment>
         <input_file_ref idref="fl-43"/>
      </object_component>
      <object_component id="oc-121">
         <name>.text.DL_UART_setClockConfig</name>
         <load_address>0x60c8</load_address>
         <readonly>true</readonly>
         <executable>true</executable>
         <run_address>0x60c8</run_address>
         <size>0x24</size>
         <alignment>0x4</alignment>
         <input_file_ref idref="fl-16"/>
      </object_component>
      <object_component id="oc-1e5">
         <name>.text.__muldi3</name>
         <load_address>0x60ec</load_address>
         <readonly>true</readonly>
         <executable>true</executable>
         <run_address>0x60ec</run_address>
         <size>0x24</size>
         <alignment>0x4</alignment>
         <input_file_ref idref="fl-102"/>
      </object_component>
      <object_component id="oc-12f">
         <name>.text.puts</name>
         <load_address>0x6110</load_address>
         <readonly>true</readonly>
         <executable>true</executable>
         <run_address>0x6110</run_address>
         <size>0x24</size>
         <alignment>0x4</alignment>
         <input_file_ref idref="fl-30"/>
      </object_component>
      <object_component id="oc-1d6">
         <name>.text.memccpy</name>
         <load_address>0x6134</load_address>
         <readonly>true</readonly>
         <executable>true</executable>
         <run_address>0x6134</run_address>
         <size>0x22</size>
         <alignment>0x2</alignment>
         <input_file_ref idref="fl-41"/>
      </object_component>
      <object_component id="oc-197">
         <name>.text.DL_CORE_configInstruction</name>
         <load_address>0x6158</load_address>
         <readonly>true</readonly>
         <executable>true</executable>
         <run_address>0x6158</run_address>
         <size>0x20</size>
         <alignment>0x4</alignment>
         <input_file_ref idref="fl-17"/>
      </object_component>
      <object_component id="oc-18f">
         <name>.text.DL_SYSCTL_setHFXTFrequencyRange</name>
         <load_address>0x6178</load_address>
         <readonly>true</readonly>
         <executable>true</executable>
         <run_address>0x6178</run_address>
         <size>0x20</size>
         <alignment>0x4</alignment>
         <input_file_ref idref="fl-17"/>
      </object_component>
      <object_component id="oc-205">
         <name>.text.fputc</name>
         <load_address>0x6198</load_address>
         <readonly>true</readonly>
         <executable>true</executable>
         <run_address>0x6198</run_address>
         <size>0x20</size>
         <alignment>0x4</alignment>
         <input_file_ref idref="fl-7"/>
      </object_component>
      <object_component id="oc-24c">
         <name>.text.__ashldi3</name>
         <load_address>0x61b8</load_address>
         <readonly>true</readonly>
         <executable>true</executable>
         <run_address>0x61b8</run_address>
         <size>0x1e</size>
         <alignment>0x4</alignment>
         <input_file_ref idref="fl-10e"/>
      </object_component>
      <object_component id="oc-dc">
         <name>.text.dmp_load_motion_driver_firmware</name>
         <load_address>0x61d8</load_address>
         <readonly>true</readonly>
         <executable>true</executable>
         <run_address>0x61d8</run_address>
         <size>0x1c</size>
         <alignment>0x4</alignment>
         <input_file_ref idref="fl-6"/>
      </object_component>
      <object_component id="oc-27d">
         <name>.text.free_list_remove</name>
         <load_address>0x61f4</load_address>
         <readonly>true</readonly>
         <executable>true</executable>
         <run_address>0x61f4</run_address>
         <size>0x1c</size>
         <alignment>0x4</alignment>
         <input_file_ref idref="fl-42"/>
      </object_component>
      <object_component id="oc-190">
         <name>.text.DL_SYSCTL_setHFXTStartupTime</name>
         <load_address>0x6210</load_address>
         <readonly>true</readonly>
         <executable>true</executable>
         <run_address>0x6210</run_address>
         <size>0x18</size>
         <alignment>0x4</alignment>
         <input_file_ref idref="fl-17"/>
      </object_component>
      <object_component id="oc-198">
         <name>.text.DL_SYSCTL_setHSCLKSource</name>
         <load_address>0x6228</load_address>
         <readonly>true</readonly>
         <executable>true</executable>
         <run_address>0x6228</run_address>
         <size>0x18</size>
         <alignment>0x4</alignment>
         <input_file_ref idref="fl-17"/>
      </object_component>
      <object_component id="oc-7b">
         <name>.text.SYSCFG_DL_init</name>
         <load_address>0x6240</load_address>
         <readonly>true</readonly>
         <executable>true</executable>
         <run_address>0x6240</run_address>
         <size>0x18</size>
         <alignment>0x2</alignment>
         <input_file_ref idref="fl-2"/>
      </object_component>
      <object_component id="oc-128">
         <name>.text._outc</name>
         <load_address>0x6258</load_address>
         <readonly>true</readonly>
         <executable>true</executable>
         <run_address>0x6258</run_address>
         <size>0x18</size>
         <alignment>0x2</alignment>
         <input_file_ref idref="fl-2f"/>
      </object_component>
      <object_component id="oc-199">
         <name>.text.DL_UART_disable</name>
         <load_address>0x6270</load_address>
         <readonly>true</readonly>
         <executable>true</executable>
         <run_address>0x6270</run_address>
         <size>0x16</size>
         <alignment>0x2</alignment>
         <input_file_ref idref="fl-16"/>
      </object_component>
      <object_component id="oc-46">
         <name>.text:decompress:ZI:__TI_zero_init_nomemset</name>
         <load_address>0x6286</load_address>
         <readonly>true</readonly>
         <executable>true</executable>
         <run_address>0x6286</run_address>
         <size>0x16</size>
         <alignment>0x2</alignment>
         <input_file_ref idref="fl-48"/>
      </object_component>
      <object_component id="oc-eb">
         <name>.text.DL_Common_delayCycles</name>
         <load_address>0x629c</load_address>
         <readonly>true</readonly>
         <executable>true</executable>
         <run_address>0x629c</run_address>
         <size>0x14</size>
         <alignment>0x2</alignment>
         <input_file_ref idref="fl-15"/>
      </object_component>
      <object_component id="oc-193">
         <name>.text.DL_SYSCTL_disableHFCLKStartupMonitor</name>
         <load_address>0x62b0</load_address>
         <readonly>true</readonly>
         <executable>true</executable>
         <run_address>0x62b0</run_address>
         <size>0x14</size>
         <alignment>0x4</alignment>
         <input_file_ref idref="fl-17"/>
      </object_component>
      <object_component id="oc-194">
         <name>.text.DL_SYSCTL_disableSYSPLL</name>
         <load_address>0x62c4</load_address>
         <readonly>true</readonly>
         <executable>true</executable>
         <run_address>0x62c4</run_address>
         <size>0x14</size>
         <alignment>0x4</alignment>
         <input_file_ref idref="fl-17"/>
      </object_component>
      <object_component id="oc-191">
         <name>.text.DL_SYSCTL_enableHFCLKStartupMonitor</name>
         <load_address>0x62d8</load_address>
         <readonly>true</readonly>
         <executable>true</executable>
         <run_address>0x62d8</run_address>
         <size>0x14</size>
         <alignment>0x4</alignment>
         <input_file_ref idref="fl-17"/>
      </object_component>
      <object_component id="oc-1ea">
         <name>.text.__aeabi_uldivmod</name>
         <load_address>0x62ec</load_address>
         <readonly>true</readonly>
         <executable>true</executable>
         <run_address>0x62ec</run_address>
         <size>0x14</size>
         <alignment>0x4</alignment>
         <input_file_ref idref="fl-10b"/>
      </object_component>
      <object_component id="oc-232">
         <name>.text.strchr</name>
         <load_address>0x6300</load_address>
         <readonly>true</readonly>
         <executable>true</executable>
         <run_address>0x6300</run_address>
         <size>0x14</size>
         <alignment>0x2</alignment>
         <input_file_ref idref="fl-2d"/>
      </object_component>
      <object_component id="oc-20">
         <name>.text:decompress:none</name>
         <load_address>0x6314</load_address>
         <readonly>true</readonly>
         <executable>true</executable>
         <run_address>0x6314</run_address>
         <size>0x12</size>
         <alignment>0x2</alignment>
         <input_file_ref idref="fl-49"/>
      </object_component>
      <object_component id="oc-196">
         <name>.text.DL_CORE_getInstructionConfig</name>
         <load_address>0x6328</load_address>
         <readonly>true</readonly>
         <executable>true</executable>
         <run_address>0x6328</run_address>
         <size>0x10</size>
         <alignment>0x4</alignment>
         <input_file_ref idref="fl-17"/>
      </object_component>
      <object_component id="oc-18e">
         <name>.text.DL_SYSCTL_disableHFXT</name>
         <load_address>0x6338</load_address>
         <readonly>true</readonly>
         <executable>true</executable>
         <run_address>0x6338</run_address>
         <size>0x10</size>
         <alignment>0x4</alignment>
         <input_file_ref idref="fl-17"/>
      </object_component>
      <object_component id="oc-92">
         <name>.text.delay_ms</name>
         <load_address>0x6348</load_address>
         <readonly>true</readonly>
         <executable>true</executable>
         <run_address>0x6348</run_address>
         <size>0x10</size>
         <alignment>0x4</alignment>
         <input_file_ref idref="fl-7"/>
      </object_component>
      <object_component id="oc-1e1">
         <name>.text.wcslen</name>
         <load_address>0x6358</load_address>
         <readonly>true</readonly>
         <executable>true</executable>
         <run_address>0x6358</run_address>
         <size>0x10</size>
         <alignment>0x2</alignment>
[...]
         <value>0x447d</value>
         <object_component_ref idref="oc-221"/>
      </symbol>
      <symbol id="sm-28c">
         <name>ldexpl</name>
         <value>0x447d</value>
         <object_component_ref idref="oc-221"/>
      </symbol>
      <symbol id="sm-297">
         <name>__aeabi_errno_addr</name>
         <value>0x4e99</value>
         <object_component_ref idref="oc-15e"/>
      </symbol>
      <symbol id="sm-298">
         <name>__aeabi_errno</name>
         <value>0x202009fc</value>
         <object_component_ref idref="oc-1bd"/>
      </symbol>
      <symbol id="sm-2a6">
         <name>abort</name>
         <value>0x64a7</value>
         <object_component_ref idref="oc-a1"/>
      </symbol>
      <symbol id="sm-2a7">
         <name>C$$EXIT</name>
         <value>0x64a6</value>
         <object_component_ref idref="oc-a1"/>
      </symbol>
      <symbol id="sm-2a8">
         <name>__TI_cleanup_ptr</name>
         <value>0x202009f0</value>
         <object_component_ref idref="oc-114"/>
      </symbol>
      <symbol id="sm-2a9">
         <name>__TI_dtors_ptr</name>
         <value>0x202009f4</value>
         <object_component_ref idref="oc-114"/>
      </symbol>
      <symbol id="sm-2aa">
         <name>exit</name>
         <value>0x5e35</value>
         <object_component_ref idref="oc-a6"/>
      </symbol>
      <symbol id="sm-2b3">
         <name>_nop</name>
         <value>0x596b</value>
         <object_component_ref idref="oc-185"/>
      </symbol>
      <symbol id="sm-2b4">
         <name>_lock</name>
         <value>0x20200a00</value>
         <object_component_ref idref="oc-112"/>
      </symbol>
      <symbol id="sm-2b5">
         <name>_unlock</name>
         <value>0x20200a04</value>
         <object_component_ref idref="oc-115"/>
      </symbol>
      <symbol id="sm-2be">
         <name>__TI_ltoa</name>
         <value>0x57c1</value>
         <object_component_ref idref="oc-229"/>
      </symbol>
      <symbol id="sm-2c9">
         <name>atoi</name>
         <value>0x5bf9</value>
         <object_component_ref idref="oc-1dd"/>
      </symbol>
      <symbol id="sm-2ce">
         <name>_ftable</name>
         <value>0x20200800</value>
         <object_component_ref idref="oc-1a4"/>
      </symbol>
      <symbol id="sm-2cf">
         <name>__TI_ft_end</name>
         <value>0x202009f8</value>
         <object_component_ref idref="oc-28a"/>
      </symbol>
      <symbol id="sm-2d0">
         <name>__TI_tmpnams</name>
         <value>0x20200b40</value>
         <object_component_ref idref="oc-2b9"/>
      </symbol>
      <symbol id="sm-2d9">
         <name>memccpy</name>
         <value>0x6135</value>
         <object_component_ref idref="oc-1d6"/>
      </symbol>
      <symbol id="sm-2fc">
         <name>malloc</name>
         <value>0x63d5</value>
         <object_component_ref idref="oc-269"/>
      </symbol>
      <symbol id="sm-2fd">
         <name>aligned_alloc</name>
         <value>0x3941</value>
         <object_component_ref idref="oc-283"/>
      </symbol>
      <symbol id="sm-2fe">
         <name>free</name>
         <value>0x3f29</value>
         <object_component_ref idref="oc-263"/>
      </symbol>
      <symbol id="sm-2ff">
         <name>_sys_memory</name>
         <value>0x20200000</value>
         <object_component_ref idref="oc-280"/>
      </symbol>
      <symbol id="sm-300">
         <name>memalign</name>
         <value>0x3941</value>
         <object_component_ref idref="oc-283"/>
      </symbol>
      <symbol id="sm-30b">
         <name>_c_int00_noargs</name>
         <value>0x60a1</value>
         <object_component_ref idref="oc-4f"/>
      </symbol>
      <symbol id="sm-30c">
         <name>__stack</name>
         <value>0x20207e00</value>
         <object_component_ref idref="oc-1a"/>
      </symbol>
      <symbol id="sm-318">
         <name>__TI_auto_init_nobinit_nopinit</name>
         <value>0x5cb5</value>
         <object_component_ref idref="oc-a8"/>
      </symbol>
      <symbol id="sm-320">
         <name>_system_pre_init</name>
         <value>0x4c1d</value>
         <object_component_ref idref="oc-5f"/>
      </symbol>
      <symbol id="sm-32b">
         <name>__TI_zero_init_nomemset</name>
         <value>0x6287</value>
         <object_component_ref idref="oc-46"/>
      </symbol>
      <symbol id="sm-334">
         <name>__TI_decompress_none</name>
         <value>0x6315</value>
         <object_component_ref idref="oc-20"/>
      </symbol>
      <symbol id="sm-33f">
         <name>__TI_decompress_lzss</name>
         <value>0x4da9</value>
         <object_component_ref idref="oc-1c"/>
      </symbol>
      <symbol id="sm-349">
         <name>__TI_doflush</name>
         <value>0x58c7</value>
         <object_component_ref idref="oc-1fc"/>
      </symbol>
      <symbol id="sm-354">
         <name>__TI_cleanup</name>
         <value>0x5d99</value>
         <object_component_ref idref="oc-26a"/>
      </symbol>
      <symbol id="sm-361">
         <name>fseek</name>
         <value>0x6471</value>
         <object_component_ref idref="oc-238"/>
      </symbol>
      <symbol id="sm-362">
         <name>fseeko</name>
         <value>0x5061</value>
         <object_component_ref idref="oc-260"/>
      </symbol>
      <symbol id="sm-363">
         <name>__aeabi_ctype_table_</name>
         <value>0x70b0</value>
         <object_component_ref idref="oc-210"/>
      </symbol>
      <symbol id="sm-364">
         <name>__aeabi_ctype_table_C</name>
         <value>0x70b0</value>
         <object_component_ref idref="oc-210"/>
      </symbol>
      <symbol id="sm-370">
         <name>__TI_closefile</name>
         <value>0x4d2d</value>
         <object_component_ref idref="oc-284"/>
      </symbol>
      <symbol id="sm-37a">
         <name>write</name>
         <value>0x6079</value>
         <object_component_ref idref="oc-1f8"/>
      </symbol>
      <symbol id="sm-37f">
         <name>_device</name>
         <value>0x202008f0</value>
         <object_component_ref idref="oc-273"/>
      </symbol>
      <symbol id="sm-380">
         <name>_stream</name>
         <value>0x20200968</value>
         <object_component_ref idref="oc-244"/>
      </symbol>
      <symbol id="sm-389">
         <name>remove</name>
         <value>0x6479</value>
         <object_component_ref idref="oc-2b5"/>
      </symbol>
      <symbol id="sm-394">
         <name>lseek</name>
         <value>0x6051</value>
         <object_component_ref idref="oc-279"/>
      </symbol>
      <symbol id="sm-39e">
         <name>close</name>
         <value>0x596d</value>
         <object_component_ref idref="oc-2b1"/>
      </symbol>
      <symbol id="sm-3a8">
         <name>unlink</name>
         <value>0x5f5d</value>
         <object_component_ref idref="oc-2dd"/>
      </symbol>
      <symbol id="sm-3b2">
         <name>HOSTclose</name>
         <value>0x5aa1</value>
         <object_component_ref idref="oc-291"/>
      </symbol>
      <symbol id="sm-3bc">
         <name>HOSTlseek</name>
         <value>0x4f89</value>
         <object_component_ref idref="oc-29d"/>
      </symbol>
      <symbol id="sm-3c6">
         <name>HOSTopen</name>
         <value>0x5599</value>
         <object_component_ref idref="oc-28d"/>
      </symbol>
      <symbol id="sm-3c7">
         <name>parmbuf</name>
         <value>0x20200be0</value>
         <object_component_ref idref="oc-2c3"/>
      </symbol>
      <symbol id="sm-3d1">
         <name>HOSTread</name>
         <value>0x5711</value>
         <object_component_ref idref="oc-295"/>
      </symbol>
      <symbol id="sm-3e2">
         <name>HOSTrename</name>
         <value>0x4ff5</value>
         <object_component_ref idref="oc-2a5"/>
      </symbol>
      <symbol id="sm-3ec">
         <name>HOSTunlink</name>
         <value>0x5ae9</value>
         <object_component_ref idref="oc-2a1"/>
      </symbol>
      <symbol id="sm-3f6">
         <name>HOSTwrite</name>
         <value>0x5769</value>
         <object_component_ref idref="oc-299"/>
      </symbol>
      <symbol id="sm-404">
         <name>C$$IO$$</name>
         <value>0x5e2d</value>
         <object_component_ref idref="oc-2bc"/>
      </symbol>
      <symbol id="sm-405">
         <name>__TI_writemsg</name>
         <value>0x5e01</value>
         <object_component_ref idref="oc-2bc"/>
      </symbol>
      <symbol id="sm-406">
         <name>__CIOBUF_</name>
         <value>0x20200a20</value>
         <object_component_ref idref="oc-2e4"/>
      </symbol>
      <symbol id="sm-407">
         <name>__TI_readmsg</name>
         <value>0x5dcd</value>
         <object_component_ref idref="oc-2c2"/>
      </symbol>
      <symbol id="sm-408">
         <name>_CIOBUF_</name>
         <value>0x20200a20</value>
         <object_component_ref idref="oc-2e4"/>
      </symbol>
      <symbol id="sm-40e">
         <name>__aeabi_fadd</name>
         <value>0x455f</value>
         <object_component_ref idref="oc-f5"/>
      </symbol>
      <symbol id="sm-40f">
         <name>__addsf3</name>
         <value>0x455f</value>
         <object_component_ref idref="oc-f5"/>
      </symbol>
      <symbol id="sm-410">
         <name>__aeabi_fsub</name>
         <value>0x4555</value>
         <object_component_ref idref="oc-f5"/>
      </symbol>
      <symbol id="sm-411">
         <name>__subsf3</name>
         <value>0x4555</value>
         <object_component_ref idref="oc-f5"/>
      </symbol>
      <symbol id="sm-417">
         <name>__aeabi_dadd</name>
         <value>0x2c0f</value>
         <object_component_ref idref="oc-163"/>
      </symbol>
      <symbol id="sm-418">
         <name>__adddf3</name>
         <value>0x2c0f</value>
         <object_component_ref idref="oc-163"/>
      </symbol>
      <symbol id="sm-419">
         <name>__aeabi_dsub</name>
         <value>0x2c05</value>
         <object_component_ref idref="oc-163"/>
      </symbol>
      <symbol id="sm-41a">
         <name>__subdf3</name>
         <value>0x2c05</value>
         <object_component_ref idref="oc-163"/>
      </symbol>
      <symbol id="sm-426">
         <name>__aeabi_dmul</name>
         <value>0x40f9</value>
         <object_component_ref idref="oc-103"/>
      </symbol>
      <symbol id="sm-427">
         <name>__muldf3</name>
         <value>0x40f9</value>
         <object_component_ref idref="oc-103"/>
      </symbol>
      <symbol id="sm-430">
         <name>__muldsi3</name>
         <value>0x5cf1</value>
         <object_component_ref idref="oc-157"/>
      </symbol>
      <symbol id="sm-436">
         <name>__aeabi_fmul</name>
         <value>0x4b09</value>
         <object_component_ref idref="oc-f1"/>
      </symbol>
      <symbol id="sm-437">
         <name>__mulsf3</name>
         <value>0x4b09</value>
         <object_component_ref idref="oc-f1"/>
      </symbol>
      <symbol id="sm-43d">
         <name>__aeabi_fdiv</name>
         <value>0x4ca9</value>
         <object_component_ref idref="oc-1b7"/>
      </symbol>
      <symbol id="sm-43e">
         <name>__divsf3</name>
         <value>0x4ca9</value>
         <object_component_ref idref="oc-1b7"/>
      </symbol>
      <symbol id="sm-444">
         <name>__aeabi_ddiv</name>
         <value>0x3a55</value>
         <object_component_ref idref="oc-174"/>
      </symbol>
      <symbol id="sm-445">
         <name>__divdf3</name>
         <value>0x3a55</value>
         <object_component_ref idref="oc-174"/>
      </symbol>
      <symbol id="sm-44e">
         <name>__aeabi_f2d</name>
         <value>0x5bb9</value>
         <object_component_ref idref="oc-f9"/>
      </symbol>
      <symbol id="sm-44f">
         <name>__extendsfdf2</name>
         <value>0x5bb9</value>
         <object_component_ref idref="oc-f9"/>
      </symbol>
      <symbol id="sm-455">
         <name>__aeabi_d2iz</name>
         <value>0x5a55</value>
         <object_component_ref idref="oc-225"/>
      </symbol>
      <symbol id="sm-456">
         <name>__fixdfsi</name>
         <value>0x5a55</value>
         <object_component_ref idref="oc-225"/>
      </symbol>
      <symbol id="sm-45c">
         <name>__aeabi_f2iz</name>
         <value>0x5d2d</value>
         <object_component_ref idref="oc-94"/>
      </symbol>
      <symbol id="sm-45d">
         <name>__fixsfsi</name>
         <value>0x5d2d</value>
         <object_component_ref idref="oc-94"/>
      </symbol>
      <symbol id="sm-463">
         <name>__aeabi_i2d</name>
         <value>0x5f31</value>
         <object_component_ref idref="oc-22d"/>
      </symbol>
      <symbol id="sm-464">
         <name>__floatsidf</name>
         <value>0x5f31</value>
         <object_component_ref idref="oc-22d"/>
      </symbol>
      <symbol id="sm-46a">
         <name>__aeabi_i2f</name>
         <value>0x5c79</value>
         <object_component_ref idref="oc-ed"/>
      </symbol>
      <symbol id="sm-46b">
         <name>__floatsisf</name>
         <value>0x5c79</value>
         <object_component_ref idref="oc-ed"/>
      </symbol>
      <symbol id="sm-471">
         <name>__aeabi_ui2f</name>
         <value>0x6001</value>
         <object_component_ref idref="oc-1b3"/>
      </symbol>
      <symbol id="sm-472">
         <name>__floatunsisf</name>
         <value>0x6001</value>
         <object_component_ref idref="oc-1b3"/>
      </symbol>
      <symbol id="sm-478">
         <name>__aeabi_lmul</name>
         <value>0x60ed</value>
         <object_component_ref idref="oc-1e5"/>
      </symbol>
      <symbol id="sm-479">
         <name>__muldi3</name>
         <value>0x60ed</value>
         <object_component_ref idref="oc-1e5"/>
      </symbol>
      <symbol id="sm-480">
         <name>__aeabi_d2f</name>
         <value>0x4ea1</value>
         <object_component_ref idref="oc-107"/>
      </symbol>
      <symbol id="sm-481">
         <name>__truncdfsf2</name>
         <value>0x4ea1</value>
         <object_component_ref idref="oc-107"/>
      </symbol>
      <symbol id="sm-487">
         <name>__aeabi_dcmpeq</name>
         <value>0x54d5</value>
         <object_component_ref idref="oc-167"/>
      </symbol>
      <symbol id="sm-488">
         <name>__aeabi_dcmplt</name>
         <value>0x54e9</value>
         <object_component_ref idref="oc-167"/>
      </symbol>
      <symbol id="sm-489">
         <name>__aeabi_dcmple</name>
         <value>0x54fd</value>
         <object_component_ref idref="oc-167"/>
      </symbol>
      <symbol id="sm-48a">
         <name>__aeabi_dcmpge</name>
         <value>0x5511</value>
         <object_component_ref idref="oc-167"/>
      </symbol>
      <symbol id="sm-48b">
         <name>__aeabi_dcmpgt</name>
         <value>0x5525</value>
         <object_component_ref idref="oc-167"/>
      </symbol>
      <symbol id="sm-491">
         <name>__aeabi_idiv</name>
         <value>0x5871</value>
         <object_component_ref idref="oc-258"/>
      </symbol>
      <symbol id="sm-492">
         <name>__aeabi_idivmod</name>
         <value>0x5871</value>
         <object_component_ref idref="oc-258"/>
      </symbol>
      <symbol id="sm-498">
         <name>__aeabi_memcpy</name>
         <value>0x6459</value>
         <object_component_ref idref="oc-3f"/>
      </symbol>
      <symbol id="sm-499">
         <name>__aeabi_memcpy4</name>
         <value>0x6459</value>
         <object_component_ref idref="oc-3f"/>
      </symbol>
      <symbol id="sm-49a">
         <name>__aeabi_memcpy8</name>
         <value>0x6459</value>
         <object_component_ref idref="oc-3f"/>
      </symbol>
      <symbol id="sm-4a3">
         <name>__aeabi_memset</name>
         <value>0x6379</value>
         <object_component_ref idref="oc-1d5"/>
      </symbol>
      <symbol id="sm-4a4">
         <name>__aeabi_memset4</name>
         <value>0x6379</value>
         <object_component_ref idref="oc-1d5"/>
      </symbol>
      <symbol id="sm-4a5">
         <name>__aeabi_memset8</name>
         <value>0x6379</value>
         <object_component_ref idref="oc-1d5"/>
      </symbol>
      <symbol id="sm-4a6">
         <name>__aeabi_memclr</name>
         <value>0x63bd</value>
         <object_component_ref idref="oc-5a"/>
      </symbol>
      <symbol id="sm-4a7">
         <name>__aeabi_memclr4</name>
         <value>0x63bd</value>
         <object_component_ref idref="oc-5a"/>
      </symbol>
      <symbol id="sm-4a8">
         <name>__aeabi_memclr8</name>
         <value>0x63bd</value>
         <object_component_ref idref="oc-5a"/>
      </symbol>
      <symbol id="sm-4ae">
         <name>__aeabi_uidiv</name>
         <value>0x5b79</value>
         <object_component_ref idref="oc-13f"/>
      </symbol>
      <symbol id="sm-4af">
         <name>__aeabi_uidivmod</name>
         <value>0x5b79</value>
         <object_component_ref idref="oc-13f"/>
      </symbol>
      <symbol id="sm-4b5">
         <name>__aeabi_uldivmod</name>
         <value>0x62ed</value>
         <object_component_ref idref="oc-1ea"/>
      </symbol>
      <symbol id="sm-4bb">
         <name>__udivmoddi4</name>
         <value>0x49cd</value>
         <object_component_ref idref="oc-218"/>
      </symbol>
      <symbol id="sm-4c1">
         <name>__aeabi_llsl</name>
         <value>0x61b9</value>
         <object_component_ref idref="oc-24c"/>
      </symbol>
      <symbol id="sm-4c2">
         <name>__ashldi3</name>
         <value>0x61b9</value>
         <object_component_ref idref="oc-24c"/>
      </symbol>
      <symbol id="sm-4d0">
         <name>__ledf2</name>
         <value>0x51a5</value>
         <object_component_ref idref="oc-1c2"/>
      </symbol>
      <symbol id="sm-4d1">
         <name>__gedf2</name>
         <value>0x4e25</value>
         <object_component_ref idref="oc-1c8"/>
      </symbol>
      <symbol id="sm-4d2">
         <name>__cmpdf2</name>
         <value>0x51a5</value>
         <object_component_ref idref="oc-1c2"/>
      </symbol>
      <symbol id="sm-4d3">
         <name>__eqdf2</name>
         <value>0x51a5</value>
         <object_component_ref idref="oc-1c2"/>
      </symbol>
      <symbol id="sm-4d4">
         <name>__ltdf2</name>
         <value>0x51a5</value>
         <object_component_ref idref="oc-1c2"/>
      </symbol>
      <symbol id="sm-4d5">
         <name>__nedf2</name>
         <value>0x51a5</value>
         <object_component_ref idref="oc-1c2"/>
      </symbol>
      <symbol id="sm-4d6">
         <name>__gtdf2</name>
         <value>0x4e25</value>
         <object_component_ref idref="oc-1c8"/>
      </symbol>
      <symbol id="sm-4e3">
         <name>__aeabi_idiv0</name>
         <value>0x4d2b</value>
         <object_component_ref idref="oc-1ad"/>
      </symbol>
      <symbol id="sm-4e4">
         <name>__aeabi_ldiv0</name>
         <value>0x5343</value>
         <object_component_ref idref="oc-24b"/>
      </symbol>
      <symbol id="sm-4f2">
         <name>finddevice</name>
         <value>0x5e69</value>
         <object_component_ref idref="oc-2f0"/>
      </symbol>
      <symbol id="sm-4f3">
         <name>getdevice</name>
         <value>0x50cd</value>
         <object_component_ref idref="oc-2e7"/>
      </symbol>
      <symbol id="sm-50c">
         <name>memcpy</name>
         <value>0x4a6f</value>
         <object_component_ref idref="oc-76"/>
      </symbol>
      <symbol id="sm-51b">
         <name>memset</name>
         <value>0x5537</value>
         <object_component_ref idref="oc-c0"/>
      </symbol>
      <symbol id="sm-523">
         <name>strcmp</name>
         <value>0x4c21</value>
         <object_component_ref idref="oc-2f3"/>
      </symbol>
      <symbol id="sm-524">
         <name>__TI_static_base__</name>
         <value>0x0</value>
      </symbol>
      <symbol id="sm-528">
         <name>__mpu_init</name>
         <value>0x0</value>
      </symbol>
      <symbol id="sm-529">
         <name>_system_post_cinit</name>
         <value>0x0</value>
      </symbol>
   </symbol_table>
   <title>Link successful</title>
</link_info>
