******************************************************************************
            TI ARM Clang Linker PC v4.0.0                      
******************************************************************************
>> Linked Mon Dec  9 15:07:21 2024

OUTPUT FILE NAME:   <TMX_MSPM0G3507_ProjectTemplate.out>
ENTRY POINT SYMBOL: "_c_int00_noargs"  address: 000060a1


MEMORY CONFIGURATION

         name            origin    length      used     unused   attr    fill
----------------------  --------  ---------  --------  --------  ----  --------
  FLASH                 00000000   00020000  00007460  00018ba0  R  X
  SRAM                  20200000   00008000  00000de9  00007217  RW X
  BCR_CONFIG            41c00000   00000080  00000000  00000080  R   
  BSL_CONFIG            41c00100   00000080  00000000  00000080  R   


SEGMENT ALLOCATION MAP

run origin  load origin   length   init length attrs members
----------  ----------- ---------- ----------- ----- -------
00000000    00000000    00007460   00007460    r-x
  00000000    00000000    000000c0   000000c0    r-- .intvecs
  000000c0    000000c0    000063f0   000063f0    r-x .text
  000064b0    000064b0    00000f10   00000f10    r-- .rodata
  000073c0    000073c0    000000a0   000000a0    r-- .cinit
20200000    20200000    00000bec   00000000    rw-
  20200000    20200000    00000800   00000000    rw- .sysmem
  20200800    20200800    0000021d   00000000    rw- .data
  20200a20    20200a20    000001cc   00000000    rw- .bss
20207e00    20207e00    00000200   00000000    rw-
  20207e00    20207e00    00000200   00000000    rw- .stack


SECTION ALLOCATION MAP

 output                                  attributes/
section   page    origin      length       input sections
--------  ----  ----------  ----------   ----------------
.intvecs   0    00000000    000000c0     
                  00000000    000000c0     startup_mspm0g350x_ticlang.o (.intvecs)

.text      0    000000c0    000063f0     
                  000000c0    000009d0     libc.a : _printfi.c.obj (.text:__TI_printfi)
                  00000a90    000008bc     bsp_mpu6050.o (.text.MPU6050_ReadData)
                  0000134c    00000658     bsp_mpu6050.o (.text.MPU6050_WriteReg)
                  000019a4    00000364     libc.a : e_asin.c.obj (.text.asin)
                  00001d08    000002f8            : s_atan.c.obj (.text.atan)
                  00002000    000002b0     inv_mpu_dmp_motion_driver.o (.text.dmp_enable_feature)
                  000022b0    00000220     libc.a : _printfi.c.obj (.text._pconv_a)
                  000024d0    000001e8     inv_mpu.o (.text.mpu_lp_accel_mode)
                  000026b8    000001dc     libc.a : _printfi.c.obj (.text._pconv_g)
                  00002894    000001c8     inv_mpu.o (.text.mpu_dmp_get_data)
                  00002a5c    000001a8     inv_mpu_dmp_motion_driver.o (.text.dmp_read_fifo)
                  00002c04    00000192     libclang_rt.builtins.a : adddf3.S.obj (.text.adddf3_subdf3)
                  00002d96    00000002     startup_mspm0g350x_ticlang.o (.text.Default_Handler)
                  00002d98    00000188     libc.a : e_atan2.c.obj (.text.atan2)
                  00002f20    00000170            : e_sqrt.c.obj (.text.sqrt)
                  00003090    00000158     inv_mpu.o (.text.mpu_init)
                  000031e8    00000150     inv_mpu.o (.text.mpu_reset_fifo)
                  00003338    00000148     inv_mpu.o (.text.mpu_load_firmware)
                  00003480    0000013c     libc.a : _printfi.c.obj (.text.fcvt)
                  000035bc    00000134     inv_mpu_dmp_motion_driver.o (.text.dmp_set_tap_thresh)
                  000036f0    00000130     bsp_mpu6050.o (.text.MPU6050_Init)
                  00003820    00000120     libc.a : _printfi.c.obj (.text._pconv_e)
                  00003940    00000114            : memory.c.obj (.text.aligned_alloc)
                  00003a54    0000010c     libclang_rt.builtins.a : divdf3.S.obj (.text.__divdf3)
                  00003b60    000000f8     libc.a : fputs.c.obj (.text.fputs)
                  00003c58    000000f8     inv_mpu.o (.text.mpu_set_bypass)
                  00003d50    000000ec     driverlib.a : dl_sysctl_mspm0g1x0x_g3x0x.o (.text.DL_SYSCTL_configSYSPLL)
                  00003e3c    000000ec     inv_mpu_dmp_motion_driver.o (.text.dmp_set_orientation)
                  00003f28    000000e8     libc.a : memory.c.obj (.text.free)
                  00004010    000000e8     inv_mpu.o (.text.mpu_dmp_init)
                  000040f8    000000e4     libclang_rt.builtins.a : muldf3.S.obj (.text.__muldf3)
                  000041dc    000000e4     inv_mpu.o (.text.mpu_set_sample_rate)
                  000042c0    000000e0     libc.a : setvbuf.c.obj (.text.setvbuf)
                  000043a0    000000dc     inv_mpu.o (.text.mpu_set_sensors)
                  0000447c    000000d8     libc.a : s_scalbn.c.obj (.text.scalbn)
                  00004554    000000d8     libclang_rt.builtins.a : addsf3.S.obj (.text)
                  0000462c    000000d0     inv_mpu.o (.text.mpu_set_dmp_state)
                  000046fc    000000c4     empty.o (.text.main)
                  000047c0    000000bc     inv_mpu.o (.text.inv_orientation_matrix_to_scalar)
                  0000487c    000000ac     inv_mpu.o (.text.mpu_configure_fifo)
                  00004928    000000a4     inv_mpu.o (.text.mpu_read_fifo_stream)
                  000049cc    000000a2     libclang_rt.builtins.a : udivmoddi4.S.obj (.text)
                  00004a6e    0000009a     libc.a : memcpy16.S.obj (.text:memcpy)
                  00004b08    0000008c     libclang_rt.builtins.a : mulsf3.S.obj (.text.__mulsf3)
                  00004b94    00000088     inv_mpu.o (.text.mpu_set_accel_fsr)
                  00004c1c    00000004     libc.a : pre_init.c.obj (.text._system_pre_init)
                  00004c20    00000088            : strcmp-armv6m.S.obj (.text:strcmp)
                  00004ca8    00000082     libclang_rt.builtins.a : divsf3.S.obj (.text.__divsf3)
                  00004d2a    00000002                            : aeabi_div0.c.obj (.text.__aeabi_idiv0)
                  00004d2c    0000007c     libc.a : fclose.c.obj (.text.__TI_closefile)
                  00004da8    0000007c            : copy_decompress_lzss.c.obj (.text:decompress:lzss)
                  00004e24    00000074     libclang_rt.builtins.a : comparedf2.c.obj (.text.__gedf2)
                  00004e98    00000008     libc.a : aeabi_portable.c.obj (.text.__aeabi_errno_addr)
                  00004ea0    00000074     libclang_rt.builtins.a : truncdfsf2.S.obj (.text.__truncdfsf2)
                  00004f14    00000074     inv_mpu.o (.text.mpu_set_lpf)
                  00004f88    0000006c     libsysbm.a : hostlseek.c.obj (.text.HOSTlseek)
                  00004ff4    0000006c                : hostrename.c.obj (.text.HOSTrename)
                  00005060    0000006c     libc.a : fseek.c.obj (.text.fseeko)
                  000050cc    0000006c            : getdevice.c.obj (.text.getdevice)
                  00005138    0000006c     inv_mpu.o (.text.mpu_write_mem)
                  000051a4    00000068     libclang_rt.builtins.a : comparedf2.c.obj (.text.__ledf2)
                  0000520c    00000068     inv_mpu_dmp_motion_driver.o (.text.dmp_set_fifo_rate)
                  00005274    00000068     board.o (.text.lc_printf)
                  000052dc    00000066     libc.a : _printfi.c.obj (.text._mcpy)
                  00005342    00000002     libclang_rt.builtins.a : aeabi_div0.c.obj (.text.__aeabi_ldiv0)
                  00005344    00000064     driverlib.a : dl_sysctl_mspm0g1x0x_g3x0x.o (.text.DL_SYSCTL_setHFCLKSourceHFXTParams)
                  000053a8    00000064     ti_msp_dl_config.o (.text.SYSCFG_DL_SYSCTL_init)
                  0000540c    00000064     libc.a : _io_perm.c.obj (.text.__TI_wrt_ok)
                  00005470    00000064            : memory.c.obj (.text.split)
                  000054d4    00000062     libclang_rt.builtins.a : aeabi_dcmp.S.obj (.text.__aeabi_dcmp)
                  00005536    00000062     libc.a : memset16.S.obj (.text:memset)
                  00005598    00000060     libsysbm.a : hostopen.c.obj (.text.HOSTopen)
                  000055f8    00000060     ti_msp_dl_config.o (.text.SYSCFG_DL_UART_0_init)
                  00005658    0000005c     libc.a : s_frexp.c.obj (.text.frexp)
                  000056b4    0000005c            : printf.c.obj (.text.printf)
                  00005710    00000058     libsysbm.a : hostread.c.obj (.text.HOSTread)
                  00005768    00000058                : hostwrite.c.obj (.text.HOSTwrite)
                  000057c0    00000058     libc.a : _ltoa.c.obj (.text.__TI_ltoa)
                  00005818    00000058            : _printfi.c.obj (.text._pconv_f)
                  00005870    00000056     libclang_rt.builtins.a : aeabi_idivmod.S.obj (.text.__aeabi_idivmod)
                  000058c6    00000052     libc.a : fflush.c.obj (.text.__TI_doflush)
                  00005918    00000052            : _printfi.c.obj (.text._ecpy)
                  0000596a    00000002            : _lock.c.obj (.text._nop)
                  0000596c    00000050     libsysbm.a : close.c.obj (.text.close)
                  000059bc    0000004c     driverlib.a : dl_sysctl_mspm0g1x0x_g3x0x.o (.text.DL_SYSCTL_switchMCLKfromSYSOSCtoHSCLK)
                  00005a08    0000004c                 : dl_uart.o (.text.DL_UART_init)
                  00005a54    0000004a     libclang_rt.builtins.a : fixdfsi.S.obj (.text.__fixdfsi)
                  00005a9e    00000002     inv_mpu.o (.text.mget_ms)
                  00005aa0    00000048     libsysbm.a : hostclose.c.obj (.text.HOSTclose)
                  00005ae8    00000048                : hostunlink.c.obj (.text.HOSTunlink)
                  00005b30    00000048     ti_msp_dl_config.o (.text.SYSCFG_DL_GPIO_init)
                  00005b78    00000040     libclang_rt.builtins.a : aeabi_uidivmod.S.obj (.text.__aeabi_uidivmod)
                  00005bb8    00000040                            : extendsfdf2.S.obj (.text.__extendsfdf2)
                  00005bf8    00000040     libc.a : atoi.c.obj (.text.atoi)
                  00005c38    00000040            : vsnprintf.c.obj (.text.vsnprintf)
                  00005c78    0000003c     libclang_rt.builtins.a : floatsisf.S.obj (.text.__floatsisf)
                  00005cb4    0000003c     libc.a : autoinit.c.obj (.text:__TI_auto_init_nobinit_nopinit)
                  00005cf0    0000003a     libclang_rt.builtins.a : muldsi3.S.obj (.text.__muldsi3)
                  00005d2a    00000002     --HOLE-- [fill = 0]
                  00005d2c    00000038                            : fixsfsi.S.obj (.text.__fixsfsi)
                  00005d64    00000034     ti_msp_dl_config.o (.text.SYSCFG_DL_initPower)
                  00005d98    00000034     libc.a : fopen.c.obj (.text.__TI_cleanup)
                  00005dcc    00000034     libsysbm.a : trgmsg.c.obj (.text.__TI_readmsg)
                  00005e00    00000034                : trgmsg.c.obj (.text.__TI_writemsg)
                  00005e34    00000034     libc.a : exit.c.obj (.text.exit)
                  00005e68    00000034            : getdevice.c.obj (.text.finddevice)
                  00005e9c    00000034     inv_mpu.o (.text.mpu_get_accel_fsr)
                  00005ed0    00000030     libc.a : _printfi.c.obj (.text._fcpy)
                  00005f00    00000030            : vsnprintf.c.obj (.text._outs)
                  00005f30    0000002c     libclang_rt.builtins.a : floatsidf.S.obj (.text.__floatsidf)
                  00005f5c    0000002c     libsysbm.a : unlink.c.obj (.text.unlink)
                  00005f88    00000028     driverlib.a : dl_sysctl_mspm0g1x0x_g3x0x.o (.text.DL_Common_updateReg)
                  00005fb0    00000028                 : dl_uart.o (.text.DL_Common_updateReg)
                  00005fd8    00000028     ti_msp_dl_config.o (.text.SYSCFG_DL_SYSCTL_CLK_init)
                  00006000    00000028     libclang_rt.builtins.a : floatunsisf.S.obj (.text.__floatunsisf)
                  00006028    00000028     libc.a : memory.c.obj (.text.free_list_insert)
                  00006050    00000028     libsysbm.a : lseek.c.obj (.text.lseek)
                  00006078    00000028                : write.c.obj (.text.write)
                  000060a0    00000028     libc.a : boot_cortex_m.c.obj (.text:_c_int00_noargs)
                  000060c8    00000024     driverlib.a : dl_uart.o (.text.DL_UART_setClockConfig)
                  000060ec    00000024     libclang_rt.builtins.a : muldi3.S.obj (.text.__muldi3)
                  00006110    00000024     libc.a : fputs.c.obj (.text.puts)
                  00006134    00000022            : memccpy.c.obj (.text.memccpy)
                  00006156    00000002     --HOLE-- [fill = 0]
                  00006158    00000020     driverlib.a : dl_sysctl_mspm0g1x0x_g3x0x.o (.text.DL_CORE_configInstruction)
                  00006178    00000020                 : dl_sysctl_mspm0g1x0x_g3x0x.o (.text.DL_SYSCTL_setHFXTFrequencyRange)
                  00006198    00000020     board.o (.text.fputc)
                  000061b8    0000001e     libclang_rt.builtins.a : ashldi3.S.obj (.text.__ashldi3)
                  000061d6    00000002     --HOLE-- [fill = 0]
                  000061d8    0000001c     inv_mpu_dmp_motion_driver.o (.text.dmp_load_motion_driver_firmware)
                  000061f4    0000001c     libc.a : memory.c.obj (.text.free_list_remove)
                  00006210    00000018     driverlib.a : dl_sysctl_mspm0g1x0x_g3x0x.o (.text.DL_SYSCTL_setHFXTStartupTime)
                  00006228    00000018                 : dl_sysctl_mspm0g1x0x_g3x0x.o (.text.DL_SYSCTL_setHSCLKSource)
                  00006240    00000018     ti_msp_dl_config.o (.text.SYSCFG_DL_init)
                  00006258    00000018     libc.a : vsnprintf.c.obj (.text._outc)
                  00006270    00000016     driverlib.a : dl_uart.o (.text.DL_UART_disable)
                  00006286    00000016     libc.a : copy_zero_init.c.obj (.text:decompress:ZI:__TI_zero_init_nomemset)
                  0000629c    00000014     driverlib.a : dl_common.o (.text.DL_Common_delayCycles)
                  000062b0    00000014                 : dl_sysctl_mspm0g1x0x_g3x0x.o (.text.DL_SYSCTL_disableHFCLKStartupMonitor)
                  000062c4    00000014                 : dl_sysctl_mspm0g1x0x_g3x0x.o (.text.DL_SYSCTL_disableSYSPLL)
                  000062d8    00000014                 : dl_sysctl_mspm0g1x0x_g3x0x.o (.text.DL_SYSCTL_enableHFCLKStartupMonitor)
                  000062ec    00000014     libclang_rt.builtins.a : aeabi_uldivmod.S.obj (.text.__aeabi_uldivmod)
                  00006300    00000014     libc.a : _printfi.c.obj (.text.strchr)
                  00006314    00000012            : copy_decompress_none.c.obj (.text:decompress:none)
                  00006326    00000002     --HOLE-- [fill = 0]
                  00006328    00000010     driverlib.a : dl_sysctl_mspm0g1x0x_g3x0x.o (.text.DL_CORE_getInstructionConfig)
                  00006338    00000010                 : dl_sysctl_mspm0g1x0x_g3x0x.o (.text.DL_SYSCTL_disableHFXT)
                  00006348    00000010     board.o (.text.delay_ms)
                  00006358    00000010     libc.a : wcslen.c.obj (.text.wcslen)
                  00006368    0000000e            : memory.c.obj (.text.OUTLINED_FUNCTION_0)
                  00006376    00000002     --HOLE-- [fill = 0]
                  00006378    0000000e     libclang_rt.builtins.a : aeabi_memset.S.obj (.text.__aeabi_memset)
                  00006386    0000000e     libsysbm.a : hostrename.c.obj (.text.strcpy)
                  00006394    0000000e     libc.a : _printfi.c.obj (.text.strlen)
                  000063a2    0000000e     libsysbm.a : hostrename.c.obj (.text.strlen)
                  000063b0    0000000c     driverlib.a : dl_sysctl_mspm0g1x0x_g3x0x.o (.text.DL_SYSCTL_getClockStatus)
                  000063bc    0000000c     libclang_rt.builtins.a : aeabi_memset.S.obj (.text.__aeabi_memclr)
                  000063c8    0000000c     board.o (.text.delay_us)
                  000063d4    0000000c     libc.a : memory.c.obj (.text.malloc)
                  000063e0    0000000a            : _printfi.c.obj (.text.OUTLINED_FUNCTION_0)
                  000063ea    00000002     --HOLE-- [fill = 0]
                  000063ec    00000010     libclang_rt.builtins.a : adddf3.S.obj (.tramp.__aeabi_dsub.1)
                  000063fc    0000000a     libc.a : e_asin.c.obj (.text.OUTLINED_FUNCTION_0)
                  00006406    00000002     --HOLE-- [fill = 0]
                  00006408    00000010     libclang_rt.builtins.a : muldf3.S.obj (.tramp.__aeabi_dmul.1)
                  00006418    0000000a     libc.a : s_atan.c.obj (.text.OUTLINED_FUNCTION_0)
                  00006422    0000000a            : _printfi.c.obj (.text.OUTLINED_FUNCTION_1)
                  0000642c    0000000a            : e_asin.c.obj (.text.OUTLINED_FUNCTION_1)
                  00006436    0000000a            : e_asin.c.obj (.text.OUTLINED_FUNCTION_3)
                  00006440    00000010     libclang_rt.builtins.a : divdf3.S.obj (.tramp.__aeabi_ddiv.1)
                  00006450    00000008     libc.a : s_atan.c.obj (.text.OUTLINED_FUNCTION_2)
                  00006458    00000008     libclang_rt.builtins.a : aeabi_memcpy.S.obj (.text.__aeabi_memcpy)
                  00006460    00000008     libc.a : printf.c.obj (.text._outc)
                  00006468    00000008            : printf.c.obj (.text._outs)
                  00006470    00000008            : fseek.c.obj (.text.fseek)
                  00006478    00000008     libsysbm.a : remove.c.obj (.text.remove)
                  00006480    00000006     libc.a : s_atan.c.obj (.text.OUTLINED_FUNCTION_1)
                  00006486    00000002     --HOLE-- [fill = 0]
                  00006488    00000010     libclang_rt.builtins.a : adddf3.S.obj (.tramp.__aeabi_dadd.1)
                  00006498    00000006     libc.a : e_asin.c.obj (.text.OUTLINED_FUNCTION_2)
                  0000649e    00000004            : e_asin.c.obj (.text.OUTLINED_FUNCTION_4)
                  000064a2    00000004     startup_mspm0g350x_ticlang.o (.text.Reset_Handler)
                  000064a6    00000004     libc.a : exit.c.obj (.text:abort)
                  000064aa    00000006     --HOLE-- [fill = 0]

.cinit     0    000073c0    000000a0     
                  000073c0    00000076     (.cinit..data.load) [load image, compression = lzss]
                  00007436    00000002     --HOLE-- [fill = 0]
                  00007438    0000000c     (__TI_handler_table)
                  00007444    00000008     (.cinit..bss.load) [load image, compression = zero_init]
                  0000744c    00000010     (__TI_cinit_table)
                  0000745c    00000004     --HOLE-- [fill = 0]

.rodata    0    000064b0    00000f10     
                  000064b0    00000bf6     inv_mpu_dmp_motion_driver.o (.rodata.dmp_memory)
                  000070a6    0000000a     ti_msp_dl_config.o (.rodata.gUART_0Config)
                  000070b0    00000101     libc.a : aeabi_ctype.S.obj (.rodata:__aeabi_ctype_table_)
                  000071b1    0000004c     inv_mpu.o (.rodata.str1.86951135096735097001)
                  000071fd    00000003     inv_mpu_dmp_motion_driver.o (.rodata..L__const.dmp_set_orientation.accel_axes)
                  00007200    00000040     libc.a : s_atan.c.obj (.rodata.cst32)
                  00007240    00000028     ti_msp_dl_config.o (.rodata.gSYSPLLConfig)
                  00007268    00000028     inv_mpu.o (.rodata.test)
                  00007290    00000026     inv_mpu.o (.rodata.str1.103395874119343086721)
                  000072b6    00000026     bsp_mpu6050.o (.rodata.str1.55982887330100160461)
                  000072dc    0000001f     empty.o (.rodata.str1.8167968867256355221)
                  000072fb    0000001d     inv_mpu.o (.rodata.str1.101834096762029400001)
                  00007318    0000001b     inv_mpu.o (.rodata.reg)
                  00007333    00000012     bsp_mpu6050.o (.rodata.str1.3537298796220202421)
                  00007345    00000011     libc.a : _printfi.c.obj (.rodata.str1.103488685894817597201)
                  00007356    00000011            : _printfi.c.obj (.rodata.str1.153638888446227384661)
                  00007367    0000000e     empty.o (.rodata.str1.142855731982211788051)
                  00007375    0000000d     empty.o (.rodata.str1.90710503391206826811)
                  00007382    0000000c     inv_mpu.o (.rodata.hw)
                  0000738e    0000000c     empty.o (.rodata.str1.100506750686581518081)
                  0000739a    0000000c     empty.o (.rodata.str1.147958455504881313061)
                  000073a6    00000009     bsp_mpu6050.o (.rodata.str1.162061767111422103731)
                  000073af    00000008     empty.o (.rodata.str1.176633223477948356601)
                  000073b7    00000003     inv_mpu_dmp_motion_driver.o (.rodata..L__const.dmp_set_orientation.gyro_axes)
                  000073ba    00000002     ti_msp_dl_config.o (.rodata.gUART_0ClockConfig)
                  000073bc    00000002     libc.a : fputs.c.obj (.rodata.str1.166077212684151853901)
                  000073be    00000002     --HOLE-- [fill = 0]

.init_array 
*          0    00000000    00000000     UNINITIALIZED

.binit     0    00000000    00000000     

.sysmem    0    20200000    00000800     UNINITIALIZED
                  20200000    00000010     libc.a : memory.c.obj (.sysmem)
                  20200010    000007f0     --HOLE--

.data      0    20200800    0000021d     UNINITIALIZED
                  20200800    000000f0     libc.a : defs.c.obj (.data._ftable)
                  202008f0    00000078     libsysbm.a : host_device.c.obj (.data._device)
                  20200968    00000050                : host_device.c.obj (.data._stream)
                  202009b8    0000002c     inv_mpu.o (.data.st)
                  202009e4    00000009     inv_mpu.o (.data.gyro_orientation)
                  202009ed    00000001     --HOLE--
                  202009ee    00000001     inv_mpu_dmp_motion_driver.o (.data.dmp.5)
                  202009ef    00000001     --HOLE--
                  202009f0    00000008     libc.a : exit.c.obj (.data..L_MergedGlobals)
                  202009f8    00000004            : defs.c.obj (.data.__TI_ft_end)
                  202009fc    00000004            : aeabi_portable.c.obj (.data.__aeabi_errno)
                  20200a00    00000004            : _lock.c.obj (.data._lock)
                  20200a04    00000004            : _lock.c.obj (.data._unlock)
                  20200a08    00000004     inv_mpu_dmp_motion_driver.o (.data.dmp.0)
                  20200a0c    00000004     inv_mpu_dmp_motion_driver.o (.data.dmp.1)
                  20200a10    00000002     inv_mpu_dmp_motion_driver.o (.data.dmp.2)
                  20200a12    00000002     --HOLE--
                  20200a14    00000002     inv_mpu_dmp_motion_driver.o (.data.dmp.3)
                  20200a16    00000002     --HOLE--
                  20200a18    00000002     inv_mpu_dmp_motion_driver.o (.data.dmp.4)
                  20200a1a    00000002     --HOLE--
                  20200a1c    00000001     libc.a : memory.c.obj (.data.memory_is_initialized)

.bss       0    20200a20    000001cc     UNINITIALIZED
                  20200a20    00000120     libsysbm.a : trgmsg.c.obj (.bss:_CIOBUF_)
                  20200b40    000000a0     libc.a : defs.c.obj (.bss.__TI_tmpnams)
                  20200be0    00000008     libsysbm.a : hostopen.c.obj (.bss.parmbuf)
                  20200be8    00000004     libc.a : memory.c.obj (.bss.sys_free)

.stack     0    20207e00    00000200     UNINITIALIZED
                  20207e00    00000004     libc.a : boot_cortex_m.c.obj (.stack)
                  20207e04    000001fc     --HOLE--

__llvm_prf_cnts 
*          0    20200000    00000000     UNINITIALIZED

__llvm_prf_bits 
*          0    20200000    00000000     UNINITIALIZED

MODULE SUMMARY

       Module                         code    ro data   rw data
       ------                         ----    -------   -------
    .\
       ti_msp_dl_config.o             384     52        0      
       empty.o                        196     90        0      
       startup_mspm0g350x_ticlang.o   6       192       0      
    +--+------------------------------+-------+---------+---------+
       Total:                         586     334       0      
                                                               
    .\BSP\src\
       inv_mpu_dmp_motion_driver.o    1788    3068      15     
       inv_mpu.o                      4026    222       53     
       bsp_mpu6050.o                  4164    65        0      
    +--+------------------------------+-------+---------+---------+
       Total:                         9978    3355      68     
                                                               
    .\Board\
       board.o                        164     0         0      
    +--+------------------------------+-------+---------+---------+
       Total:                         164     0         0      
                                                               
    C:/ti/mspm0_sdk_2_02_00_05/source/ti/driverlib/lib/ticlang/m0p/mspm0g1x0x_g3x0x/driverlib.a
       dl_sysctl_mspm0g1x0x_g3x0x.o   668     0         0      
       dl_uart.o                      174     0         0      
       dl_common.o                    20      0         0      
    +--+------------------------------+-------+---------+---------+
       Total:                         862     0         0      
                                                               
    F:\Ti\CCS\ccs\tools\compiler\ti-cgt-armllvm_4.0.0.LTS\lib\armv6m-ti-none-eabi/c/libc.a
       _printfi.c.obj                 4510    34        0      
       e_asin.c.obj                   908     0         0      
       s_atan.c.obj                   784     64        0      
       memory.c.obj                   702     0         5      
       defs.c.obj                     0       0         404    
       e_atan2.c.obj                  392     0         0      
       e_sqrt.c.obj                   368     0         0      
       fputs.c.obj                    284     2         0      
       aeabi_ctype.S.obj              0       257       0      
       setvbuf.c.obj                  224     0         0      
       s_scalbn.c.obj                 216     0         0      
       getdevice.c.obj                160     0         0      
       memcpy16.S.obj                 154     0         0      
       strcmp-armv6m.S.obj            136     0         0      
       vsnprintf.c.obj                136     0         0      
       copy_decompress_lzss.c.obj     124     0         0      
       fclose.c.obj                   124     0         0      
       fseek.c.obj                    116     0         0      
       printf.c.obj                   108     0         0      
       _io_perm.c.obj                 100     0         0      
       memset16.S.obj                 98      0         0      
       s_frexp.c.obj                  92      0         0      
       _ltoa.c.obj                    88      0         0      
       fflush.c.obj                   82      0         0      
       atoi.c.obj                     64      0         0      
       exit.c.obj                     56      0         8      
       autoinit.c.obj                 60      0         0      
       fopen.c.obj                    52      0         0      
       boot_cortex_m.c.obj            40      0         0      
       memccpy.c.obj                  34      0         0      
       copy_zero_init.c.obj           22      0         0      
       copy_decompress_none.c.obj     18      0         0      
       wcslen.c.obj                   16      0         0      
       aeabi_portable.c.obj           8       0         4      
       _lock.c.obj                    2       0         8      
       pre_init.c.obj                 4       0         0      
    +--+------------------------------+-------+---------+---------+
       Total:                         10282   357       429    
                                                               
    F:\Ti\CCS\ccs\tools\compiler\ti-cgt-armllvm_4.0.0.LTS\lib\armv6m-ti-none-eabi/c/libsysbm.a
       trgmsg.c.obj                   104     0         288    
       host_device.c.obj              0       0         200    
       hostrename.c.obj               136     0         0      
       hostlseek.c.obj                108     0         0      
       hostopen.c.obj                 96      0         8      
       hostread.c.obj                 88      0         0      
       hostwrite.c.obj                88      0         0      
       close.c.obj                    80      0         0      
       hostclose.c.obj                72      0         0      
       hostunlink.c.obj               72      0         0      
       unlink.c.obj                   44      0         0      
       lseek.c.obj                    40      0         0      
       write.c.obj                    40      0         0      
       remove.c.obj                   8       0         0      
    +--+------------------------------+-------+---------+---------+
       Total:                         976     0         496    
                                                               
    F:\Ti\CCS\ccs\tools\compiler\ti-cgt-armllvm_4.0.0.LTS\lib\armv6m-ti-none-eabi/libclang_rt.builtins.a
       adddf3.S.obj                   434     0         0      
       divdf3.S.obj                   284     0         0      
       muldf3.S.obj                   244     0         0      
       comparedf2.c.obj               220     0         0      
       addsf3.S.obj                   216     0         0      
       udivmoddi4.S.obj               162     0         0      
       mulsf3.S.obj                   140     0         0      
       divsf3.S.obj                   130     0         0      
       truncdfsf2.S.obj               116     0         0      
       aeabi_dcmp.S.obj               98      0         0      
       aeabi_idivmod.S.obj            86      0         0      
       fixdfsi.S.obj                  74      0         0      
       aeabi_uidivmod.S.obj           64      0         0      
       extendsfdf2.S.obj              64      0         0      
       floatsisf.S.obj                60      0         0      
       muldsi3.S.obj                  58      0         0      
       fixsfsi.S.obj                  56      0         0      
       floatsidf.S.obj                44      0         0      
       floatunsisf.S.obj              40      0         0      
       muldi3.S.obj                   36      0         0      
       ashldi3.S.obj                  30      0         0      
       aeabi_memset.S.obj             26      0         0      
       aeabi_uldivmod.S.obj           20      0         0      
       aeabi_memcpy.S.obj             8       0         0      
       aeabi_div0.c.obj               4       0         0      
    +--+------------------------------+-------+---------+---------+
       Total:                         2714    0         0      
                                                               
       Heap:                          0       0         2048   
       Stack:                         0       0         512    
       Linker Generated:              0       154       0      
    +--+------------------------------+-------+---------+---------+
       Grand Total:                   25562   4200      3553   


LINKER GENERATED COPY TABLES

__TI_cinit_table @ 0000744c records: 2, size/record: 8, table size: 16
	.data: load addr=000073c0, load size=00000076 bytes, run addr=20200800, run size=0000021d bytes, compression=lzss
	.bss: load addr=00007444, load size=00000008 bytes, run addr=20200a20, run size=000001cc bytes, compression=zero_init


LINKER GENERATED HANDLER TABLE

__TI_handler_table @ 00007438 records: 3, size/record: 4, table size: 12
	index: 0, handler: __TI_decompress_lzss
	index: 1, handler: __TI_decompress_none
	index: 2, handler: __TI_zero_init


FAR CALL TRAMPOLINES

callee name               trampoline name
   callee addr  tramp addr   call addr  call info
--------------  -----------  ---------  ----------------
__aeabi_dsub              $Tramp$TT$L$PI$$__aeabi_dsub
   00002c05     000063ec     000063e8   libc.a : _printfi.c.obj (.text.OUTLINED_FUNCTION_0)
__aeabi_dmul              $Tramp$TT$L$PI$$__aeabi_dmul
   000040f9     00006408     00006404   libc.a : e_asin.c.obj (.text.OUTLINED_FUNCTION_0)
                             00006420          : s_atan.c.obj (.text.OUTLINED_FUNCTION_0)
                             00006434          : e_asin.c.obj (.text.OUTLINED_FUNCTION_1)
                             00006456          : s_atan.c.obj (.text.OUTLINED_FUNCTION_2)
                             0000649c          : e_asin.c.obj (.text.OUTLINED_FUNCTION_2)
__aeabi_ddiv              $Tramp$TT$L$PI$$__aeabi_ddiv
   00003a55     00006440     0000643e   libc.a : e_asin.c.obj (.text.OUTLINED_FUNCTION_3)
__aeabi_dadd              $Tramp$TT$L$PI$$__aeabi_dadd
   00002c0f     00006488     00006484   libc.a : s_atan.c.obj (.text.OUTLINED_FUNCTION_1)
                             000064a0          : e_asin.c.obj (.text.OUTLINED_FUNCTION_4)

[4 trampolines]
[9 trampoline calls]


GLOBAL SYMBOLS: SORTED ALPHABETICALLY BY Name 

address   name                                 
-------   ----                                 
00002d97  ADC0_IRQHandler                      
00002d97  ADC1_IRQHandler                      
00002d97  AES_IRQHandler                       
000064a6  C$$EXIT                              
00005e2d  C$$IO$$                              
00002d97  CANFD0_IRQHandler                    
00002d97  DAC0_IRQHandler                      
0000629d  DL_Common_delayCycles                
00003d51  DL_SYSCTL_configSYSPLL               
00005345  DL_SYSCTL_setHFCLKSourceHFXTParams   
000059bd  DL_SYSCTL_switchMCLKfromSYSOSCtoHSCLK
00005a09  DL_UART_init                         
000060c9  DL_UART_setClockConfig               
00002d97  DMA_IRQHandler                       
00002d97  Default_Handler                      
00002d97  GROUP0_IRQHandler                    
00002d97  GROUP1_IRQHandler                    
00005aa1  HOSTclose                            
00004f89  HOSTlseek                            
00005599  HOSTopen                             
00005711  HOSTread                             
00004ff5  HOSTrename                           
00005ae9  HOSTunlink                           
00005769  HOSTwrite                            
00002d97  HardFault_Handler                    
00002d97  I2C0_IRQHandler                      
00002d97  I2C1_IRQHandler                      
000036f1  MPU6050_Init                         
00000a91  MPU6050_ReadData                     
0000134d  MPU6050_WriteReg                     
00002d97  NMI_Handler                          
00002d97  PendSV_Handler                       
00002d97  RTC_IRQHandler                       
000064a3  Reset_Handler                        
00002d97  SPI0_IRQHandler                      
00002d97  SPI1_IRQHandler                      
00002d97  SVC_Handler                          
00005b31  SYSCFG_DL_GPIO_init                  
00005fd9  SYSCFG_DL_SYSCTL_CLK_init            
000053a9  SYSCFG_DL_SYSCTL_init                
000055f9  SYSCFG_DL_UART_0_init                
00006241  SYSCFG_DL_init                       
00005d65  SYSCFG_DL_initPower                  
00002d97  SysTick_Handler                      
00002d97  TIMA0_IRQHandler                     
00002d97  TIMA1_IRQHandler                     
00002d97  TIMG0_IRQHandler                     
00002d97  TIMG12_IRQHandler                    
00002d97  TIMG6_IRQHandler                     
00002d97  TIMG7_IRQHandler                     
00002d97  TIMG8_IRQHandler                     
00002d97  UART0_IRQHandler                     
00002d97  UART1_IRQHandler                     
00002d97  UART2_IRQHandler                     
00002d97  UART3_IRQHandler                     
20200a20  _CIOBUF_                             
20200a20  __CIOBUF_                            
20208000  __STACK_END                          
00000200  __STACK_SIZE                         
00000800  __SYSMEM_SIZE                        
00000000  __TI_ATRegion0_region_sz             
00000000  __TI_ATRegion0_src_addr              
00000000  __TI_ATRegion0_trg_addr              
00000000  __TI_ATRegion1_region_sz             
00000000  __TI_ATRegion1_src_addr              
00000000  __TI_ATRegion1_trg_addr              
00000000  __TI_ATRegion2_region_sz             
00000000  __TI_ATRegion2_src_addr              
00000000  __TI_ATRegion2_trg_addr              
0000744c  __TI_CINIT_Base                      
0000745c  __TI_CINIT_Limit                     
0000745c  __TI_CINIT_Warm                      
00007438  __TI_Handler_Table_Base              
00007444  __TI_Handler_Table_Limit             
00005cb5  __TI_auto_init_nobinit_nopinit       
00005d99  __TI_cleanup                         
202009f0  __TI_cleanup_ptr                     
00004d2d  __TI_closefile                       
00004da9  __TI_decompress_lzss                 
00006315  __TI_decompress_none                 
000058c7  __TI_doflush                         
202009f4  __TI_dtors_ptr                       
202009f8  __TI_ft_end                          
000057c1  __TI_ltoa                            
ffffffff  __TI_pprof_out_hndl                  
000000c1  __TI_printfi                         
ffffffff  __TI_prof_data_size                  
ffffffff  __TI_prof_data_start                 
00005dcd  __TI_readmsg                         
00000000  __TI_static_base__                   
20200b40  __TI_tmpnams                         
00005e01  __TI_writemsg                        
0000540d  __TI_wrt_ok                          
00006287  __TI_zero_init_nomemset              
00002c0f  __adddf3                             
0000455f  __addsf3                             
000070b0  __aeabi_ctype_table_                 
000070b0  __aeabi_ctype_table_C                
00004ea1  __aeabi_d2f                          
00005a55  __aeabi_d2iz                         
00002c0f  __aeabi_dadd                         
000054d5  __aeabi_dcmpeq                       
00005511  __aeabi_dcmpge                       
00005525  __aeabi_dcmpgt                       
000054fd  __aeabi_dcmple                       
000054e9  __aeabi_dcmplt                       
00003a55  __aeabi_ddiv                         
000040f9  __aeabi_dmul                         
00002c05  __aeabi_dsub                         
202009fc  __aeabi_errno                        
00004e99  __aeabi_errno_addr                   
00005bb9  __aeabi_f2d                          
00005d2d  __aeabi_f2iz                         
0000455f  __aeabi_fadd                         
00004ca9  __aeabi_fdiv                         
00004b09  __aeabi_fmul                         
00004555  __aeabi_fsub                         
00005f31  __aeabi_i2d                          
00005c79  __aeabi_i2f                          
00005871  __aeabi_idiv                         
00004d2b  __aeabi_idiv0                        
00005871  __aeabi_idivmod                      
00005343  __aeabi_ldiv0                        
000061b9  __aeabi_llsl                         
000060ed  __aeabi_lmul                         
000063bd  __aeabi_memclr                       
000063bd  __aeabi_memclr4                      
000063bd  __aeabi_memclr8                      
00006459  __aeabi_memcpy                       
00006459  __aeabi_memcpy4                      
00006459  __aeabi_memcpy8                      
00006379  __aeabi_memset                       
00006379  __aeabi_memset4                      
00006379  __aeabi_memset8                      
00006001  __aeabi_ui2f                         
00005b79  __aeabi_uidiv                        
00005b79  __aeabi_uidivmod                     
000062ed  __aeabi_uldivmod                     
000061b9  __ashldi3                            
ffffffff  __binit__                            
000051a5  __cmpdf2                             
00003a55  __divdf3                             
00004ca9  __divsf3                             
000051a5  __eqdf2                              
00005bb9  __extendsfdf2                        
00005a55  __fixdfsi                            
00005d2d  __fixsfsi                            
00005f31  __floatsidf                          
00005c79  __floatsisf                          
00006001  __floatunsisf                        
00004e25  __gedf2                              
00004e25  __gtdf2                              
000051a5  __ledf2                              
000051a5  __ltdf2                              
UNDEFED   __mpu_init                           
000040f9  __muldf3                             
000060ed  __muldi3                             
00005cf1  __muldsi3                            
00004b09  __mulsf3                             
000051a5  __nedf2                              
20207e00  __stack                              
20200000  __start___llvm_prf_bits              
20200000  __start___llvm_prf_cnts              
20200000  __stop___llvm_prf_bits               
20200000  __stop___llvm_prf_cnts               
00002c05  __subdf3                             
00004555  __subsf3                             
00004ea1  __truncdfsf2                         
000049cd  __udivmoddi4                         
000060a1  _c_int00_noargs                      
202008f0  _device                              
20200800  _ftable                              
20200a00  _lock                                
0000596b  _nop                                 
20200968  _stream                              
20200000  _sys_memory                          
UNDEFED   _system_post_cinit                   
00004c1d  _system_pre_init                     
20200a04  _unlock                              
000064a7  abort                                
00003941  aligned_alloc                        
000019a5  asin                                 
000019a5  asinl                                
00001d09  atan                                 
00002d99  atan2                                
00002d99  atan2l                               
00001d09  atanl                                
00005bf9  atoi                                 
ffffffff  binit                                
0000596d  close                                
00006349  delay_ms                             
000063c9  delay_us                             
00002001  dmp_enable_feature                   
000061d9  dmp_load_motion_driver_firmware      
00002a5d  dmp_read_fifo                        
0000520d  dmp_set_fifo_rate                    
00003e3d  dmp_set_orientation                  
000035bd  dmp_set_tap_thresh                   
00005e35  exit                                 
00005e69  finddevice                           
00006199  fputc                                
00003b61  fputs                                
00003f29  free                                 
00005659  frexp                                
00005659  frexpl                               
00006471  fseek                                
00005061  fseeko                               
000050cd  getdevice                            
00007382  hw                                   
00000000  interruptVectors                     
000047c1  inv_orientation_matrix_to_scalar     
00005275  lc_printf                            
0000447d  ldexp                                
0000447d  ldexpl                               
00006051  lseek                                
000046fd  main                                 
000063d5  malloc                               
00003941  memalign                             
00006135  memccpy                              
00004a6f  memcpy                               
00005537  memset                               
00005a9f  mget_ms                              
0000487d  mpu_configure_fifo                   
00002895  mpu_dmp_get_data                     
00004011  mpu_dmp_init                         
00005e9d  mpu_get_accel_fsr                    
00003091  mpu_init                             
00003339  mpu_load_firmware                    
000024d1  mpu_lp_accel_mode                    
00004929  mpu_read_fifo_stream                 
000031e9  mpu_reset_fifo                       
00004b95  mpu_set_accel_fsr                    
00003c59  mpu_set_bypass                       
0000462d  mpu_set_dmp_state                    
00004f15  mpu_set_lpf                          
000041dd  mpu_set_sample_rate                  
000043a1  mpu_set_sensors                      
00005139  mpu_write_mem                        
20200be0  parmbuf                              
000056b5  printf                               
00006111  puts                                 
00007318  reg                                  
00006479  remove                               
0000447d  scalbn                               
0000447d  scalbnl                              
000042c1  setvbuf                              
00002f21  sqrt                                 
00002f21  sqrtl                                
00004c21  strcmp                               
00007268  test                                 
00005f5d  unlink                               
00005c39  vsnprintf                            
00006359  wcslen                               
00006079  write                                


GLOBAL SYMBOLS: SORTED BY Symbol Address 

address   name                                 
-------   ----                                 
00000000  __TI_ATRegion0_region_sz             
00000000  __TI_ATRegion0_src_addr              
00000000  __TI_ATRegion0_trg_addr              
00000000  __TI_ATRegion1_region_sz             
00000000  __TI_ATRegion1_src_addr              
00000000  __TI_ATRegion1_trg_addr              
00000000  __TI_ATRegion2_region_sz             
00000000  __TI_ATRegion2_src_addr              
00000000  __TI_ATRegion2_trg_addr              
00000000  __TI_static_base__                   
00000000  interruptVectors                     
000000c1  __TI_printfi                         
00000200  __STACK_SIZE                         
00000800  __SYSMEM_SIZE                        
00000a91  MPU6050_ReadData                     
0000134d  MPU6050_WriteReg                     
000019a5  asin                                 
000019a5  asinl                                
00001d09  atan                                 
00001d09  atanl                                
00002001  dmp_enable_feature                   
000024d1  mpu_lp_accel_mode                    
00002895  mpu_dmp_get_data                     
00002a5d  dmp_read_fifo                        
00002c05  __aeabi_dsub                         
00002c05  __subdf3                             
00002c0f  __adddf3                             
00002c0f  __aeabi_dadd                         
00002d97  ADC0_IRQHandler                      
00002d97  ADC1_IRQHandler                      
00002d97  AES_IRQHandler                       
00002d97  CANFD0_IRQHandler                    
00002d97  DAC0_IRQHandler                      
00002d97  DMA_IRQHandler                       
00002d97  Default_Handler                      
00002d97  GROUP0_IRQHandler                    
00002d97  GROUP1_IRQHandler                    
00002d97  HardFault_Handler                    
00002d97  I2C0_IRQHandler                      
00002d97  I2C1_IRQHandler                      
00002d97  NMI_Handler                          
00002d97  PendSV_Handler                       
00002d97  RTC_IRQHandler                       
00002d97  SPI0_IRQHandler                      
00002d97  SPI1_IRQHandler                      
00002d97  SVC_Handler                          
00002d97  SysTick_Handler                      
00002d97  TIMA0_IRQHandler                     
00002d97  TIMA1_IRQHandler                     
00002d97  TIMG0_IRQHandler                     
00002d97  TIMG12_IRQHandler                    
00002d97  TIMG6_IRQHandler                     
00002d97  TIMG7_IRQHandler                     
00002d97  TIMG8_IRQHandler                     
00002d97  UART0_IRQHandler                     
00002d97  UART1_IRQHandler                     
00002d97  UART2_IRQHandler                     
00002d97  UART3_IRQHandler                     
00002d99  atan2                                
00002d99  atan2l                               
00002f21  sqrt                                 
00002f21  sqrtl                                
00003091  mpu_init                             
000031e9  mpu_reset_fifo                       
00003339  mpu_load_firmware                    
000035bd  dmp_set_tap_thresh                   
000036f1  MPU6050_Init                         
00003941  aligned_alloc                        
00003941  memalign                             
00003a55  __aeabi_ddiv                         
00003a55  __divdf3                             
00003b61  fputs                                
00003c59  mpu_set_bypass                       
00003d51  DL_SYSCTL_configSYSPLL               
00003e3d  dmp_set_orientation                  
00003f29  free                                 
00004011  mpu_dmp_init                         
000040f9  __aeabi_dmul                         
000040f9  __muldf3                             
000041dd  mpu_set_sample_rate                  
000042c1  setvbuf                              
000043a1  mpu_set_sensors                      
0000447d  ldexp                                
0000447d  ldexpl                               
0000447d  scalbn                               
0000447d  scalbnl                              
00004555  __aeabi_fsub                         
00004555  __subsf3                             
0000455f  __addsf3                             
0000455f  __aeabi_fadd                         
0000462d  mpu_set_dmp_state                    
000046fd  main                                 
000047c1  inv_orientation_matrix_to_scalar     
0000487d  mpu_configure_fifo                   
00004929  mpu_read_fifo_stream                 
000049cd  __udivmoddi4                         
00004a6f  memcpy                               
00004b09  __aeabi_fmul                         
00004b09  __mulsf3                             
00004b95  mpu_set_accel_fsr                    
00004c1d  _system_pre_init                     
00004c21  strcmp                               
00004ca9  __aeabi_fdiv                         
00004ca9  __divsf3                             
00004d2b  __aeabi_idiv0                        
00004d2d  __TI_closefile                       
00004da9  __TI_decompress_lzss                 
00004e25  __gedf2                              
00004e25  __gtdf2                              
00004e99  __aeabi_errno_addr                   
00004ea1  __aeabi_d2f                          
00004ea1  __truncdfsf2                         
00004f15  mpu_set_lpf                          
00004f89  HOSTlseek                            
00004ff5  HOSTrename                           
00005061  fseeko                               
000050cd  getdevice                            
00005139  mpu_write_mem                        
000051a5  __cmpdf2                             
000051a5  __eqdf2                              
000051a5  __ledf2                              
000051a5  __ltdf2                              
000051a5  __nedf2                              
0000520d  dmp_set_fifo_rate                    
00005275  lc_printf                            
00005343  __aeabi_ldiv0                        
00005345  DL_SYSCTL_setHFCLKSourceHFXTParams   
000053a9  SYSCFG_DL_SYSCTL_init                
0000540d  __TI_wrt_ok                          
000054d5  __aeabi_dcmpeq                       
000054e9  __aeabi_dcmplt                       
000054fd  __aeabi_dcmple                       
00005511  __aeabi_dcmpge                       
00005525  __aeabi_dcmpgt                       
00005537  memset                               
00005599  HOSTopen                             
000055f9  SYSCFG_DL_UART_0_init                
00005659  frexp                                
00005659  frexpl                               
000056b5  printf                               
00005711  HOSTread                             
00005769  HOSTwrite                            
000057c1  __TI_ltoa                            
00005871  __aeabi_idiv                         
00005871  __aeabi_idivmod                      
000058c7  __TI_doflush                         
0000596b  _nop                                 
0000596d  close                                
000059bd  DL_SYSCTL_switchMCLKfromSYSOSCtoHSCLK
00005a09  DL_UART_init                         
00005a55  __aeabi_d2iz                         
00005a55  __fixdfsi                            
00005a9f  mget_ms                              
00005aa1  HOSTclose                            
00005ae9  HOSTunlink                           
00005b31  SYSCFG_DL_GPIO_init                  
00005b79  __aeabi_uidiv                        
00005b79  __aeabi_uidivmod                     
00005bb9  __aeabi_f2d                          
00005bb9  __extendsfdf2                        
00005bf9  atoi                                 
00005c39  vsnprintf                            
00005c79  __aeabi_i2f                          
00005c79  __floatsisf                          
00005cb5  __TI_auto_init_nobinit_nopinit       
00005cf1  __muldsi3                            
00005d2d  __aeabi_f2iz                         
00005d2d  __fixsfsi                            
00005d65  SYSCFG_DL_initPower                  
00005d99  __TI_cleanup                         
00005dcd  __TI_readmsg                         
00005e01  __TI_writemsg                        
00005e2d  C$$IO$$                              
00005e35  exit                                 
00005e69  finddevice                           
00005e9d  mpu_get_accel_fsr                    
00005f31  __aeabi_i2d                          
00005f31  __floatsidf                          
00005f5d  unlink                               
00005fd9  SYSCFG_DL_SYSCTL_CLK_init            
00006001  __aeabi_ui2f                         
00006001  __floatunsisf                        
00006051  lseek                                
00006079  write                                
000060a1  _c_int00_noargs                      
000060c9  DL_UART_setClockConfig               
000060ed  __aeabi_lmul                         
000060ed  __muldi3                             
00006111  puts                                 
00006135  memccpy                              
00006199  fputc                                
000061b9  __aeabi_llsl                         
000061b9  __ashldi3                            
000061d9  dmp_load_motion_driver_firmware      
00006241  SYSCFG_DL_init                       
00006287  __TI_zero_init_nomemset              
0000629d  DL_Common_delayCycles                
000062ed  __aeabi_uldivmod                     
00006315  __TI_decompress_none                 
00006349  delay_ms                             
00006359  wcslen                               
00006379  __aeabi_memset                       
00006379  __aeabi_memset4                      
00006379  __aeabi_memset8                      
000063bd  __aeabi_memclr                       
000063bd  __aeabi_memclr4                      
000063bd  __aeabi_memclr8                      
000063c9  delay_us                             
000063d5  malloc                               
00006459  __aeabi_memcpy                       
00006459  __aeabi_memcpy4                      
00006459  __aeabi_memcpy8                      
00006471  fseek                                
00006479  remove                               
000064a3  Reset_Handler                        
000064a6  C$$EXIT                              
000064a7  abort                                
000070b0  __aeabi_ctype_table_                 
000070b0  __aeabi_ctype_table_C                
00007268  test                                 
00007318  reg                                  
00007382  hw                                   
00007438  __TI_Handler_Table_Base              
00007444  __TI_Handler_Table_Limit             
0000744c  __TI_CINIT_Base                      
0000745c  __TI_CINIT_Limit                     
0000745c  __TI_CINIT_Warm                      
20200000  __start___llvm_prf_bits              
20200000  __start___llvm_prf_cnts              
20200000  __stop___llvm_prf_bits               
20200000  __stop___llvm_prf_cnts               
20200000  _sys_memory                          
20200800  _ftable                              
202008f0  _device                              
20200968  _stream                              
202009f0  __TI_cleanup_ptr                     
202009f4  __TI_dtors_ptr                       
202009f8  __TI_ft_end                          
202009fc  __aeabi_errno                        
20200a00  _lock                                
20200a04  _unlock                              
20200a20  _CIOBUF_                             
20200a20  __CIOBUF_                            
20200b40  __TI_tmpnams                         
20200be0  parmbuf                              
20207e00  __stack                              
20208000  __STACK_END                          
ffffffff  __TI_pprof_out_hndl                  
ffffffff  __TI_prof_data_size                  
ffffffff  __TI_prof_data_start                 
ffffffff  __binit__                            
ffffffff  binit                                
UNDEFED   __mpu_init                           
UNDEFED   _system_post_cinit                   

[254 symbols]
